Archive member included to satisfy reference by file (symbol)

C:/ST/STM32CubeIDE_1.16.0/STM32CubeIDE/plugins/com.st.stm32cube.ide.mcu.externaltools.gnu-tools-for-stm32.12.3.rel1.win32_1.0.200.202406191623/tools/bin/../lib/gcc/arm-none-eabi/12.3.1/../../../../arm-none-eabi/lib/thumb/v6-m/nofp\libc_nano.a(libc_a-exit.o)
                              C:/ST/STM32CubeIDE_1.16.0/STM32CubeIDE/plugins/com.st.stm32cube.ide.mcu.externaltools.gnu-tools-for-stm32.12.3.rel1.win32_1.0.200.202406191623/tools/bin/../lib/gcc/arm-none-eabi/12.3.1/../../../../arm-none-eabi/lib/thumb/v6-m/nofp/crt0.o (exit)
C:/ST/STM32CubeIDE_1.16.0/STM32CubeIDE/plugins/com.st.stm32cube.ide.mcu.externaltools.gnu-tools-for-stm32.12.3.rel1.win32_1.0.200.202406191623/tools/bin/../lib/gcc/arm-none-eabi/12.3.1/../../../../arm-none-eabi/lib/thumb/v6-m/nofp\libc_nano.a(libc_a-findfp.o)
                              C:/ST/STM32CubeIDE_1.16.0/STM32CubeIDE/plugins/com.st.stm32cube.ide.mcu.externaltools.gnu-tools-for-stm32.12.3.rel1.win32_1.0.200.202406191623/tools/bin/../lib/gcc/arm-none-eabi/12.3.1/../../../../arm-none-eabi/lib/thumb/v6-m/nofp\libc_nano.a(libc_a-exit.o) (__stdio_exit_handler)
C:/ST/STM32CubeIDE_1.16.0/STM32CubeIDE/plugins/com.st.stm32cube.ide.mcu.externaltools.gnu-tools-for-stm32.12.3.rel1.win32_1.0.200.202406191623/tools/bin/../lib/gcc/arm-none-eabi/12.3.1/../../../../arm-none-eabi/lib/thumb/v6-m/nofp\libc_nano.a(libc_a-fwalk.o)
                              C:/ST/STM32CubeIDE_1.16.0/STM32CubeIDE/plugins/com.st.stm32cube.ide.mcu.externaltools.gnu-tools-for-stm32.12.3.rel1.win32_1.0.200.202406191623/tools/bin/../lib/gcc/arm-none-eabi/12.3.1/../../../../arm-none-eabi/lib/thumb/v6-m/nofp\libc_nano.a(libc_a-findfp.o) (_fwalk_sglue)
C:/ST/STM32CubeIDE_1.16.0/STM32CubeIDE/plugins/com.st.stm32cube.ide.mcu.externaltools.gnu-tools-for-stm32.12.3.rel1.win32_1.0.200.202406191623/tools/bin/../lib/gcc/arm-none-eabi/12.3.1/../../../../arm-none-eabi/lib/thumb/v6-m/nofp\libc_nano.a(libc_a-stdio.o)
                              C:/ST/STM32CubeIDE_1.16.0/STM32CubeIDE/plugins/com.st.stm32cube.ide.mcu.externaltools.gnu-tools-for-stm32.12.3.rel1.win32_1.0.200.202406191623/tools/bin/../lib/gcc/arm-none-eabi/12.3.1/../../../../arm-none-eabi/lib/thumb/v6-m/nofp\libc_nano.a(libc_a-findfp.o) (__sread)
C:/ST/STM32CubeIDE_1.16.0/STM32CubeIDE/plugins/com.st.stm32cube.ide.mcu.externaltools.gnu-tools-for-stm32.12.3.rel1.win32_1.0.200.202406191623/tools/bin/../lib/gcc/arm-none-eabi/12.3.1/../../../../arm-none-eabi/lib/thumb/v6-m/nofp\libc_nano.a(libc_a-memcmp.o)
                              ./Core/Src/ex_05b_ds_twr_resp/ex_05b_main.o (memcmp)
C:/ST/STM32CubeIDE_1.16.0/STM32CubeIDE/plugins/com.st.stm32cube.ide.mcu.externaltools.gnu-tools-for-stm32.12.3.rel1.win32_1.0.200.202406191623/tools/bin/../lib/gcc/arm-none-eabi/12.3.1/../../../../arm-none-eabi/lib/thumb/v6-m/nofp\libc_nano.a(libc_a-memset.o)
                              C:/ST/STM32CubeIDE_1.16.0/STM32CubeIDE/plugins/com.st.stm32cube.ide.mcu.externaltools.gnu-tools-for-stm32.12.3.rel1.win32_1.0.200.202406191623/tools/bin/../lib/gcc/arm-none-eabi/12.3.1/../../../../arm-none-eabi/lib/thumb/v6-m/nofp/crt0.o (memset)
C:/ST/STM32CubeIDE_1.16.0/STM32CubeIDE/plugins/com.st.stm32cube.ide.mcu.externaltools.gnu-tools-for-stm32.12.3.rel1.win32_1.0.200.202406191623/tools/bin/../lib/gcc/arm-none-eabi/12.3.1/../../../../arm-none-eabi/lib/thumb/v6-m/nofp\libc_nano.a(libc_a-closer.o)
                              C:/ST/STM32CubeIDE_1.16.0/STM32CubeIDE/plugins/com.st.stm32cube.ide.mcu.externaltools.gnu-tools-for-stm32.12.3.rel1.win32_1.0.200.202406191623/tools/bin/../lib/gcc/arm-none-eabi/12.3.1/../../../../arm-none-eabi/lib/thumb/v6-m/nofp\libc_nano.a(libc_a-stdio.o) (_close_r)
C:/ST/STM32CubeIDE_1.16.0/STM32CubeIDE/plugins/com.st.stm32cube.ide.mcu.externaltools.gnu-tools-for-stm32.12.3.rel1.win32_1.0.200.202406191623/tools/bin/../lib/gcc/arm-none-eabi/12.3.1/../../../../arm-none-eabi/lib/thumb/v6-m/nofp\libc_nano.a(libc_a-reent.o)
                              C:/ST/STM32CubeIDE_1.16.0/STM32CubeIDE/plugins/com.st.stm32cube.ide.mcu.externaltools.gnu-tools-for-stm32.12.3.rel1.win32_1.0.200.202406191623/tools/bin/../lib/gcc/arm-none-eabi/12.3.1/../../../../arm-none-eabi/lib/thumb/v6-m/nofp\libc_nano.a(libc_a-closer.o) (errno)
C:/ST/STM32CubeIDE_1.16.0/STM32CubeIDE/plugins/com.st.stm32cube.ide.mcu.externaltools.gnu-tools-for-stm32.12.3.rel1.win32_1.0.200.202406191623/tools/bin/../lib/gcc/arm-none-eabi/12.3.1/../../../../arm-none-eabi/lib/thumb/v6-m/nofp\libc_nano.a(libc_a-impure.o)
                              C:/ST/STM32CubeIDE_1.16.0/STM32CubeIDE/plugins/com.st.stm32cube.ide.mcu.externaltools.gnu-tools-for-stm32.12.3.rel1.win32_1.0.200.202406191623/tools/bin/../lib/gcc/arm-none-eabi/12.3.1/../../../../arm-none-eabi/lib/thumb/v6-m/nofp\libc_nano.a(libc_a-reent.o) (_impure_ptr)
[...]
Memory Configuration

Name             Origin             Length             Attributes
RAM              0x20000000         0x00004000         xrw
FLASH            0x08000000         0x00020000         xr
*default*        0x00000000         0xffffffff

Linker script and memory map

LOAD C:/ST/STM32CubeIDE_1.16.0/STM32CubeIDE/plugins/com.st.stm32cube.ide.mcu.externaltools.gnu-tools-for-stm32.12.3.rel1.win32_1.0.200.202406191623/tools/bin/../lib/gcc/arm-none-eabi/12.3.1/thumb/v6-m/nofp/crti.o
LOAD C:/ST/STM32CubeIDE_1.16.0/STM32CubeIDE/plugins/com.st.stm32cube.ide.mcu.externaltools.gnu-tools-for-stm32.12.3.rel1.win32_1.0.200.202406191623/tools/bin/../lib/gcc/arm-none-eabi/12.3.1/thumb/v6-m/nofp/crtbegin.o
LOAD C:/ST/STM32CubeIDE_1.16.0/STM32CubeIDE/plugins/com.st.stm32cube.ide.mcu.externaltools.gnu-tools-for-stm32.12.3.rel1.win32_1.0.200.202406191623/tools/bin/../lib/gcc/arm-none-eabi/12.3.1/../../../../arm-none-eabi/lib/thumb/v6-m/nofp/crt0.o
LOAD ./Core/Src/ex_01a_simple_tx/ex_01a_main.o
LOAD ./Core/Src/ex_02a_simple_rx/ex_02a_main.o
LOAD ./Core/Src/ex_02e_rx_dbl_buff/ex_02e_main.o
LOAD ./Core/Src/ex_03a_tx_wait_resp/ex_03a_main.o
LOAD ./Core/Src/ex_03b_rx_send_resp/ex_03b_main.o
LOAD ./Core/Src/ex_05a_ds_twr_init/ex_05a_main.o
LOAD ./Core/Src/ex_05b_ds_twr_resp/ex_05b_main.o
LOAD ./Core/Src/main.o
LOAD ./Core/Src/stm32f0xx_hal_msp.o
LOAD ./Core/Src/stm32f0xx_it.o
LOAD ./Core/Src/syscalls.o
LOAD ./Core/Src/sysmem.o
LOAD ./Core/Src/system_stm32f0xx.o
LOAD ./Core/Startup/startup_stm32f072cbtx.o
LOAD ./Drivers/STM32F0xx_HAL_Driver/Src/stm32f0xx_hal.o
LOAD ./Drivers/STM32F0xx_HAL_Driver/Src/stm32f0xx_hal_adc.o
LOAD ./Drivers/STM32F0xx_HAL_Driver/Src/stm32f0xx_hal_adc_ex.o
LOAD ./Drivers/STM32F0xx_HAL_Driver/Src/stm32f0xx_hal_cortex.o
LOAD ./Drivers/STM32F0xx_HAL_Driver/Src/stm32f0xx_hal_dma.o
LOAD ./Drivers/STM32F0xx_HAL_Driver/Src/stm32f0xx_hal_exti.o
LOAD ./Drivers/STM32F0xx_HAL_Driver/Src/stm32f0xx_hal_flash.o
LOAD ./Drivers/STM32F0xx_HAL_Driver/Src/stm32f0xx_hal_flash_ex.o
LOAD ./Drivers/STM32F0xx_HAL_Driver/Src/stm32f0xx_hal_gpio.o
LOAD ./Drivers/STM32F0xx_HAL_Driver/Src/stm32f0xx_hal_i2c.o
LOAD ./Drivers/STM32F0xx_HAL_Driver/Src/stm32f0xx_hal_i2c_ex.o
LOAD ./Drivers/STM32F0xx_HAL_Driver/Src/stm32f0xx_hal_pcd.o
LOAD ./Drivers/STM32F0xx_HAL_Driver/Src/stm32f0xx_hal_pcd_ex.o
LOAD ./Drivers/STM32F0xx_HAL_Driver/Src/stm32f0xx_hal_pwr.o
LOAD ./Drivers/STM32F0xx_HAL_Driver/Src/stm32f0xx_hal_pwr_ex.o
LOAD ./Drivers/STM32F0xx_HAL_Driver/Src/stm32f0xx_hal_rcc.o
LOAD ./Drivers/STM32F0xx_HAL_Driver/Src/stm32f0xx_hal_rcc_ex.o
LOAD ./Drivers/STM32F0xx_HAL_Driver/Src/stm32f0xx_hal_spi.o
LOAD ./Drivers/STM32F0xx_HAL_Driver/Src/stm32f0xx_hal_spi_ex.o
LOAD ./Drivers/STM32F0xx_HAL_Driver/Src/stm32f0xx_hal_tim.o
LOAD ./Drivers/STM32F0xx_HAL_Driver/Src/stm32f0xx_hal_tim_ex.o
LOAD ./Drivers/STM32F0xx_HAL_Driver/Src/stm32f0xx_hal_uart.o
LOAD ./Drivers/STM32F0xx_HAL_Driver/Src/stm32f0xx_hal_uart_ex.o
LOAD ./Drivers/STM32F0xx_HAL_Driver/Src/stm32f0xx_ll_usb.o
LOAD ./Middlewares/ST/STM32_USB_Device_Library/Class/CDC/Src/usbd_cdc.o
LOAD ./Middlewares/ST/STM32_USB_Device_Library/Core/Src/usbd_core.o
LOAD ./Middlewares/ST/STM32_USB_Device_Library/Core/Src/usbd_ctlreq.o
LOAD ./Middlewares/ST/STM32_USB_Device_Library/Core/Src/usbd_ioreq.o
LOAD ./USB_DEVICE/App/usb_device.o
LOAD ./USB_DEVICE/App/usbd_cdc_if.o
LOAD ./USB_DEVICE/App/usbd_desc.o
LOAD ./USB_DEVICE/Target/usbd_conf.o
LOAD ./decadriver/src/deca_device.o
LOAD ./decadriver/src/deca_params_init.o
LOAD ./platform/src/deca_mutex.o
LOAD ./platform/src/deca_range_tables.o
LOAD ./platform/src/deca_sleep.o
LOAD ./platform/src/deca_spi.o
LOAD ./platform/src/port.o
START GROUP
LOAD C:/ST/STM32CubeIDE_1.16.0/STM32CubeIDE/plugins/com.st.stm32cube.ide.mcu.externaltools.gnu-tools-for-stm32.12.3.rel1.win32_1.0.200.202406191623/tools/bin/../lib/gcc/arm-none-eabi/12.3.1/../../../../arm-none-eabi/lib/thumb/v6-m/nofp\libc_nano.a
LOAD C:/ST/STM32CubeIDE_1.16.0/STM32CubeIDE/plugins/com.st.stm32cube.ide.mcu.externaltools.gnu-tools-for-stm32.12.3.rel1.win32_1.0.200.202406191623/tools/bin/../lib/gcc/arm-none-eabi/12.3.1/../../../../arm-none-eabi/lib/thumb/v6-m/nofp\libm.a
END GROUP
START GROUP
LOAD C:/ST/STM32CubeIDE_1.16.0/STM32CubeIDE/plugins/com.st.stm32cube.ide.mcu.externaltools.gnu-tools-for-stm32.12.3.rel1.win32_1.0.200.202406191623/tools/bin/../lib/gcc/arm-none-eabi/12.3.1/thumb/v6-m/nofp\libgcc.a
LOAD C:/ST/STM32CubeIDE_1.16.0/STM32CubeIDE/plugins/com.st.stm32cube.ide.mcu.externaltools.gnu-tools-for-stm32.12.3.rel1.win32_1.0.200.202406191623/tools/bin/../lib/gcc/arm-none-eabi/12.3.1/../../../../arm-none-eabi/lib/thumb/v6-m/nofp\libc_nano.a
END GROUP
START GROUP
LOAD C:/ST/STM32CubeIDE_1.16.0/STM32CubeIDE/plugins/com.st.stm32cube.ide.mcu.externaltools.gnu-tools-for-stm32.12.3.rel1.win32_1.0.200.202406191623/tools/bin/../lib/gcc/arm-none-eabi/12.3.1/thumb/v6-m/nofp\libgcc.a
LOAD C:/ST/STM32CubeIDE_1.16.0/STM32CubeIDE/plugins/com.st.stm32cube.ide.mcu.externaltools.gnu-tools-for-stm32.12.3.rel1.win32_1.0.200.202406191623/tools/bin/../lib/gcc/arm-none-eabi/12.3.1/../../../../arm-none-eabi/lib/thumb/v6-m/nofp\libc_nano.a
LOAD C:/ST/STM32CubeIDE_1.16.0/STM32CubeIDE/plugins/com.st.stm32cube.ide.mcu.externaltools.gnu-tools-for-stm32.12.3.rel1.win32_1.0.200.202406191623/tools/bin/../lib/gcc/arm-none-eabi/12.3.1/../../../../arm-none-eabi/lib/thumb/v6-m/nofp\libnosys.a
END GROUP
START GROUP
LOAD C:/ST/STM32CubeIDE_1.16.0/STM32CubeIDE/plugins/com.st.stm32cube.ide.mcu.externaltools.gnu-tools-for-stm32.12.3.rel1.win32_1.0.200.202406191623/tools/bin/../lib/gcc/arm-none-eabi/12.3.1/thumb/v6-m/nofp\libgcc.a
LOAD C:/ST/STM32CubeIDE_1.16.0/STM32CubeIDE/plugins/com.st.stm32cube.ide.mcu.externaltools.gnu-tools-for-stm32.12.3.rel1.win32_1.0.200.202406191623/tools/bin/../lib/gcc/arm-none-eabi/12.3.1/../../../../arm-none-eabi/lib/thumb/v6-m/nofp\libc_nano.a
LOAD C:/ST/STM32CubeIDE_1.16.0/STM32CubeIDE/plugins/com.st.stm32cube.ide.mcu.externaltools.gnu-tools-for-stm32.12.3.rel1.win32_1.0.200.202406191623/tools/bin/../lib/gcc/arm-none-eabi/12.3.1/../../../../arm-none-eabi/lib/thumb/v6-m/nofp\libnosys.a
END GROUP
LOAD C:/ST/STM32CubeIDE_1.16.0/STM32CubeIDE/plugins/com.st.stm32cube.ide.mcu.externaltools.gnu-tools-for-stm32.12.3.rel1.win32_1.0.200.202406191623/tools/bin/../lib/gcc/arm-none-eabi/12.3.1/thumb/v6-m/nofp/crtend.o
LOAD C:/ST/STM32CubeIDE_1.16.0/STM32CubeIDE/plugins/com.st.stm32cube.ide.mcu.externaltools.gnu-tools-for-stm32.12.3.rel1.win32_1.0.200.202406191623/tools/bin/../lib/gcc/arm-none-eabi/12.3.1/thumb/v6-m/nofp/crtn.o
                0x20004000                        _estack = (ORIGIN (RAM) + LENGTH (RAM))
                0x00000200                        _Min_Heap_Size = 0x200
                0x00000400                        _Min_Stack_Size = 0x400

.isr_vector     0x08000000       0xc0
                0x08000000                        . = ALIGN (0x4)
 *(.isr_vector)
 .isr_vector    0x08000000       0xc0 ./Core/Startup/startup_stm32f072cbtx.o
                0x08000000                g_pfnVectors
                0x080000c0                        . = ALIGN (0x4)

.text           0x080000c0     0xcb10
                0x080000c0                        . = ALIGN (0x4)
 *(.text)
 .text          0x080000c0       0x48 C:/ST/STM32CubeIDE_1.16.0/STM32CubeIDE/plugins/com.st.stm32cube.ide.mcu.externaltools.gnu-tools-for-stm32.12.3.rel1.win32_1.0.200.202406191623/tools/bin/../lib/gcc/arm-none-eabi/12.3.1/thumb/v6-m/nofp/crtbegin.o
 .text          0x08000108      0x114 C:/ST/STM32CubeIDE_1.16.0/STM32CubeIDE/plugins/com.st.stm32cube.ide.mcu.externaltools.gnu-tools-for-stm32.12.3.rel1.win32_1.0.200.202406191623/tools/bin/../lib/gcc/arm-none-eabi/12.3.1/thumb/v6-m/nofp\libgcc.a(_udivsi3.o)
                0x08000108                __aeabi_uidiv
                0x08000108                __udivsi3
                0x08000214                __aeabi_uidivmod
 .text          0x0800021c        0x4 C:/ST/STM32CubeIDE_1.16.0/STM32CubeIDE/plugins/com.st.stm32cube.ide.mcu.externaltools.gnu-tools-for-stm32.12.3.rel1.win32_1.0.200.202406191623/tools/bin/../lib/gcc/arm-none-eabi/12.3.1/thumb/v6-m/nofp\libgcc.a(_dvmd_tls.o)
                0x0800021c                __aeabi_idiv0
                0x0800021c                __aeabi_ldiv0
 .text          0x08000220       0x3c C:/ST/STM32CubeIDE_1.16.0/STM32CubeIDE/plugins/com.st.stm32cube.ide.mcu.externaltools.gnu-tools-for-stm32.12.3.rel1.win32_1.0.200.202406191623/tools/bin/../lib/gcc/arm-none-eabi/12.3.1/thumb/v6-m/nofp\libgcc.a(_fixunsdfsi.o)
                0x08000220                __aeabi_d2uiz
                0x08000220                __fixunsdfsi
 .text          0x0800025c       0x38 C:/ST/STM32CubeIDE_1.16.0/STM32CubeIDE/plugins/com.st.stm32cube.ide.mcu.externaltools.gnu-tools-for-stm32.12.3.rel1.win32_1.0.200.202406191623/tools/bin/../lib/gcc/arm-none-eabi/12.3.1/thumb/v6-m/nofp\libgcc.a(_fixdfdi.o)
                0x0800025c                __fixdfdi
                0x0800025c                __aeabi_d2lz
 .text          0x08000294       0x3c C:/ST/STM32CubeIDE_1.16.0/STM32CubeIDE/plugins/com.st.stm32cube.ide.mcu.externaltools.gnu-tools-for-stm32.12.3.rel1.win32_1.0.200.202406191623/tools/bin/../lib/gcc/arm-none-eabi/12.3.1/thumb/v6-m/nofp\libgcc.a(_fixunsdfdi.o)
                0x08000294                __fixunsdfdi
                0x08000294                __aeabi_d2ulz
 .text          0x080002d0       0x2c C:/ST/STM32CubeIDE_1.16.0/STM32CubeIDE/plugins/com.st.stm32cube.ide.mcu.externaltools.gnu-tools-for-stm32.12.3.rel1.win32_1.0.200.202406191623/tools/bin/../lib/gcc/arm-none-eabi/12.3.1/thumb/v6-m/nofp\libgcc.a(_floatdidf.o)
                0x080002d0                __aeabi_l2d
                0x080002d0                __floatdidf
 .text          0x080002fc      0x6c8 C:/ST/STM32CubeIDE_1.16.0/STM32CubeIDE/plugins/com.st.stm32cube.ide.mcu.externaltools.gnu-tools-for-stm32.12.3.rel1.win32_1.0.200.202406191623/tools/bin/../lib/gcc/arm-none-eabi/12.3.1/thumb/v6-m/nofp\libgcc.a(adddf3.o)
                0x080002fc                __aeabi_dadd
 .text          0x080009c4      0x634 C:/ST/STM32CubeIDE_1.16.0/STM32CubeIDE/plugins/com.st.stm32cube.ide.mcu.externaltools.gnu-tools-for-stm32.12.3.rel1.win32_1.0.200.202406191623/tools/bin/../lib/gcc/arm-none-eabi/12.3.1/thumb/v6-m/nofp\libgcc.a(divdf3.o)
                0x080009c4                __aeabi_ddiv
 .text          0x08000ff8      0x590 C:/ST/STM32CubeIDE_1.16.0/STM32CubeIDE/plugins/com.st.stm32cube.ide.mcu.externaltools.gnu-tools-for-stm32.12.3.rel1.win32_1.0.200.202406191623/tools/bin/../lib/gcc/arm-none-eabi/12.3.1/thumb/v6-m/nofp\libgcc.a(muldf3.o)
                0x08000ff8                __aeabi_dmul
 .text          0x08001588      0x738 C:/ST/STM32CubeIDE_1.16.0/STM32CubeIDE/plugins/com.st.stm32cube.ide.mcu.externaltools.gnu-tools-for-stm32.12.3.rel1.win32_1.0.200.202406191623/tools/bin/../lib/gcc/arm-none-eabi/12.3.1/thumb/v6-m/nofp\libgcc.a(subdf3.o)
                0x08001588                __aeabi_dsub
 .text          0x08001cc0       0x78 C:/ST/STM32CubeIDE_1.16.0/STM32CubeIDE/plugins/com.st.stm32cube.ide.mcu.externaltools.gnu-tools-for-stm32.12.3.rel1.win32_1.0.200.202406191623/tools/bin/../lib/gcc/arm-none-eabi/12.3.1/thumb/v6-m/nofp\libgcc.a(fixdfsi.o)
                0x08001cc0                __aeabi_d2iz
 .text          0x08001d38       0x5c C:/ST/STM32CubeIDE_1.16.0/STM32CubeIDE/plugins/com.st.stm32cube.ide.mcu.externaltools.gnu-tools-for-stm32.12.3.rel1.win32_1.0.200.202406191623/tools/bin/../lib/gcc/arm-none-eabi/12.3.1/thumb/v6-m/nofp\libgcc.a(floatsidf.o)
                0x08001d38                __aeabi_i2d
 .text          0x08001d94       0x48 C:/ST/STM32CubeIDE_1.16.0/STM32CubeIDE/plugins/com.st.stm32cube.ide.mcu.externaltools.gnu-tools-for-stm32.12.3.rel1.win32_1.0.200.202406191623/tools/bin/../lib/gcc/arm-none-eabi/12.3.1/thumb/v6-m/nofp\libgcc.a(floatunsidf.o)
                0x08001d94                __aeabi_ui2d
 .text          0x08001ddc       0x7c C:/ST/STM32CubeIDE_1.16.0/STM32CubeIDE/plugins/com.st.stm32cube.ide.mcu.externaltools.gnu-tools-for-stm32.12.3.rel1.win32_1.0.200.202406191623/tools/bin/../lib/gcc/arm-none-eabi/12.3.1/thumb/v6-m/nofp\libgcc.a(_arm_cmpdf2.o)
                0x08001ddc                __aeabi_cdrcmple
                0x08001dec                __aeabi_cdcmple
                0x08001dec                __aeabi_cdcmpeq
                0x08001dfc                __aeabi_dcmpeq
                0x08001e08                __aeabi_dcmplt
                0x08001e1c                __aeabi_dcmple
                0x08001e30                __aeabi_dcmpgt
                0x08001e44                __aeabi_dcmpge
 .text          0x08001e58       0x3c C:/ST/STM32CubeIDE_1.16.0/STM32CubeIDE/plugins/com.st.stm32cube.ide.mcu.externaltools.gnu-tools-for-stm32.12.3.rel1.win32_1.0.200.202406191623/tools/bin/../lib/gcc/arm-none-eabi/12.3.1/thumb/v6-m/nofp\libgcc.a(_clzsi2.o)
                0x08001e58                __clzsi2
 .text          0x08001e94       0x88 C:/ST/STM32CubeIDE_1.16.0/STM32CubeIDE/plugins/com.st.stm32cube.ide.mcu.externaltools.gnu-tools-for-stm32.12.3.rel1.win32_1.0.200.202406191623/tools/bin/../lib/gcc/arm-none-eabi/12.3.1/thumb/v6-m/nofp\libgcc.a(eqdf2.o)
                0x08001e94                __nedf2
                0x08001e94                __eqdf2
 .text          0x08001f1c       0xe8 C:/ST/STM32CubeIDE_1.16.0/STM32CubeIDE/plugins/com.st.stm32cube.ide.mcu.externaltools.gnu-tools-for-stm32.12.3.rel1.win32_1.0.200.202406191623/tools/bin/../lib/gcc/arm-none-eabi/12.3.1/thumb/v6-m/nofp\libgcc.a(gedf2.o)
                0x08001f1c                __gedf2
                0x08001f1c                __gtdf2
 .text          0x08002004       0xe4 C:/ST/STM32CubeIDE_1.16.0/STM32CubeIDE/plugins/com.st.stm32cube.ide.mcu.externaltools.gnu-tools-for-stm32.12.3.rel1.win32_1.0.200.202406191623/tools/bin/../lib/gcc/arm-none-eabi/12.3.1/thumb/v6-m/nofp\libgcc.a(ledf2.o)
                0x08002004                __ledf2
                0x08002004                __ltdf2
 *(.text*)
 .text.dw_main  0x080020e8      0x374 ./Core/Src/ex_05b_ds_twr_resp/ex_05b_main.o
                0x080020e8                dw_main
 .text.get_tx_timestamp_u64
                0x0800245c       0x74 ./Core/Src/ex_05b_ds_twr_resp/ex_05b_main.o
 .text.get_rx_timestamp_u64
                0x080024d0       0x74 ./Core/Src/ex_05b_ds_twr_resp/ex_05b_main.o
 .text.final_msg_get_ts
                0x08002544       0x48 ./Core/Src/ex_05b_ds_twr_resp/ex_05b_main.o
 .text.main     0x0800258c       0x32 ./Core/Src/main.o
                0x0800258c                main
 *fill*         0x080025be        0x2 
 .text.SystemClock_Config
                0x080025c0       0xe0 ./Core/Src/main.o
                0x080025c0                SystemClock_Config
 .text.MX_ADC_Init
                0x080026a0       0xb8 ./Core/Src/main.o
 .text.MX_SPI1_Init
                0x08002758       0x7c ./Core/Src/main.o
 .text.MX_SPI2_Init
                0x080027d4       0x7c ./Core/Src/main.o
 .text.MX_USART1_UART_Init
                0x08002850       0x60 ./Core/Src/main.o
 .text.MX_GPIO_Init
                0x080028b0      0x190 ./Core/Src/main.o
 .text.Error_Handler
                0x08002a40        0xc ./Core/Src/main.o
                0x08002a40                Error_Handler
 .text.HAL_MspInit
                0x08002a4c       0x58 ./Core/Src/stm32f0xx_hal_msp.o
                0x08002a4c                HAL_MspInit
 .text.HAL_ADC_MspInit
                0x08002aa4       0x8c ./Core/Src/stm32f0xx_hal_msp.o
                0x08002aa4                HAL_ADC_MspInit
 .text.HAL_SPI_MspInit
                0x08002b30      0x144 ./Core/Src/stm32f0xx_hal_msp.o
                0x08002b30                HAL_SPI_MspInit
 .text.HAL_UART_MspInit
                0x08002c74       0x9c ./Core/Src/stm32f0xx_hal_msp.o
                0x08002c74                HAL_UART_MspInit
 .text.NMI_Handler
                0x08002d10        0x8 ./Core/Src/stm32f0xx_it.o
                0x08002d10                NMI_Handler
 .text.HardFault_Handler
                0x08002d18        0x8 ./Core/Src/stm32f0xx_it.o
                0x08002d18                HardFault_Handler
 .text.SVC_Handler
                0x08002d20        0xa ./Core/Src/stm32f0xx_it.o
                0x08002d20                SVC_Handler
 .text.PendSV_Handler
                0x08002d2a        0xa ./Core/Src/stm32f0xx_it.o
                0x08002d2a                PendSV_Handler
 .text.SysTick_Handler
                0x08002d34        0xe ./Core/Src/stm32f0xx_it.o
                0x08002d34                SysTick_Handler
 .text.RCC_CRS_IRQHandler
                0x08002d42        0xa ./Core/Src/stm32f0xx_it.o
                0x08002d42                RCC_CRS_IRQHandler
 .text.EXTI2_3_IRQHandler
                0x08002d4c       0x10 ./Core/Src/stm32f0xx_it.o
                0x08002d4c                EXTI2_3_IRQHandler
 .text.EXTI4_15_IRQHandler
                0x08002d5c       0x10 ./Core/Src/stm32f0xx_it.o
                0x08002d5c                EXTI4_15_IRQHandler
 .text.USB_IRQHandler
                0x08002d6c       0x18 ./Core/Src/stm32f0xx_it.o
                0x08002d6c                USB_IRQHandler
 .text.SystemInit
                0x08002d84        0xa ./Core/Src/system_stm32f0xx.o
                0x08002d84                SystemInit
 *fill*         0x08002d8e        0x2 
 .text.Reset_Handler
                0x08002d90       0x50 ./Core/Startup/startup_stm32f072cbtx.o
                0x08002d90                Reset_Handler
 .text.Default_Handler
                0x08002de0        0x2 ./Core/Startup/startup_stm32f072cbtx.o
                0x08002de0                TIM1_CC_IRQHandler
                0x08002de0                TSC_IRQHandler
                0x08002de0                ADC1_COMP_IRQHandler
                0x08002de0                I2C1_IRQHandler
                0x08002de0                SPI1_IRQHandler
                0x08002de0                TIM6_DAC_IRQHandler
                0x08002de0                USART3_4_IRQHandler
                0x08002de0                I2C2_IRQHandler
                0x08002de0                TIM17_IRQHandler
                0x08002de0                CEC_CAN_IRQHandler
                0x08002de0                RTC_IRQHandler
                0x08002de0                PVD_VDDIO2_IRQHandler
                0x08002de0                DMA1_Channel4_5_6_7_IRQHandler
                0x08002de0                TIM16_IRQHandler
                0x08002de0                TIM3_IRQHandler
                0x08002de0                DMA1_Channel1_IRQHandler
                0x08002de0                Default_Handler
                0x08002de0                TIM14_IRQHandler
                0x08002de0                TIM7_IRQHandler
                0x08002de0                TIM15_IRQHandler
                0x08002de0                EXTI0_1_IRQHandler
                0x08002de0                SPI2_IRQHandler
                0x08002de0                WWDG_IRQHandler
                0x08002de0                TIM2_IRQHandler
                0x08002de0                DMA1_Channel2_3_IRQHandler
                0x08002de0                USART2_IRQHandler
                0x08002de0                FLASH_IRQHandler
                0x08002de0                USART1_IRQHandler
                0x08002de0                TIM1_BRK_UP_TRG_COM_IRQHandler
 *fill*         0x08002de2        0x2 
 .text.HAL_Init
                0x08002de4       0x28 ./Drivers/STM32F0xx_HAL_Driver/Src/stm32f0xx_hal.o
                0x08002de4                HAL_Init
 .text.HAL_InitTick
                0x08002e0c       0x68 ./Drivers/STM32F0xx_HAL_Driver/Src/stm32f0xx_hal.o
                0x08002e0c                HAL_InitTick
 .text.HAL_IncTick
                0x08002e74       0x24 ./Drivers/STM32F0xx_HAL_Driver/Src/stm32f0xx_hal.o
                0x08002e74                HAL_IncTick
 .text.HAL_GetTick
                0x08002e98       0x14 ./Drivers/STM32F0xx_HAL_Driver/Src/stm32f0xx_hal.o
                0x08002e98                HAL_GetTick
 .text.HAL_Delay
                0x08002eac       0x48 ./Drivers/STM32F0xx_HAL_Driver/Src/stm32f0xx_hal.o
                0x08002eac                HAL_Delay
 .text.HAL_ADC_Init
                0x08002ef4      0x280 ./Drivers/STM32F0xx_HAL_Driver/Src/stm32f0xx_hal_adc.o
                0x08002ef4                HAL_ADC_Init
 .text.HAL_ADC_ConfigChannel
                0x08003174      0x21c ./Drivers/STM32F0xx_HAL_Driver/Src/stm32f0xx_hal_adc.o
                0x08003174                HAL_ADC_ConfigChannel
 .text.__NVIC_EnableIRQ
                0x08003390       0x34 ./Drivers/STM32F0xx_HAL_Driver/Src/stm32f0xx_hal_cortex.o
 .text.__NVIC_DisableIRQ
                0x080033c4       0x44 ./Drivers/STM32F0xx_HAL_Driver/Src/stm32f0xx_hal_cortex.o
 .text.__NVIC_SetPriority
                0x08003408       0xdc ./Drivers/STM32F0xx_HAL_Driver/Src/stm32f0xx_hal_cortex.o
 .text.SysTick_Config
                0x080034e4       0x48 ./Drivers/STM32F0xx_HAL_Driver/Src/stm32f0xx_hal_cortex.o
 .text.HAL_NVIC_SetPriority
                0x0800352c       0x2a ./Drivers/STM32F0xx_HAL_Driver/Src/stm32f0xx_hal_cortex.o
                0x0800352c                HAL_NVIC_SetPriority
 .text.HAL_NVIC_EnableIRQ
                0x08003556       0x20 ./Drivers/STM32F0xx_HAL_Driver/Src/stm32f0xx_hal_cortex.o
                0x08003556                HAL_NVIC_EnableIRQ
 .text.HAL_NVIC_DisableIRQ
                0x08003576       0x20 ./Drivers/STM32F0xx_HAL_Driver/Src/stm32f0xx_hal_cortex.o
                0x08003576                HAL_NVIC_DisableIRQ
 .text.HAL_SYSTICK_Config
                0x08003596       0x1a ./Drivers/STM32F0xx_HAL_Driver/Src/stm32f0xx_hal_cortex.o
                0x08003596                HAL_SYSTICK_Config
 .text.HAL_GPIO_Init
                0x080035b0      0x2f0 ./Drivers/STM32F0xx_HAL_Driver/Src/stm32f0xx_hal_gpio.o
                0x080035b0                HAL_GPIO_Init
 .text.HAL_GPIO_ReadPin
                0x080038a0       0x3a ./Drivers/STM32F0xx_HAL_Driver/Src/stm32f0xx_hal_gpio.o
                0x080038a0                HAL_GPIO_ReadPin
 .text.HAL_GPIO_WritePin
                0x080038da       0x3a ./Drivers/STM32F0xx_HAL_Driver/Src/stm32f0xx_hal_gpio.o
                0x080038da                HAL_GPIO_WritePin
 .text.HAL_GPIO_EXTI_IRQHandler
                0x08003914       0x38 ./Drivers/STM32F0xx_HAL_Driver/Src/stm32f0xx_hal_gpio.o
                0x08003914                HAL_GPIO_EXTI_IRQHandler
 .text.HAL_PCD_Init
                0x0800394c      0x1e8 ./Drivers/STM32F0xx_HAL_Driver/Src/stm32f0xx_hal_pcd.o
                0x0800394c                HAL_PCD_Init
 .text.HAL_PCD_Start
                0x08003b34       0x4a ./Drivers/STM32F0xx_HAL_Driver/Src/stm32f0xx_hal_pcd.o
                0x08003b34                HAL_PCD_Start
 *fill*         0x08003b7e        0x2 
 .text.HAL_PCD_IRQHandler
                0x08003b80      0x288 ./Drivers/STM32F0xx_HAL_Driver/Src/stm32f0xx_hal_pcd.o
                0x08003b80                HAL_PCD_IRQHandler
 .text.HAL_PCD_SetAddress
                0x08003e08       0x54 ./Drivers/STM32F0xx_HAL_Driver/Src/stm32f0xx_hal_pcd.o
                0x08003e08                HAL_PCD_SetAddress
 .text.HAL_PCD_EP_Open
                0x08003e5c       0xde ./Drivers/STM32F0xx_HAL_Driver/Src/stm32f0xx_hal_pcd.o
                0x08003e5c                HAL_PCD_EP_Open
 .text.HAL_PCD_EP_Close
                0x08003f3a       0xa2 ./Drivers/STM32F0xx_HAL_Driver/Src/stm32f0xx_hal_pcd.o
                0x08003f3a                HAL_PCD_EP_Close
 .text.HAL_PCD_EP_Receive
                0x08003fdc       0x6e ./Drivers/STM32F0xx_HAL_Driver/Src/stm32f0xx_hal_pcd.o
                0x08003fdc                HAL_PCD_EP_Receive
 .text.HAL_PCD_EP_GetRxCount
                0x0800404a       0x32 ./Drivers/STM32F0xx_HAL_Driver/Src/stm32f0xx_hal_pcd.o
                0x0800404a                HAL_PCD_EP_GetRxCount
 .text.HAL_PCD_EP_Transmit
                0x0800407c       0x78 ./Drivers/STM32F0xx_HAL_Driver/Src/stm32f0xx_hal_pcd.o
                0x0800407c                HAL_PCD_EP_Transmit
 .text.HAL_PCD_EP_SetStall
                0x080040f4       0xb8 ./Drivers/STM32F0xx_HAL_Driver/Src/stm32f0xx_hal_pcd.o
                0x080040f4                HAL_PCD_EP_SetStall
 .text.HAL_PCD_EP_ClrStall
                0x080041ac       0xbc ./Drivers/STM32F0xx_HAL_Driver/Src/stm32f0xx_hal_pcd.o
                0x080041ac                HAL_PCD_EP_ClrStall
 .text.PCD_EP_ISR_Handler
                0x08004268      0x808 ./Drivers/STM32F0xx_HAL_Driver/Src/stm32f0xx_hal_pcd.o
 .text.HAL_PCD_EP_DB_Receive
                0x08004a70      0x238 ./Drivers/STM32F0xx_HAL_Driver/Src/stm32f0xx_hal_pcd.o
 .text.HAL_PCD_EP_DB_Transmit
                0x08004ca8      0x820 ./Drivers/STM32F0xx_HAL_Driver/Src/stm32f0xx_hal_pcd.o
 .text.HAL_PCDEx_PMAConfig
                0x080054c8       0x9c ./Drivers/STM32F0xx_HAL_Driver/Src/stm32f0xx_hal_pcd_ex.o
                0x080054c8                HAL_PCDEx_PMAConfig
 .text.HAL_PCDEx_ActivateLPM
                0x08005564       0x54 ./Drivers/STM32F0xx_HAL_Driver/Src/stm32f0xx_hal_pcd_ex.o
                0x08005564                HAL_PCDEx_ActivateLPM
 .text.HAL_PCDEx_LPM_Callback
                0x080055b8       0x16 ./Drivers/STM32F0xx_HAL_Driver/Src/stm32f0xx_hal_pcd_ex.o
                0x080055b8                HAL_PCDEx_LPM_Callback
 *fill*         0x080055ce        0x2 
 .text.HAL_RCC_OscConfig
                0x080055d0      0x70c ./Drivers/STM32F0xx_HAL_Driver/Src/stm32f0xx_hal_rcc.o
                0x080055d0                HAL_RCC_OscConfig
 .text.HAL_RCC_ClockConfig
                0x08005cdc      0x1b4 ./Drivers/STM32F0xx_HAL_Driver/Src/stm32f0xx_hal_rcc.o
                0x08005cdc                HAL_RCC_ClockConfig
 .text.HAL_RCC_GetSysClockFreq
                0x08005e90       0xe4 ./Drivers/STM32F0xx_HAL_Driver/Src/stm32f0xx_hal_rcc.o
                0x08005e90                HAL_RCC_GetSysClockFreq
 .text.HAL_RCC_GetHCLKFreq
                0x08005f74       0x14 ./Drivers/STM32F0xx_HAL_Driver/Src/stm32f0xx_hal_rcc.o
                0x08005f74                HAL_RCC_GetHCLKFreq
 .text.HAL_RCC_GetPCLK1Freq
                0x08005f88       0x2c ./Drivers/STM32F0xx_HAL_Driver/Src/stm32f0xx_hal_rcc.o
                0x08005f88                HAL_RCC_GetPCLK1Freq
 .text.HAL_RCCEx_PeriphCLKConfig
                0x08005fb4      0x1fc ./Drivers/STM32F0xx_HAL_Driver/Src/stm32f0xx_hal_rcc_ex.o
                0x08005fb4                HAL_RCCEx_PeriphCLKConfig
 .text.HAL_SPI_Init
                0x080061b0      0x170 ./Drivers/STM32F0xx_HAL_Driver/Src/stm32f0xx_hal_spi.o
                0x080061b0                HAL_SPI_Init
 .text.HAL_SPI_Transmit
                0x08006320      0x2be ./Drivers/STM32F0xx_HAL_Driver/Src/stm32f0xx_hal_spi.o
                0x08006320                HAL_SPI_Transmit
 .text.HAL_SPI_GetState
                0x080065de       0x18 ./Drivers/STM32F0xx_HAL_Driver/Src/stm32f0xx_hal_spi.o
                0x080065de                HAL_SPI_GetState
 *fill*         0x080065f6        0x2 
 .text.SPI_WaitFlagStateUntilTimeout
                0x080065f8      0x11c ./Drivers/STM32F0xx_HAL_Driver/Src/stm32f0xx_hal_spi.o
 .text.SPI_WaitFifoStateUntilTimeout
                0x08006714      0x144 ./Drivers/STM32F0xx_HAL_Driver/Src/stm32f0xx_hal_spi.o
 .text.SPI_EndRxTxTransaction
                0x08006858       0x8c ./Drivers/STM32F0xx_HAL_Driver/Src/stm32f0xx_hal_spi.o
 .text.HAL_UART_Init
                0x080068e4       0xa8 ./Drivers/STM32F0xx_HAL_Driver/Src/stm32f0xx_hal_uart.o
                0x080068e4                HAL_UART_Init
 .text.UART_SetConfig
                0x0800698c      0x310 ./Drivers/STM32F0xx_HAL_Driver/Src/stm32f0xx_hal_uart.o
                0x0800698c                UART_SetConfig
 .text.UART_AdvFeatureConfig
                0x08006c9c      0x168 ./Drivers/STM32F0xx_HAL_Driver/Src/stm32f0xx_hal_uart.o
                0x08006c9c                UART_AdvFeatureConfig
 .text.UART_CheckIdleState
                0x08006e04      0x150 ./Drivers/STM32F0xx_HAL_Driver/Src/stm32f0xx_hal_uart.o
                0x08006e04                UART_CheckIdleState
 .text.UART_WaitOnFlagUntilTimeout
                0x08006f54       0xde ./Drivers/STM32F0xx_HAL_Driver/Src/stm32f0xx_hal_uart.o
                0x08006f54                UART_WaitOnFlagUntilTimeout
 *fill*         0x08007032        0x2 
 .text.UART_EndRxTransfer
                0x08007034       0xc8 ./Drivers/STM32F0xx_HAL_Driver/Src/stm32f0xx_hal_uart.o
 .text.USB_EnableGlobalInt
                0x080070fc       0x2c ./Drivers/STM32F0xx_HAL_Driver/Src/stm32f0xx_ll_usb.o
                0x080070fc                USB_EnableGlobalInt
 .text.USB_DisableGlobalInt
                0x08007128       0x34 ./Drivers/STM32F0xx_HAL_Driver/Src/stm32f0xx_ll_usb.o
                0x08007128                USB_DisableGlobalInt
 .text.USB_DevInit
                0x0800715c       0x38 ./Drivers/STM32F0xx_HAL_Driver/Src/stm32f0xx_ll_usb.o
                0x0800715c                USB_DevInit
 .text.USB_ActivateEndpoint
                0x08007194      0x750 ./Drivers/STM32F0xx_HAL_Driver/Src/stm32f0xx_ll_usb.o
                0x08007194                USB_ActivateEndpoint
 .text.USB_DeactivateEndpoint
                0x080078e4      0x380 ./Drivers/STM32F0xx_HAL_Driver/Src/stm32f0xx_ll_usb.o
                0x080078e4                USB_DeactivateEndpoint
 .text.USB_EPStartXfer
                0x08007c64     0x1260 ./Drivers/STM32F0xx_HAL_Driver/Src/stm32f0xx_ll_usb.o
                0x08007c64                USB_EPStartXfer
 .text.USB_EPSetStall
                0x08008ec4       0xa0 ./Drivers/STM32F0xx_HAL_Driver/Src/stm32f0xx_ll_usb.o
                0x08008ec4                USB_EPSetStall
 .text.USB_EPClearStall
                0x08008f64      0x164 ./Drivers/STM32F0xx_HAL_Driver/Src/stm32f0xx_ll_usb.o
                0x08008f64                USB_EPClearStall
 .text.USB_SetDevAddress
                0x080090c8       0x28 ./Drivers/STM32F0xx_HAL_Driver/Src/stm32f0xx_ll_usb.o
                0x080090c8                USB_SetDevAddress
 .text.USB_DevConnect
                0x080090f0       0x2c ./Drivers/STM32F0xx_HAL_Driver/Src/stm32f0xx_ll_usb.o
                0x080090f0                USB_DevConnect
 .text.USB_ReadInterrupts
                0x0800911c       0x1c ./Drivers/STM32F0xx_HAL_Driver/Src/stm32f0xx_ll_usb.o
                0x0800911c                USB_ReadInterrupts
 .text.USB_WritePMA
                0x08009138       0x92 ./Drivers/STM32F0xx_HAL_Driver/Src/stm32f0xx_ll_usb.o
                0x08009138                USB_WritePMA
 .text.USB_ReadPMA
                0x080091ca       0x9e ./Drivers/STM32F0xx_HAL_Driver/Src/stm32f0xx_ll_usb.o
                0x080091ca                USB_ReadPMA
 .text.USBD_CDC_Init
                0x08009268      0x118 ./Middlewares/ST/STM32_USB_Device_Library/Class/CDC/Src/usbd_cdc.o
 .text.USBD_CDC_DeInit
                0x08009380       0x88 ./Middlewares/ST/STM32_USB_Device_Library/Class/CDC/Src/usbd_cdc.o
 .text.USBD_CDC_Setup
                0x08009408      0x190 ./Middlewares/ST/STM32_USB_Device_Library/Class/CDC/Src/usbd_cdc.o
 .text.USBD_CDC_DataIn
                0x08009598       0xb6 ./Middlewares/ST/STM32_USB_Device_Library/Class/CDC/Src/usbd_cdc.o
 .text.USBD_CDC_DataOut
                0x0800964e       0x6a ./Middlewares/ST/STM32_USB_Device_Library/Class/CDC/Src/usbd_cdc.o
 .text.USBD_CDC_EP0_RxReady
                0x080096b8       0x60 ./Middlewares/ST/STM32_USB_Device_Library/Class/CDC/Src/usbd_cdc.o
 .text.USBD_CDC_GetFSCfgDesc
                0x08009718       0x1c ./Middlewares/ST/STM32_USB_Device_Library/Class/CDC/Src/usbd_cdc.o
 .text.USBD_CDC_GetHSCfgDesc
                0x08009734       0x1c ./Middlewares/ST/STM32_USB_Device_Library/Class/CDC/Src/usbd_cdc.o
 .text.USBD_CDC_GetOtherSpeedCfgDesc
                0x08009750       0x1c ./Middlewares/ST/STM32_USB_Device_Library/Class/CDC/Src/usbd_cdc.o
 .text.USBD_CDC_GetDeviceQualifierDescriptor
                0x0800976c       0x1c ./Middlewares/ST/STM32_USB_Device_Library/Class/CDC/Src/usbd_cdc.o
                0x0800976c                USBD_CDC_GetDeviceQualifierDescriptor
 .text.USBD_CDC_RegisterInterface
                0x08009788       0x36 ./Middlewares/ST/STM32_USB_Device_Library/Class/CDC/Src/usbd_cdc.o
                0x08009788                USBD_CDC_RegisterInterface
 .text.USBD_CDC_SetTxBuffer
                0x080097be       0x38 ./Middlewares/ST/STM32_USB_Device_Library/Class/CDC/Src/usbd_cdc.o
                0x080097be                USBD_CDC_SetTxBuffer
 .text.USBD_CDC_SetRxBuffer
                0x080097f6       0x28 ./Middlewares/ST/STM32_USB_Device_Library/Class/CDC/Src/usbd_cdc.o
                0x080097f6                USBD_CDC_SetRxBuffer
 .text.USBD_CDC_TransmitPacket
                0x0800981e       0x6e ./Middlewares/ST/STM32_USB_Device_Library/Class/CDC/Src/usbd_cdc.o
                0x0800981e                USBD_CDC_TransmitPacket
 .text.USBD_CDC_ReceivePacket
                0x0800988c       0x5c ./Middlewares/ST/STM32_USB_Device_Library/Class/CDC/Src/usbd_cdc.o
                0x0800988c                USBD_CDC_ReceivePacket
 .text.USBD_Init
                0x080098e8       0x62 ./Middlewares/ST/STM32_USB_Device_Library/Core/Src/usbd_core.o
                0x080098e8                USBD_Init
 .text.USBD_RegisterClass
                0x0800994a       0x40 ./Middlewares/ST/STM32_USB_Device_Library/Core/Src/usbd_core.o
                0x0800994a                USBD_RegisterClass
 .text.USBD_Start
                0x0800998a       0x1a ./Middlewares/ST/STM32_USB_Device_Library/Core/Src/usbd_core.o
                0x0800998a                USBD_Start
 .text.USBD_RunTestMode
                0x080099a4       0x12 ./Middlewares/ST/STM32_USB_Device_Library/Core/Src/usbd_core.o
                0x080099a4                USBD_RunTestMode
 .text.USBD_SetClassConfig
                0x080099b6       0x4e ./Middlewares/ST/STM32_USB_Device_Library/Core/Src/usbd_core.o
                0x080099b6                USBD_SetClassConfig
 .text.USBD_ClrClassConfig
                0x08009a04       0x2c ./Middlewares/ST/STM32_USB_Device_Library/Core/Src/usbd_core.o
                0x08009a04                USBD_ClrClassConfig
 .text.USBD_LL_SetupStage
                0x08009a30       0xbc ./Middlewares/ST/STM32_USB_Device_Library/Core/Src/usbd_core.o
                0x08009a30                USBD_LL_SetupStage
 .text.USBD_LL_DataOutStage
                0x08009aec      0x104 ./Middlewares/ST/STM32_USB_Device_Library/Core/Src/usbd_core.o
                0x08009aec                USBD_LL_DataOutStage
 .text.USBD_LL_DataInStage
                0x08009bf0      0x17a ./Middlewares/ST/STM32_USB_Device_Library/Core/Src/usbd_core.o
                0x08009bf0                USBD_LL_DataInStage
 .text.USBD_LL_Reset
                0x08009d6a       0x90 ./Middlewares/ST/STM32_USB_Device_Library/Core/Src/usbd_core.o
                0x08009d6a                USBD_LL_Reset
 .text.USBD_LL_SetSpeed
                0x08009dfa       0x20 ./Middlewares/ST/STM32_USB_Device_Library/Core/Src/usbd_core.o
                0x08009dfa                USBD_LL_SetSpeed
 *fill*         0x08009e1a        0x2 
 .text.USBD_LL_Suspend
                0x08009e1c       0x30 ./Middlewares/ST/STM32_USB_Device_Library/Core/Src/usbd_core.o
                0x08009e1c                USBD_LL_Suspend
 .text.USBD_LL_Resume
                0x08009e4c       0x30 ./Middlewares/ST/STM32_USB_Device_Library/Core/Src/usbd_core.o
                0x08009e4c                USBD_LL_Resume
 .text.USBD_LL_SOF
                0x08009e7c       0x3c ./Middlewares/ST/STM32_USB_Device_Library/Core/Src/usbd_core.o
                0x08009e7c                USBD_LL_SOF
 .text.USBD_StdDevReq
                0x08009eb8       0xe4 ./Middlewares/ST/STM32_USB_Device_Library/Core/Src/usbd_ctlreq.o
                0x08009eb8                USBD_StdDevReq
 .text.USBD_StdItfReq
                0x08009f9c       0xae ./Middlewares/ST/STM32_USB_Device_Library/Core/Src/usbd_ctlreq.o
                0x08009f9c                USBD_StdItfReq
 .text.USBD_StdEPReq
                0x0800a04a      0x36c ./Middlewares/ST/STM32_USB_Device_Library/Core/Src/usbd_ctlreq.o
                0x0800a04a                USBD_StdEPReq
 *fill*         0x0800a3b6        0x2 
 .text.USBD_GetDescriptor
                0x0800a3b8      0x364 ./Middlewares/ST/STM32_USB_Device_Library/Core/Src/usbd_ctlreq.o
 .text.USBD_SetAddress
                0x0800a71c       0xa8 ./Middlewares/ST/STM32_USB_Device_Library/Core/Src/usbd_ctlreq.o
 .text.USBD_SetConfig
                0x0800a7c4      0x148 ./Middlewares/ST/STM32_USB_Device_Library/Core/Src/usbd_ctlreq.o
 .text.USBD_GetConfig
                0x0800a90c       0x76 ./Middlewares/ST/STM32_USB_Device_Library/Core/Src/usbd_ctlreq.o
 .text.USBD_GetStatus
                0x0800a982       0x74 ./Middlewares/ST/STM32_USB_Device_Library/Core/Src/usbd_ctlreq.o
 .text.USBD_SetFeature
                0x0800a9f6       0x2c ./Middlewares/ST/STM32_USB_Device_Library/Core/Src/usbd_ctlreq.o
 .text.USBD_ClrFeature
                0x0800aa22       0x4c ./Middlewares/ST/STM32_USB_Device_Library/Core/Src/usbd_ctlreq.o
 .text.USBD_ParseSetupRequest
                0x0800aa6e       0x70 ./Middlewares/ST/STM32_USB_Device_Library/Core/Src/usbd_ctlreq.o
                0x0800aa6e                USBD_ParseSetupRequest
 .text.USBD_CtlError
                0x0800aade       0x26 ./Middlewares/ST/STM32_USB_Device_Library/Core/Src/usbd_ctlreq.o
                0x0800aade                USBD_CtlError
 .text.USBD_GetString
                0x0800ab04       0x9c ./Middlewares/ST/STM32_USB_Device_Library/Core/Src/usbd_ctlreq.o
                0x0800ab04                USBD_GetString
 .text.USBD_GetLen
                0x0800aba0       0x3a ./Middlewares/ST/STM32_USB_Device_Library/Core/Src/usbd_ctlreq.o
 .text.USBD_CtlSendData
                0x0800abda       0x40 ./Middlewares/ST/STM32_USB_Device_Library/Core/Src/usbd_ioreq.o
                0x0800abda                USBD_CtlSendData
 .text.USBD_CtlContinueSendData
                0x0800ac1a       0x26 ./Middlewares/ST/STM32_USB_Device_Library/Core/Src/usbd_ioreq.o
                0x0800ac1a                USBD_CtlContinueSendData
 .text.USBD_CtlPrepareRx
                0x0800ac40       0x48 ./Middlewares/ST/STM32_USB_Device_Library/Core/Src/usbd_ioreq.o
                0x0800ac40                USBD_CtlPrepareRx
 .text.USBD_CtlContinueRx
                0x0800ac88       0x26 ./Middlewares/ST/STM32_USB_Device_Library/Core/Src/usbd_ioreq.o
                0x0800ac88                USBD_CtlContinueRx
 .text.USBD_CtlSendStatus
                0x0800acae       0x28 ./Middlewares/ST/STM32_USB_Device_Library/Core/Src/usbd_ioreq.o
                0x0800acae                USBD_CtlSendStatus
 .text.USBD_CtlReceiveStatus
                0x0800acd6       0x28 ./Middlewares/ST/STM32_USB_Device_Library/Core/Src/usbd_ioreq.o
                0x0800acd6                USBD_CtlReceiveStatus
 *fill*         0x0800acfe        0x2 
 .text.MX_USB_DEVICE_Init
                0x0800ad00       0x68 ./USB_DEVICE/App/usb_device.o
                0x0800ad00                MX_USB_DEVICE_Init
 .text.CDC_Init_FS
                0x0800ad68       0x30 ./USB_DEVICE/App/usbd_cdc_if.o
 .text.CDC_DeInit_FS
                0x0800ad98        0xc ./USB_DEVICE/App/usbd_cdc_if.o
 .text.CDC_Control_FS
                0x0800ada4       0x38 ./USB_DEVICE/App/usbd_cdc_if.o
 .text.CDC_Receive_FS
                0x0800addc       0x2c ./USB_DEVICE/App/usbd_cdc_if.o
 .text.CDC_Transmit_FS
                0x0800ae08       0x60 ./USB_DEVICE/App/usbd_cdc_if.o
                0x0800ae08                CDC_Transmit_FS
 .text.USBD_FS_DeviceDescriptor
                0x0800ae68       0x24 ./USB_DEVICE/App/usbd_desc.o
                0x0800ae68                USBD_FS_DeviceDescriptor
 .text.USBD_FS_LangIDStrDescriptor
                0x0800ae8c       0x24 ./USB_DEVICE/App/usbd_desc.o
                0x0800ae8c                USBD_FS_LangIDStrDescriptor
 .text.USBD_FS_ProductStrDescriptor
                0x0800aeb0       0x44 ./USB_DEVICE/App/usbd_desc.o
                0x0800aeb0                USBD_FS_ProductStrDescriptor
 .text.USBD_FS_ManufacturerStrDescriptor
                0x0800aef4       0x2c ./USB_DEVICE/App/usbd_desc.o
                0x0800aef4                USBD_FS_ManufacturerStrDescriptor
 .text.USBD_FS_SerialStrDescriptor
                0x0800af20       0x28 ./USB_DEVICE/App/usbd_desc.o
                0x0800af20                USBD_FS_SerialStrDescriptor
 .text.USBD_FS_ConfigStrDescriptor
                0x0800af48       0x44 ./USB_DEVICE/App/usbd_desc.o
                0x0800af48                USBD_FS_ConfigStrDescriptor
 .text.USBD_FS_InterfaceStrDescriptor
                0x0800af8c       0x44 ./USB_DEVICE/App/usbd_desc.o
                0x0800af8c                USBD_FS_InterfaceStrDescriptor
 .text.Get_SerialNum
                0x0800afd0       0x5c ./USB_DEVICE/App/usbd_desc.o
 .text.IntToUnicode
                0x0800b02c       0x96 ./USB_DEVICE/App/usbd_desc.o
 *fill*         0x0800b0c2        0x2 
 .text.HAL_PCD_MspInit
                0x0800b0c4       0x50 ./USB_DEVICE/Target/usbd_conf.o
                0x0800b0c4                HAL_PCD_MspInit
 .text.HAL_PCD_SetupStageCallback
                0x0800b114       0x2a ./USB_DEVICE/Target/usbd_conf.o
                0x0800b114                HAL_PCD_SetupStageCallback
 .text.HAL_PCD_DataOutStageCallback
                0x0800b13e       0x42 ./USB_DEVICE/Target/usbd_conf.o
                0x0800b13e                HAL_PCD_DataOutStageCallback
 .text.HAL_PCD_DataInStageCallback
                0x0800b180       0x3c ./USB_DEVICE/Target/usbd_conf.o
                0x0800b180                HAL_PCD_DataInStageCallback
 .text.HAL_PCD_SOFCallback
                0x0800b1bc       0x1e ./USB_DEVICE/Target/usbd_conf.o
                0x0800b1bc                HAL_PCD_SOFCallback
 .text.HAL_PCD_ResetCallback
                0x0800b1da       0x48 ./USB_DEVICE/Target/usbd_conf.o
                0x0800b1da                HAL_PCD_ResetCallback
 *fill*         0x0800b222        0x2 
 .text.HAL_PCD_SuspendCallback
                0x0800b224       0x38 ./USB_DEVICE/Target/usbd_conf.o
                0x0800b224                HAL_PCD_SuspendCallback
 .text.HAL_PCD_ResumeCallback
                0x0800b25c       0x3c ./USB_DEVICE/Target/usbd_conf.o
                0x0800b25c                HAL_PCD_ResumeCallback
 .text.USBD_LL_Init
                0x0800b298       0xc8 ./USB_DEVICE/Target/usbd_conf.o
                0x0800b298                USBD_LL_Init
 .text.USBD_LL_Start
                0x0800b360       0x4a ./USB_DEVICE/Target/usbd_conf.o
                0x0800b360                USBD_LL_Start
 .text.USBD_LL_OpenEP
                0x0800b3aa       0x6e ./USB_DEVICE/Target/usbd_conf.o
                0x0800b3aa                USBD_LL_OpenEP
 .text.USBD_LL_CloseEP
                0x0800b418       0x56 ./USB_DEVICE/Target/usbd_conf.o
                0x0800b418                USBD_LL_CloseEP
 .text.USBD_LL_StallEP
                0x0800b46e       0x56 ./USB_DEVICE/Target/usbd_conf.o
                0x0800b46e                USBD_LL_StallEP
 .text.USBD_LL_ClearStallEP
                0x0800b4c4       0x56 ./USB_DEVICE/Target/usbd_conf.o
                0x0800b4c4                USBD_LL_ClearStallEP
 .text.USBD_LL_IsStallEP
                0x0800b51a       0x60 ./USB_DEVICE/Target/usbd_conf.o
                0x0800b51a                USBD_LL_IsStallEP
 .text.USBD_LL_SetUSBAddress
                0x0800b57a       0x56 ./USB_DEVICE/Target/usbd_conf.o
                0x0800b57a                USBD_LL_SetUSBAddress
 .text.USBD_LL_Transmit
                0x0800b5d0       0x6e ./USB_DEVICE/Target/usbd_conf.o
                0x0800b5d0                USBD_LL_Transmit
 .text.USBD_LL_PrepareReceive
                0x0800b63e       0x6e ./USB_DEVICE/Target/usbd_conf.o
                0x0800b63e                USBD_LL_PrepareReceive
 .text.USBD_LL_GetRxDataSize
                0x0800b6ac       0x2c ./USB_DEVICE/Target/usbd_conf.o
                0x0800b6ac                USBD_LL_GetRxDataSize
 .text.USBD_static_malloc
                0x0800b6d8       0x18 ./USB_DEVICE/Target/usbd_conf.o
                0x0800b6d8                USBD_static_malloc
 .text.USBD_static_free
                0x0800b6f0       0x10 ./USB_DEVICE/Target/usbd_conf.o
                0x0800b6f0                USBD_static_free
 .text.SystemClockConfig_Resume
                0x0800b700        0xe ./USB_DEVICE/Target/usbd_conf.o
 .text.USBD_Get_USB_Status
                0x0800b70e       0x6e ./USB_DEVICE/Target/usbd_conf.o
 .text.dwt_initialise
                0x0800b77c      0x2a8 ./decadriver/src/deca_device.o
                0x0800b77c                dwt_initialise
 .text.dwt_readdevid
                0x0800ba24       0x14 ./decadriver/src/deca_device.o
                0x0800ba24                dwt_readdevid
 .text.dwt_configure
                0x0800ba38      0x348 ./decadriver/src/deca_device.o
                0x0800ba38                dwt_configure
 .text.dwt_setrxantennadelay
                0x0800bd80       0x28 ./decadriver/src/deca_device.o
                0x0800bd80                dwt_setrxantennadelay
 .text.dwt_settxantennadelay
                0x0800bda8       0x22 ./decadriver/src/deca_device.o
                0x0800bda8                dwt_settxantennadelay
 .text.dwt_writetxdata
                0x0800bdca       0x50 ./decadriver/src/deca_device.o
                0x0800bdca                dwt_writetxdata
 *fill*         0x0800be1a        0x2 
 .text.dwt_writetxfctrl
                0x0800be1c       0x48 ./decadriver/src/deca_device.o
                0x0800be1c                dwt_writetxfctrl
 .text.dwt_readrxdata
                0x0800be64       0x32 ./decadriver/src/deca_device.o
                0x0800be64                dwt_readrxdata
 .text.dwt_readtxtimestamp
                0x0800be96       0x1c ./decadriver/src/deca_device.o
                0x0800be96                dwt_readtxtimestamp
 .text.dwt_readrxtimestamp
                0x0800beb2       0x1c ./decadriver/src/deca_device.o
                0x0800beb2                dwt_readrxtimestamp
 .text.dwt_writetodevice
                0x0800bece       0xc2 ./decadriver/src/deca_device.o
                0x0800bece                dwt_writetodevice
 .text.dwt_readfromdevice
                0x0800bf90       0xb8 ./decadriver/src/deca_device.o
                0x0800bf90                dwt_readfromdevice
 .text.dwt_read32bitoffsetreg
                0x0800c048       0x4e ./decadriver/src/deca_device.o
                0x0800c048                dwt_read32bitoffsetreg
 .text.dwt_read16bitoffsetreg
                0x0800c096       0x46 ./decadriver/src/deca_device.o
                0x0800c096                dwt_read16bitoffsetreg
 .text.dwt_read8bitoffsetreg
                0x0800c0dc       0x28 ./decadriver/src/deca_device.o
                0x0800c0dc                dwt_read8bitoffsetreg
 .text.dwt_write8bitoffsetreg
                0x0800c104       0x26 ./decadriver/src/deca_device.o
                0x0800c104                dwt_write8bitoffsetreg
 .text.dwt_write16bitoffsetreg
                0x0800c12a       0x40 ./decadriver/src/deca_device.o
                0x0800c12a                dwt_write16bitoffsetreg
 .text.dwt_write32bitoffsetreg
                0x0800c16a       0x4e ./decadriver/src/deca_device.o
                0x0800c16a                dwt_write32bitoffsetreg
 .text._dwt_otpread
                0x0800c1b8       0x44 ./decadriver/src/deca_device.o
                0x0800c1b8                _dwt_otpread
 .text._dwt_aonarrayupload
                0x0800c1fc       0x1e ./decadriver/src/deca_device.o
                0x0800c1fc                _dwt_aonarrayupload
 *fill*         0x0800c21a        0x2 
 .text._dwt_configlde
                0x0800c21c       0x4c ./decadriver/src/deca_device.o
                0x0800c21c                _dwt_configlde
 .text._dwt_loaducodefromrom
                0x0800c268       0x2a ./decadriver/src/deca_device.o
                0x0800c268                _dwt_loaducodefromrom
 *fill*         0x0800c292        0x2 
 .text._dwt_enableclocks
                0x0800c294      0x140 ./decadriver/src/deca_device.o
                0x0800c294                _dwt_enableclocks
 .text._dwt_disablesequencing
                0x0800c3d4       0x1a ./decadriver/src/deca_device.o
                0x0800c3d4                _dwt_disablesequencing
 *fill*         0x0800c3ee        0x2 
 .text.dwt_starttx
                0x0800c3f0       0xbc ./decadriver/src/deca_device.o
                0x0800c3f0                dwt_starttx
 .text.dwt_forcetrxoff
                0x0800c4ac       0x6c ./decadriver/src/deca_device.o
                0x0800c4ac                dwt_forcetrxoff
 .text.dwt_syncrxbufptrs
                0x0800c518       0x38 ./decadriver/src/deca_device.o
                0x0800c518                dwt_syncrxbufptrs
 .text.dwt_rxenable
                0x0800c550       0x90 ./decadriver/src/deca_device.o
                0x0800c550                dwt_rxenable
 .text.dwt_setrxtimeout
                0x0800c5e0       0xa0 ./decadriver/src/deca_device.o
                0x0800c5e0                dwt_setrxtimeout
 .text.dwt_rxreset
                0x0800c680       0x1e ./decadriver/src/deca_device.o
                0x0800c680                dwt_rxreset
 *fill*         0x0800c69e        0x2 
 .text.dwt_softreset
                0x0800c6a0       0x4c ./decadriver/src/deca_device.o
                0x0800c6a0                dwt_softreset
 .text.dwt_setxtaltrim
                0x0800c6ec       0x3a ./decadriver/src/deca_device.o
                0x0800c6ec                dwt_setxtaltrim
 .text.decamutexon
                0x0800c726       0x22 ./platform/src/deca_mutex.o
                0x0800c726                decamutexon
 .text.decamutexoff
                0x0800c748       0x1a ./platform/src/deca_mutex.o
                0x0800c748                decamutexoff
 .text.deca_sleep
                0x0800c762       0x18 ./platform/src/deca_sleep.o
                0x0800c762                deca_sleep
 *fill*         0x0800c77a        0x2 
 .text.writetospi
                0x0800c77c       0x70 ./platform/src/deca_spi.o
                0x0800c77c                writetospi
 .text.readfromspi
                0x0800c7ec       0xa0 ./platform/src/deca_spi.o
                0x0800c7ec                readfromspi
 .text.__NVIC_EnableIRQ
                0x0800c88c       0x34 ./platform/src/port.o
 .text.__NVIC_DisableIRQ
                0x0800c8c0       0x44 ./platform/src/port.o
 .text.usleep   0x0800c904       0x52 ./platform/src/port.o
                0x0800c904                usleep
 .text.Sleep    0x0800c956       0x18 ./platform/src/port.o
                0x0800c956                Sleep
 *fill*         0x0800c96e        0x2 
 .text.EXTI_GetITEnStatus
                0x0800c970       0x34 ./platform/src/port.o
                0x0800c970                EXTI_GetITEnStatus
 .text.reset_DW1000
                0x0800c9a4       0x4e ./platform/src/port.o
                0x0800c9a4                reset_DW1000
 .text.setup_DW1000RSTnIRQ
                0x0800c9f2       0x88 ./platform/src/port.o
                0x0800c9f2                setup_DW1000RSTnIRQ
 *fill*         0x0800ca7a        0x2 
 .text.port_set_dw1000_slowrate
                0x0800ca7c       0x1c ./platform/src/port.o
                0x0800ca7c                port_set_dw1000_slowrate
 .text.port_set_dw1000_fastrate
                0x0800ca98       0x1c ./platform/src/port.o
                0x0800ca98                port_set_dw1000_fastrate
 .text.HAL_GPIO_EXTI_Callback
                0x0800cab4       0x20 ./platform/src/port.o
                0x0800cab4                HAL_GPIO_EXTI_Callback
 .text.process_deca_irq
                0x0800cad4       0x20 ./platform/src/port.o
                0x0800cad4                process_deca_irq
 .text.port_DisableEXT_IRQ
                0x0800caf4       0x10 ./platform/src/port.o
                0x0800caf4                port_DisableEXT_IRQ
 .text.port_EnableEXT_IRQ
                0x0800cb04       0x10 ./platform/src/port.o
                0x0800cb04                port_EnableEXT_IRQ
 .text.port_GetEXT_IRQStatus
                0x0800cb14       0x12 ./platform/src/port.o
                0x0800cb14                port_GetEXT_IRQStatus
 *fill*         0x0800cb26        0x2 
 .text.port_CheckEXT_IRQ
                0x0800cb28       0x1c ./platform/src/port.o
                0x0800cb28                port_CheckEXT_IRQ
 .text.memcmp   0x0800cb44       0x1c C:/ST/STM32CubeIDE_1.16.0/STM32CubeIDE/plugins/com.st.stm32cube.ide.mcu.externaltools.gnu-tools-for-stm32.12.3.rel1.win32_1.0.200.202406191623/tools/bin/../lib/gcc/arm-none-eabi/12.3.1/../../../../arm-none-eabi/lib/thumb/v6-m/nofp\libc_nano.a(libc_a-memcmp.o)
                0x0800cb44                memcmp
 .text.memset   0x0800cb60       0x10 C:/ST/STM32CubeIDE_1.16.0/STM32CubeIDE/plugins/com.st.stm32cube.ide.mcu.externaltools.gnu-tools-for-stm32.12.3.rel1.win32_1.0.200.202406191623/tools/bin/../lib/gcc/arm-none-eabi/12.3.1/../../../../arm-none-eabi/lib/thumb/v6-m/nofp\libc_nano.a(libc_a-memset.o)
                0x0800cb60                memset
 .text.__libc_init_array
                0x0800cb70       0x48 C:/ST/STM32CubeIDE_1.16.0/STM32CubeIDE/plugins/com.st.stm32cube.ide.mcu.externaltools.gnu-tools-for-stm32.12.3.rel1.win32_1.0.200.202406191623/tools/bin/../lib/gcc/arm-none-eabi/12.3.1/../../../../arm-none-eabi/lib/thumb/v6-m/nofp\libc_nano.a(libc_a-init.o)
                0x0800cb70                __libc_init_array
 *(.glue_7)
 .glue_7        0x0800cbb8        0x0 linker stubs
 *(.glue_7t)
 .glue_7t       0x0800cbb8        0x0 linker stubs
 *(.eh_frame)
 .eh_frame      0x0800cbb8        0x0 C:/ST/STM32CubeIDE_1.16.0/STM32CubeIDE/plugins/com.st.stm32cube.ide.mcu.externaltools.gnu-tools-for-stm32.12.3.rel1.win32_1.0.200.202406191623/tools/bin/../lib/gcc/arm-none-eabi/12.3.1/thumb/v6-m/nofp/crtbegin.o
 *(.init)
 .init          0x0800cbb8        0x4 C:/ST/STM32CubeIDE_1.16.0/STM32CubeIDE/plugins/com.st.stm32cube.ide.mcu.externaltools.gnu-tools-for-stm32.12.3.rel1.win32_1.0.200.202406191623/tools/bin/../lib/gcc/arm-none-eabi/12.3.1/thumb/v6-m/nofp/crti.o
                0x0800cbb8                _init
 .init          0x0800cbbc        0x8 C:/ST/STM32CubeIDE_1.16.0/STM32CubeIDE/plugins/com.st.stm32cube.ide.mcu.externaltools.gnu-tools-for-stm32.12.3.rel1.win32_1.0.200.202406191623/tools/bin/../lib/gcc/arm-none-eabi/12.3.1/thumb/v6-m/nofp/crtn.o
 *(.fini)
 .fini          0x0800cbc4        0x4 C:/ST/STM32CubeIDE_1.16.0/STM32CubeIDE/plugins/com.st.stm32cube.ide.mcu.externaltools.gnu-tools-for-stm32.12.3.rel1.win32_1.0.200.202406191623/tools/bin/../lib/gcc/arm-none-eabi/12.3.1/thumb/v6-m/nofp/crti.o
                0x0800cbc4                _fini
 .fini          0x0800cbc8        0x8 C:/ST/STM32CubeIDE_1.16.0/STM32CubeIDE/plugins/com.st.stm32cube.ide.mcu.externaltools.gnu-tools-for-stm32.12.3.rel1.win32_1.0.200.202406191623/tools/bin/../lib/gcc/arm-none-eabi/12.3.1/thumb/v6-m/nofp/crtn.o
                0x0800cbd0                        . = ALIGN (0x4)
                0x0800cbd0                        _etext = .

.vfp11_veneer   0x0800cbd0        0x0
 .vfp11_veneer  0x0800cbd0        0x0 linker stubs

.v4_bx          0x0800cbd0        0x0
 .v4_bx         0x0800cbd0        0x0 linker stubs

.iplt           0x0800cbd0        0x0
 .iplt          0x0800cbd0        0x0 C:/ST/STM32CubeIDE_1.16.0/STM32CubeIDE/plugins/com.st.stm32cube.ide.mcu.externaltools.gnu-tools-for-stm32.12.3.rel1.win32_1.0.200.202406191623/tools/bin/../lib/gcc/arm-none-eabi/12.3.1/thumb/v6-m/nofp/crtbegin.o

.rodata         0x0800cbd0      0x2a0
                0x0800cbd0                        . = ALIGN (0x4)
 *(.rodata)
 .rodata        0x0800cbd0       0x46 ./USB_DEVICE/App/usbd_desc.o
 *fill*         0x0800cc16        0x2 
 .rodata        0x0800cc18       0x40 C:/ST/STM32CubeIDE_1.16.0/STM32CubeIDE/plugins/com.st.stm32cube.ide.mcu.externaltools.gnu-tools-for-stm32.12.3.rel1.win32_1.0.200.202406191623/tools/bin/../lib/gcc/arm-none-eabi/12.3.1/thumb/v6-m/nofp\libgcc.a(divdf3.o)
 *(.rodata*)
 .rodata.AHBPrescTable
                0x0800cc58       0x10 ./Core/Src/system_stm32f0xx.o
                0x0800cc58                AHBPrescTable
 .rodata.APBPrescTable
                0x0800cc68        0x8 ./Core/Src/system_stm32f0xx.o
                0x0800cc68                APBPrescTable
 .rodata.aPLLMULFactorTable.1
                0x0800cc70       0x10 ./Drivers/STM32F0xx_HAL_Driver/Src/stm32f0xx_hal_rcc.o
 .rodata.aPredivFactorTable.0
                0x0800cc80       0x10 ./Drivers/STM32F0xx_HAL_Driver/Src/stm32f0xx_hal_rcc.o
 .rodata.USBD_StdDevReq
                0x0800cc90       0x28 ./Middlewares/ST/STM32_USB_Device_Library/Core/Src/usbd_ctlreq.o
 .rodata.USBD_GetDescriptor
                0x0800ccb8       0x38 ./Middlewares/ST/STM32_USB_Device_Library/Core/Src/usbd_ctlreq.o
 .rodata.CDC_Control_FS
                0x0800ccf0       0x90 ./USB_DEVICE/App/usbd_cdc_if.o
 .rodata._dwt_enableclocks
                0x0800cd80       0x3c ./decadriver/src/deca_device.o
 .rodata.chan_idx
                0x0800cdbc        0x8 ./decadriver/src/deca_params_init.o
                0x0800cdbc                chan_idx
 .rodata.tx_config
                0x0800cdc4       0x18 ./decadriver/src/deca_params_init.o
                0x0800cdc4                tx_config
 .rodata.fs_pll_cfg
                0x0800cddc       0x18 ./decadriver/src/deca_params_init.o
                0x0800cddc                fs_pll_cfg
 .rodata.fs_pll_tune
                0x0800cdf4        0x6 ./decadriver/src/deca_params_init.o
                0x0800cdf4                fs_pll_tune
 *fill*         0x0800cdfa        0x2 
 .rodata.rx_config
                0x0800cdfc        0x2 ./decadriver/src/deca_params_init.o
                0x0800cdfc                rx_config
 *fill*         0x0800cdfe        0x2 
 .rodata.agc_config
                0x0800ce00        0x8 ./decadriver/src/deca_params_init.o
                0x0800ce00                agc_config
 .rodata.dwnsSFDlen
                0x0800ce08        0x3 ./decadriver/src/deca_params_init.o
                0x0800ce08                dwnsSFDlen
 *fill*         0x0800ce0b        0x1 
 .rodata.sftsh  0x0800ce0c        0xc ./decadriver/src/deca_params_init.o
                0x0800ce0c                sftsh
 .rodata.dtune1
                0x0800ce18        0x4 ./decadriver/src/deca_params_init.o
                0x0800ce18                dtune1
 .rodata.digital_bb_config
                0x0800ce1c       0x20 ./decadriver/src/deca_params_init.o
                0x0800ce1c                digital_bb_config
 .rodata.lde_replicaCoeff
                0x0800ce3c       0x32 ./decadriver/src/deca_params_init.o
                0x0800ce3c                lde_replicaCoeff
                0x0800ce70                        . = ALIGN (0x4)
 *fill*         0x0800ce6e        0x2 

.ARM.extab      0x0800ce70        0x0
                0x0800ce70                        . = ALIGN (0x4)
 *(.ARM.extab* .gnu.linkonce.armextab.*)
                0x0800ce70                        . = ALIGN (0x4)

.ARM            0x0800ce70        0x0
                0x0800ce70                        . = ALIGN (0x4)
                0x0800ce70                        __exidx_start = .
 *(.ARM.exidx*)
                0x0800ce70                        __exidx_end = .
                0x0800ce70                        . = ALIGN (0x4)

.preinit_array  0x0800ce70        0x0
                0x0800ce70                        . = ALIGN (0x4)
                0x0800ce70                        PROVIDE (__preinit_array_start = .)
 *(.preinit_array*)
                0x0800ce70                        PROVIDE (__preinit_array_end = .)
                0x0800ce70                        . = ALIGN (0x4)

.init_array     0x0800ce70        0x4
                0x0800ce70                        . = ALIGN (0x4)
                0x0800ce70                        PROVIDE (__init_array_start = .)
 *(SORT_BY_NAME(.init_array.*))
 *(.init_array*)
 .init_array    0x0800ce70        0x4 C:/ST/STM32CubeIDE_1.16.0/STM32CubeIDE/plugins/com.st.stm32cube.ide.mcu.externaltools.gnu-tools-for-stm32.12.3.rel1.win32_1.0.200.202406191623/tools/bin/../lib/gcc/arm-none-eabi/12.3.1/thumb/v6-m/nofp/crtbegin.o
                0x0800ce74                        PROVIDE (__init_array_end = .)
                0x0800ce74                        . = ALIGN (0x4)

.fini_array     0x0800ce74        0x4
                0x0800ce74                        . = ALIGN (0x4)
                [!provide]                        PROVIDE (__fini_array_start = .)
 *(SORT_BY_NAME(.fini_array.*))
 *(.fini_array*)
 .fini_array    0x0800ce74        0x4 C:/ST/STM32CubeIDE_1.16.0/STM32CubeIDE/plugins/com.st.stm32cube.ide.mcu.externaltools.gnu-tools-for-stm32.12.3.rel1.win32_1.0.200.202406191623/tools/bin/../lib/gcc/arm-none-eabi/12.3.1/thumb/v6-m/nofp/crtbegin.o
                [!provide]                        PROVIDE (__fini_array_end = .)
                0x0800ce78                        . = ALIGN (0x4)
                0x0800ce78                        _sidata = LOADADDR (.data)

.rel.dyn        0x0800ce78        0x0
 .rel.iplt      0x0800ce78        0x0 C:/ST/STM32CubeIDE_1.16.0/STM32CubeIDE/plugins/com.st.stm32cube.ide.mcu.externaltools.gnu-tools-for-stm32.12.3.rel1.win32_1.0.200.202406191623/tools/bin/../lib/gcc/arm-none-eabi/12.3.1/thumb/v6-m/nofp/crtbegin.o

.data           0x20000000      0x1c0 load address 0x0800ce78
                0x20000000                        . = ALIGN (0x4)
                0x20000000                        _sdata = .
 *(.data)
 *(.data*)
 .data.config   0x20000000        0xc ./Core/Src/ex_05b_ds_twr_resp/ex_05b_main.o
 .data.rx_poll_msg
                0x2000000c        0xc ./Core/Src/ex_05b_ds_twr_resp/ex_05b_main.o
 .data.tx_resp_msg
                0x20000018        0xf ./Core/Src/ex_05b_ds_twr_resp/ex_05b_main.o
 *fill*         0x20000027        0x1 
 .data.rx_final_msg
                0x20000028       0x18 ./Core/Src/ex_05b_ds_twr_resp/ex_05b_main.o
 .data.SystemCoreClock
                0x20000040        0x4 ./Core/Src/system_stm32f0xx.o
                0x20000040                SystemCoreClock
 .data.uwTickPrio
                0x20000044        0x4 ./Drivers/STM32F0xx_HAL_Driver/Src/stm32f0xx_hal.o
                0x20000044                uwTickPrio
 .data.uwTickFreq
                0x20000048        0x1 ./Drivers/STM32F0xx_HAL_Driver/Src/stm32f0xx_hal.o
                0x20000048                uwTickFreq
 *fill*         0x20000049        0x3 
 .data.USBD_CDC_DeviceQualifierDesc
                0x2000004c        0xa ./Middlewares/ST/STM32_USB_Device_Library/Class/CDC/Src/usbd_cdc.o
 *fill*         0x20000056        0x2 
 .data.USBD_CDC
                0x20000058       0x38 ./Middlewares/ST/STM32_USB_Device_Library/Class/CDC/Src/usbd_cdc.o
                0x20000058                USBD_CDC
 .data.USBD_CDC_CfgHSDesc
                0x20000090       0x43 ./Middlewares/ST/STM32_USB_Device_Library/Class/CDC/Src/usbd_cdc.o
                0x20000090                USBD_CDC_CfgHSDesc
 *fill*         0x200000d3        0x1 
 .data.USBD_CDC_CfgFSDesc
                0x200000d4       0x43 ./Middlewares/ST/STM32_USB_Device_Library/Class/CDC/Src/usbd_cdc.o
                0x200000d4                USBD_CDC_CfgFSDesc
 *fill*         0x20000117        0x1 
 .data.USBD_CDC_OtherSpeedCfgDesc
                0x20000118       0x43 ./Middlewares/ST/STM32_USB_Device_Library/Class/CDC/Src/usbd_cdc.o
                0x20000118                USBD_CDC_OtherSpeedCfgDesc
 *fill*         0x2000015b        0x1 
 .data.USBD_Interface_fops_FS
                0x2000015c       0x10 ./USB_DEVICE/App/usbd_cdc_if.o
                0x2000015c                USBD_Interface_fops_FS
 .data.FS_Desc  0x2000016c       0x1c ./USB_DEVICE/App/usbd_desc.o
                0x2000016c                FS_Desc
 .data.USBD_FS_DeviceDesc
                0x20000188       0x12 ./USB_DEVICE/App/usbd_desc.o
                0x20000188                USBD_FS_DeviceDesc
 *fill*         0x2000019a        0x2 
 .data.USBD_LangIDDesc
                0x2000019c        0x4 ./USB_DEVICE/App/usbd_desc.o
                0x2000019c                USBD_LangIDDesc
 .data.USBD_StringSerial
                0x200001a0       0x1a ./USB_DEVICE/App/usbd_desc.o
                0x200001a0                USBD_StringSerial
 *fill*         0x200001ba        0x2 
 .data.pdw1000local
                0x200001bc        0x4 ./decadriver/src/deca_device.o
 *(.RamFunc)
 *(.RamFunc*)
                0x200001c0                        . = ALIGN (0x4)
                0x200001c0                        _edata = .

.igot.plt       0x200001c0        0x0 load address 0x0800d038
 .igot.plt      0x200001c0        0x0 C:/ST/STM32CubeIDE_1.16.0/STM32CubeIDE/plugins/com.st.stm32cube.ide.mcu.externaltools.gnu-tools-for-stm32.12.3.rel1.win32_1.0.200.202406191623/tools/bin/../lib/gcc/arm-none-eabi/12.3.1/thumb/v6-m/nofp/crtbegin.o
                0x200001c0                        . = ALIGN (0x4)

.bss            0x200001c0     0x13fc load address 0x0800d038
                0x200001c0                        _sbss = .
                0x200001c0                        __bss_start__ = _sbss
 *(.bss)
 .bss           0x200001c0       0x1c C:/ST/STM32CubeIDE_1.16.0/STM32CubeIDE/plugins/com.st.stm32cube.ide.mcu.externaltools.gnu-tools-for-stm32.12.3.rel1.win32_1.0.200.202406191623/tools/bin/../lib/gcc/arm-none-eabi/12.3.1/thumb/v6-m/nofp/crtbegin.o
 *(.bss*)
 .bss.frame_seq_nb
                0x200001dc        0x1 ./Core/Src/ex_05b_ds_twr_resp/ex_05b_main.o
 *fill*         0x200001dd        0x3 
 .bss.rx_buffer
                0x200001e0       0x18 ./Core/Src/ex_05b_ds_twr_resp/ex_05b_main.o
 .bss.status_reg
                0x200001f8        0x4 ./Core/Src/ex_05b_ds_twr_resp/ex_05b_main.o
 *fill*         0x200001fc        0x4 
 .bss.poll_rx_ts
                0x20000200        0x8 ./Core/Src/ex_05b_ds_twr_resp/ex_05b_main.o
 .bss.resp_tx_ts
                0x20000208        0x8 ./Core/Src/ex_05b_ds_twr_resp/ex_05b_main.o
 .bss.final_rx_ts
                0x20000210        0x8 ./Core/Src/ex_05b_ds_twr_resp/ex_05b_main.o
 .bss.tof       0x20000218        0x8 ./Core/Src/ex_05b_ds_twr_resp/ex_05b_main.o
 .bss.distance  0x20000220        0x8 ./Core/Src/ex_05b_ds_twr_resp/ex_05b_main.o
 .bss.hadc      0x20000228       0x40 ./Core/Src/main.o
                0x20000228                hadc
 .bss.hspi1     0x20000268       0x64 ./Core/Src/main.o
                0x20000268                hspi1
 .bss.hspi2     0x200002cc       0x64 ./Core/Src/main.o
                0x200002cc                hspi2
 .bss.huart1    0x20000330       0x88 ./Core/Src/main.o
                0x20000330                huart1
 .bss.uwTick    0x200003b8        0x4 ./Drivers/STM32F0xx_HAL_Driver/Src/stm32f0xx_hal.o
                0x200003b8                uwTick
 .bss.cfgidx.0  0x200003bc        0x1 ./Middlewares/ST/STM32_USB_Device_Library/Core/Src/usbd_ctlreq.o
 *fill*         0x200003bd        0x3 
 .bss.hUsbDeviceFS
                0x200003c0      0x2c4 ./USB_DEVICE/App/usb_device.o
                0x200003c0                hUsbDeviceFS
 .bss.UserRxBufferFS
                0x20000684      0x400 ./USB_DEVICE/App/usbd_cdc_if.o
                0x20000684                UserRxBufferFS
 .bss.UserTxBufferFS
                0x20000a84      0x400 ./USB_DEVICE/App/usbd_cdc_if.o
                0x20000a84                UserTxBufferFS
 .bss.USBD_StrDesc
                0x20000e84      0x200 ./USB_DEVICE/App/usbd_desc.o
                0x20000e84                USBD_StrDesc
 .bss.hpcd_USB_FS
                0x20001084      0x2dc ./USB_DEVICE/Target/usbd_conf.o
                0x20001084                hpcd_USB_FS
 .bss.mem.0     0x20001360      0x220 ./USB_DEVICE/Target/usbd_conf.o
 .bss.dw1000local
                0x20001580       0x38 ./decadriver/src/deca_device.o
 .bss.port_deca_isr
                0x200015b8        0x4 ./platform/src/port.o
                0x200015b8                port_deca_isr
 *(COMMON)
                0x200015bc                        . = ALIGN (0x4)
                0x200015bc                        _ebss = .
                0x200015bc                        __bss_end__ = _ebss

._user_heap_stack
                0x200015bc      0x604 load address 0x0800d038
                0x200015c0                        . = ALIGN (0x8)
 *fill*         0x200015bc        0x4 
                [!provide]                        PROVIDE (end = .)
                0x200015c0                        PROVIDE (_end = .)
                0x200017c0                        . = (. + _Min_Heap_Size)
 *fill*         0x200015c0      0x200 
                0x20001bc0                        . = (. + _Min_Stack_Size)
 *fill*         0x200017c0      0x400 
                0x20001bc0                        . = ALIGN (0x8)

/DISCARD/
 libc.a(*)
 libm.a(*)
 libgcc.a(*)

.ARM.attributes
                0x00000000       0x28
 *(.ARM.attributes)
 .ARM.attributes
                0x00000000       0x1e C:/ST/STM32CubeIDE_1.16.0/STM32CubeIDE/plugins/com.st.stm32cube.ide.mcu.externaltools.gnu-tools-for-stm32.12.3.rel1.win32_1.0.200.202406191623/tools/bin/../lib/gcc/arm-none-eabi/12.3.1/thumb/v6-m/nofp/crti.o
 .ARM.attributes
                0x0000001e       0x2c C:/ST/STM32CubeIDE_1.16.0/STM32CubeIDE/plugins/com.st.stm32cube.ide.mcu.externaltools.gnu-tools-for-stm32.12.3.rel1.win32_1.0.200.202406191623/tools/bin/../lib/gcc/arm-none-eabi/12.3.1/thumb/v6-m/nofp/crtbegin.o
 .ARM.attributes
                0x0000004a       0x2c ./Core/Src/ex_05b_ds_twr_resp/ex_05b_main.o
 .ARM.attributes
                0x00000076       0x2c ./Core/Src/main.o
 .ARM.attributes
                0x000000a2       0x2c ./Core/Src/stm32f0xx_hal_msp.o
 .ARM.attributes
                0x000000ce       0x2c ./Core/Src/stm32f0xx_it.o
 .ARM.attributes
                0x000000fa       0x2c ./Core/Src/system_stm32f0xx.o
 .ARM.attributes
                0x00000126       0x21 ./Core/Startup/startup_stm32f072cbtx.o
 .ARM.attributes
                0x00000147       0x2c ./Drivers/STM32F0xx_HAL_Driver/Src/stm32f0xx_hal.o
 .ARM.attributes
                0x00000173       0x2c ./Drivers/STM32F0xx_HAL_Driver/Src/stm32f0xx_hal_adc.o
 .ARM.attributes
                0x0000019f       0x2c ./Drivers/STM32F0xx_HAL_Driver/Src/stm32f0xx_hal_cortex.o
 .ARM.attributes
                0x000001cb       0x2c ./Drivers/STM32F0xx_HAL_Driver/Src/stm32f0xx_hal_gpio.o
 .ARM.attributes
                0x000001f7       0x2c ./Drivers/STM32F0xx_HAL_Driver/Src/stm32f0xx_hal_pcd.o
 .ARM.attributes
                0x00000223       0x2c ./Drivers/STM32F0xx_HAL_Driver/Src/stm32f0xx_hal_pcd_ex.o
 .ARM.attributes
                0x0000024f       0x2c ./Drivers/STM32F0xx_HAL_Driver/Src/stm32f0xx_hal_rcc.o
 .ARM.attributes
                0x0000027b       0x2c ./Drivers/STM32F0xx_HAL_Driver/Src/stm32f0xx_hal_rcc_ex.o
 .ARM.attributes
                0x000002a7       0x2c ./Drivers/STM32F0xx_HAL_Driver/Src/stm32f0xx_hal_spi.o
 .ARM.attributes
                0x000002d3       0x2c ./Drivers/STM32F0xx_HAL_Driver/Src/stm32f0xx_hal_uart.o
 .ARM.attributes
                0x000002ff       0x2c ./Drivers/STM32F0xx_HAL_Driver/Src/stm32f0xx_ll_usb.o
 .ARM.attributes
                0x0000032b       0x2c ./Middlewares/ST/STM32_USB_Device_Library/Class/CDC/Src/usbd_cdc.o
 .ARM.attributes
                0x00000357       0x2c ./Middlewares/ST/STM32_USB_Device_Library/Core/Src/usbd_core.o
 .ARM.attributes
                0x00000383       0x2c ./Middlewares/ST/STM32_USB_Device_Library/Core/Src/usbd_ctlreq.o
 .ARM.attributes
                0x000003af       0x2c ./Middlewares/ST/STM32_USB_Device_Library/Core/Src/usbd_ioreq.o
 .ARM.attributes
                0x000003db       0x2c ./USB_DEVICE/App/usb_device.o
 .ARM.attributes
                0x00000407       0x2c ./USB_DEVICE/App/usbd_cdc_if.o
 .ARM.attributes
                0x00000433       0x2c ./USB_DEVICE/App/usbd_desc.o
 .ARM.attributes
                0x0000045f       0x2c ./USB_DEVICE/Target/usbd_conf.o
 .ARM.attributes
                0x0000048b       0x2c ./decadriver/src/deca_device.o
 .ARM.attributes
                0x000004b7       0x2c ./decadriver/src/deca_params_init.o
 .ARM.attributes
                0x000004e3       0x2c ./platform/src/deca_mutex.o
 .ARM.attributes
                0x0000050f       0x2c ./platform/src/deca_sleep.o
 .ARM.attributes
                0x0000053b       0x2c ./platform/src/deca_spi.o
 .ARM.attributes
                0x00000567       0x2c ./platform/src/port.o
 .ARM.attributes
                0x00000593       0x2c C:/ST/STM32CubeIDE_1.16.0/STM32CubeIDE/plugins/com.st.stm32cube.ide.mcu.externaltools.gnu-tools-for-stm32.12.3.rel1.win32_1.0.200.202406191623/tools/bin/../lib/gcc/arm-none-eabi/12.3.1/../../../../arm-none-eabi/lib/thumb/v6-m/nofp\libc_nano.a(libc_a-memcmp.o)
 .ARM.attributes
                0x000005bf       0x2c C:/ST/STM32CubeIDE_1.16.0/STM32CubeIDE/plugins/com.st.stm32cube.ide.mcu.externaltools.gnu-tools-for-stm32.12.3.rel1.win32_1.0.200.202406191623/tools/bin/../lib/gcc/arm-none-eabi/12.3.1/../../../../arm-none-eabi/lib/thumb/v6-m/nofp\libc_nano.a(libc_a-memset.o)
 .ARM.attributes
                0x000005eb       0x2c C:/ST/STM32CubeIDE_1.16.0/STM32CubeIDE/plugins/com.st.stm32cube.ide.mcu.externaltools.gnu-tools-for-stm32.12.3.rel1.win32_1.0.200.202406191623/tools/bin/../lib/gcc/arm-none-eabi/12.3.1/../../../../arm-none-eabi/lib/thumb/v6-m/nofp\libc_nano.a(libc_a-init.o)
 .ARM.attributes
                0x00000617       0x1e C:/ST/STM32CubeIDE_1.16.0/STM32CubeIDE/plugins/com.st.stm32cube.ide.mcu.externaltools.gnu-tools-for-stm32.12.3.rel1.win32_1.0.200.202406191623/tools/bin/../lib/gcc/arm-none-eabi/12.3.1/thumb/v6-m/nofp\libgcc.a(_udivsi3.o)
 .ARM.attributes
                0x00000635       0x1e C:/ST/STM32CubeIDE_1.16.0/STM32CubeIDE/plugins/com.st.stm32cube.ide.mcu.externaltools.gnu-tools-for-stm32.12.3.rel1.win32_1.0.200.202406191623/tools/bin/../lib/gcc/arm-none-eabi/12.3.1/thumb/v6-m/nofp\libgcc.a(_dvmd_tls.o)
 .ARM.attributes
                0x00000653       0x2c C:/ST/STM32CubeIDE_1.16.0/STM32CubeIDE/plugins/com.st.stm32cube.ide.mcu.externaltools.gnu-tools-for-stm32.12.3.rel1.win32_1.0.200.202406191623/tools/bin/../lib/gcc/arm-none-eabi/12.3.1/thumb/v6-m/nofp\libgcc.a(_fixunsdfsi.o)
 .ARM.attributes
                0x0000067f       0x2c C:/ST/STM32CubeIDE_1.16.0/STM32CubeIDE/plugins/com.st.stm32cube.ide.mcu.externaltools.gnu-tools-for-stm32.12.3.rel1.win32_1.0.200.202406191623/tools/bin/../lib/gcc/arm-none-eabi/12.3.1/thumb/v6-m/nofp\libgcc.a(_fixdfdi.o)
 .ARM.attributes
                0x000006ab       0x2c C:/ST/STM32CubeIDE_1.16.0/STM32CubeIDE/plugins/com.st.stm32cube.ide.mcu.externaltools.gnu-tools-for-stm32.12.3.rel1.win32_1.0.200.202406191623/tools/bin/../lib/gcc/arm-none-eabi/12.3.1/thumb/v6-m/nofp\libgcc.a(_fixunsdfdi.o)
 .ARM.attributes
                0x000006d7       0x2c C:/ST/STM32CubeIDE_1.16.0/STM32CubeIDE/plugins/com.st.stm32cube.ide.mcu.externaltools.gnu-tools-for-stm32.12.3.rel1.win32_1.0.200.202406191623/tools/bin/../lib/gcc/arm-none-eabi/12.3.1/thumb/v6-m/nofp\libgcc.a(_floatdidf.o)
 .ARM.attributes
                0x00000703       0x2c C:/ST/STM32CubeIDE_1.16.0/STM32CubeIDE/plugins/com.st.stm32cube.ide.mcu.externaltools.gnu-tools-for-stm32.12.3.rel1.win32_1.0.200.202406191623/tools/bin/../lib/gcc/arm-none-eabi/12.3.1/thumb/v6-m/nofp\libgcc.a(adddf3.o)
 .ARM.attributes
                0x0000072f       0x2c C:/ST/STM32CubeIDE_1.16.0/STM32CubeIDE/plugins/com.st.stm32cube.ide.mcu.externaltools.gnu-tools-for-stm32.12.3.rel1.win32_1.0.200.202406191623/tools/bin/../lib/gcc/arm-none-eabi/12.3.1/thumb/v6-m/nofp\libgcc.a(divdf3.o)
 .ARM.attributes
                0x0000075b       0x2c C:/ST/STM32CubeIDE_1.16.0/STM32CubeIDE/plugins/com.st.stm32cube.ide.mcu.externaltools.gnu-tools-for-stm32.12.3.rel1.win32_1.0.200.202406191623/tools/bin/../lib/gcc/arm-none-eabi/12.3.1/thumb/v6-m/nofp\libgcc.a(muldf3.o)
 .ARM.attributes
                0x00000787       0x2c C:/ST/STM32CubeIDE_1.16.0/STM32CubeIDE/plugins/com.st.stm32cube.ide.mcu.externaltools.gnu-tools-for-stm32.12.3.rel1.win32_1.0.200.202406191623/tools/bin/../lib/gcc/arm-none-eabi/12.3.1/thumb/v6-m/nofp\libgcc.a(subdf3.o)
 .ARM.attributes
                0x000007b3       0x2c C:/ST/STM32CubeIDE_1.16.0/STM32CubeIDE/plugins/com.st.stm32cube.ide.mcu.externaltools.gnu-tools-for-stm32.12.3.rel1.win32_1.0.200.202406191623/tools/bin/../lib/gcc/arm-none-eabi/12.3.1/thumb/v6-m/nofp\libgcc.a(fixdfsi.o)
 .ARM.attributes
                0x000007df       0x2c C:/ST/STM32CubeIDE_1.16.0/STM32CubeIDE/plugins/com.st.stm32cube.ide.mcu.externaltools.gnu-tools-for-stm32.12.3.rel1.win32_1.0.200.202406191623/tools/bin/../lib/gcc/arm-none-eabi/12.3.1/thumb/v6-m/nofp\libgcc.a(floatsidf.o)
 .ARM.attributes
                0x0000080b       0x2c C:/ST/STM32CubeIDE_1.16.0/STM32CubeIDE/plugins/com.st.stm32cube.ide.mcu.externaltools.gnu-tools-for-stm32.12.3.rel1.win32_1.0.200.202406191623/tools/bin/../lib/gcc/arm-none-eabi/12.3.1/thumb/v6-m/nofp\libgcc.a(floatunsidf.o)
 .ARM.attributes
                0x00000837       0x1e C:/ST/STM32CubeIDE_1.16.0/STM32CubeIDE/plugins/com.st.stm32cube.ide.mcu.externaltools.gnu-tools-for-stm32.12.3.rel1.win32_1.0.200.202406191623/tools/bin/../lib/gcc/arm-none-eabi/12.3.1/thumb/v6-m/nofp\libgcc.a(_arm_cmpdf2.o)
 .ARM.attributes
                0x00000855       0x1e C:/ST/STM32CubeIDE_1.16.0/STM32CubeIDE/plugins/com.st.stm32cube.ide.mcu.externaltools.gnu-tools-for-stm32.12.3.rel1.win32_1.0.200.202406191623/tools/bin/../lib/gcc/arm-none-eabi/12.3.1/thumb/v6-m/nofp\libgcc.a(_clzsi2.o)
 .ARM.attributes
                0x00000873       0x2c C:/ST/STM32CubeIDE_1.16.0/STM32CubeIDE/plugins/com.st.stm32cube.ide.mcu.externaltools.gnu-tools-for-stm32.12.3.rel1.win32_1.0.200.202406191623/tools/bin/../lib/gcc/arm-none-eabi/12.3.1/thumb/v6-m/nofp\libgcc.a(eqdf2.o)
 .ARM.attributes
                0x0000089f       0x2c C:/ST/STM32CubeIDE_1.16.0/STM32CubeIDE/plugins/com.st.stm32cube.ide.mcu.externaltools.gnu-tools-for-stm32.12.3.rel1.win32_1.0.200.202406191623/tools/bin/../lib/gcc/arm-none-eabi/12.3.1/thumb/v6-m/nofp\libgcc.a(gedf2.o)
 .ARM.attributes
                0x000008cb       0x2c C:/ST/STM32CubeIDE_1.16.0/STM32CubeIDE/plugins/com.st.stm32cube.ide.mcu.externaltools.gnu-tools-for-stm32.12.3.rel1.win32_1.0.200.202406191623/tools/bin/../lib/gcc/arm-none-eabi/12.3.1/thumb/v6-m/nofp\libgcc.a(ledf2.o)
 .ARM.attributes
                0x000008f7       0x1e C:/ST/STM32CubeIDE_1.16.0/STM32CubeIDE/plugins/com.st.stm32cube.ide.mcu.externaltools.gnu-tools-for-stm32.12.3.rel1.win32_1.0.200.202406191623/tools/bin/../lib/gcc/arm-none-eabi/12.3.1/thumb/v6-m/nofp/crtn.o
OUTPUT(NEAR_ANCHOR.elf elf32-littlearm)
LOAD linker stubs
LOAD C:/ST/STM32CubeIDE_1.16.0/STM32CubeIDE/plugins/com.st.stm32cube.ide.mcu.externaltools.gnu-tools-for-stm32.12.3.rel1.win32_1.0.200.202406191623/tools/bin/../lib/gcc/arm-none-eabi/12.3.1/../../../../arm-none-eabi/lib/thumb/v6-m/nofp\libc.a
LOAD C:/ST/STM32CubeIDE_1.16.0/STM32CubeIDE/plugins/com.st.stm32cube.ide.mcu.externaltools.gnu-tools-for-stm32.12.3.rel1.win32_1.0.200.202406191623/tools/bin/../lib/gcc/arm-none-eabi/12.3.1/../../../../arm-none-eabi/lib/thumb/v6-m/nofp\libm.a
LOAD C:/ST/STM32CubeIDE_1.16.0/STM32CubeIDE/plugins/com.st.stm32cube.ide.mcu.externaltools.gnu-tools-for-stm32.12.3.rel1.win32_1.0.200.202406191623/tools/bin/../lib/gcc/arm-none-eabi/12.3.1/thumb/v6-m/nofp\libgcc.a

.debug_info     0x00000000    0x176b5
 .debug_info    0x00000000      0xa7c ./Core/Src/ex_05b_ds_twr_resp/ex_05b_main.o
 .debug_info    0x00000a7c     0x131d ./Core/Src/main.o
 .debug_info    0x00001d99     0x103f ./Core/Src/stm32f0xx_hal_msp.o
 .debug_info    0x00002dd8      0x64a ./Core/Src/stm32f0xx_it.o
 .debug_info    0x00003422      0x242 ./Core/Src/system_stm32f0xx.o
 .debug_info    0x00003664       0x30 ./Core/Startup/startup_stm32f072cbtx.o
 .debug_info    0x00003694      0x6c9 ./Drivers/STM32F0xx_HAL_Driver/Src/stm32f0xx_hal.o
 .debug_info    0x00003d5d      0xc6a ./Drivers/STM32F0xx_HAL_Driver/Src/stm32f0xx_hal_adc.o
 .debug_info    0x000049c7      0x6c5 ./Drivers/STM32F0xx_HAL_Driver/Src/stm32f0xx_hal_cortex.o
 .debug_info    0x0000508c      0x5a6 ./Drivers/STM32F0xx_HAL_Driver/Src/stm32f0xx_hal_gpio.o
 .debug_info    0x00005632     0x161d ./Drivers/STM32F0xx_HAL_Driver/Src/stm32f0xx_hal_pcd.o
 .debug_info    0x00006c4f      0x80a ./Drivers/STM32F0xx_HAL_Driver/Src/stm32f0xx_hal_pcd_ex.o
 .debug_info    0x00007459      0x83f ./Drivers/STM32F0xx_HAL_Driver/Src/stm32f0xx_hal_rcc.o
 .debug_info    0x00007c98      0x61c ./Drivers/STM32F0xx_HAL_Driver/Src/stm32f0xx_hal_rcc_ex.o
 .debug_info    0x000082b4     0x1618 ./Drivers/STM32F0xx_HAL_Driver/Src/stm32f0xx_hal_spi.o
 .debug_info    0x000098cc     0x3aa2 ./Drivers/STM32F0xx_HAL_Driver/Src/stm32f0xx_hal_uart.o
 .debug_info    0x0000d36e     0x166d ./Drivers/STM32F0xx_HAL_Driver/Src/stm32f0xx_ll_usb.o
 .debug_info    0x0000e9db     0x1082 ./Middlewares/ST/STM32_USB_Device_Library/Class/CDC/Src/usbd_cdc.o
 .debug_info    0x0000fa5d      0xa60 ./Middlewares/ST/STM32_USB_Device_Library/Core/Src/usbd_core.o
 .debug_info    0x000104bd      0x92a ./Middlewares/ST/STM32_USB_Device_Library/Core/Src/usbd_ctlreq.o
 .debug_info    0x00010de7      0x6ae ./Middlewares/ST/STM32_USB_Device_Library/Core/Src/usbd_ioreq.o
 .debug_info    0x00011495      0x64b ./USB_DEVICE/App/usb_device.o
 .debug_info    0x00011ae0      0x7fa ./USB_DEVICE/App/usbd_cdc_if.o
 .debug_info    0x000122da      0x458 ./USB_DEVICE/App/usbd_desc.o
 .debug_info    0x00012732     0x1777 ./USB_DEVICE/Target/usbd_conf.o
 .debug_info    0x00013ea9     0x1d2b ./decadriver/src/deca_device.o
 .debug_info    0x00015bd4      0x2bc ./decadriver/src/deca_params_init.o
 .debug_info    0x00015e90      0x112 ./platform/src/deca_mutex.o
 .debug_info    0x00015fa2       0xd9 ./platform/src/deca_sleep.o
 .debug_info    0x0001607b      0x978 ./platform/src/deca_spi.o
 .debug_info    0x000169f3      0xcc2 ./platform/src/port.o

.debug_abbrev   0x00000000     0x3fe4
 .debug_abbrev  0x00000000      0x27f ./Core/Src/ex_05b_ds_twr_resp/ex_05b_main.o
 .debug_abbrev  0x0000027f      0x2cc ./Core/Src/main.o
 .debug_abbrev  0x0000054b      0x20a ./Core/Src/stm32f0xx_hal_msp.o
 .debug_abbrev  0x00000755      0x192 ./Core/Src/stm32f0xx_it.o
 .debug_abbrev  0x000008e7      0x11c ./Core/Src/system_stm32f0xx.o
 .debug_abbrev  0x00000a03       0x24 ./Core/Startup/startup_stm32f072cbtx.o
 .debug_abbrev  0x00000a27      0x213 ./Drivers/STM32F0xx_HAL_Driver/Src/stm32f0xx_hal.o
 .debug_abbrev  0x00000c3a      0x259 ./Drivers/STM32F0xx_HAL_Driver/Src/stm32f0xx_hal_adc.o
 .debug_abbrev  0x00000e93      0x28c ./Drivers/STM32F0xx_HAL_Driver/Src/stm32f0xx_hal_cortex.o
 .debug_abbrev  0x0000111f      0x1cb ./Drivers/STM32F0xx_HAL_Driver/Src/stm32f0xx_hal_gpio.o
 .debug_abbrev  0x000012ea      0x2b9 ./Drivers/STM32F0xx_HAL_Driver/Src/stm32f0xx_hal_pcd.o
 .debug_abbrev  0x000015a3      0x228 ./Drivers/STM32F0xx_HAL_Driver/Src/stm32f0xx_hal_pcd_ex.o
 .debug_abbrev  0x000017cb      0x28c ./Drivers/STM32F0xx_HAL_Driver/Src/stm32f0xx_hal_rcc.o
 .debug_abbrev  0x00001a57      0x1a6 ./Drivers/STM32F0xx_HAL_Driver/Src/stm32f0xx_hal_rcc_ex.o
 .debug_abbrev  0x00001bfd      0x269 ./Drivers/STM32F0xx_HAL_Driver/Src/stm32f0xx_hal_spi.o
 .debug_abbrev  0x00001e66      0x2cd ./Drivers/STM32F0xx_HAL_Driver/Src/stm32f0xx_hal_uart.o
 .debug_abbrev  0x00002133      0x247 ./Drivers/STM32F0xx_HAL_Driver/Src/stm32f0xx_ll_usb.o
 .debug_abbrev  0x0000237a      0x2d3 ./Middlewares/ST/STM32_USB_Device_Library/Class/CDC/Src/usbd_cdc.o
 .debug_abbrev  0x0000264d      0x24a ./Middlewares/ST/STM32_USB_Device_Library/Core/Src/usbd_core.o
 .debug_abbrev  0x00002897      0x26b ./Middlewares/ST/STM32_USB_Device_Library/Core/Src/usbd_ctlreq.o
 .debug_abbrev  0x00002b02      0x192 ./Middlewares/ST/STM32_USB_Device_Library/Core/Src/usbd_ioreq.o
 .debug_abbrev  0x00002c94      0x18d ./USB_DEVICE/App/usb_device.o
 .debug_abbrev  0x00002e21      0x25d ./USB_DEVICE/App/usbd_cdc_if.o
 .debug_abbrev  0x0000307e      0x1ff ./USB_DEVICE/App/usbd_desc.o
 .debug_abbrev  0x0000327d      0x341 ./USB_DEVICE/Target/usbd_conf.o
 .debug_abbrev  0x000035be      0x2d0 ./decadriver/src/deca_device.o
 .debug_abbrev  0x0000388e       0x96 ./decadriver/src/deca_params_init.o
 .debug_abbrev  0x00003924       0xcc ./platform/src/deca_mutex.o
 .debug_abbrev  0x000039f0       0x81 ./platform/src/deca_sleep.o
 .debug_abbrev  0x00003a71      0x21b ./platform/src/deca_spi.o
 .debug_abbrev  0x00003c8c      0x358 ./platform/src/port.o

.debug_aranges  0x00000000     0x1458
 .debug_aranges
                0x00000000       0x38 ./Core/Src/ex_05b_ds_twr_resp/ex_05b_main.o
 .debug_aranges
                0x00000038       0x58 ./Core/Src/main.o
 .debug_aranges
                0x00000090       0x50 ./Core/Src/stm32f0xx_hal_msp.o
 .debug_aranges
                0x000000e0       0x60 ./Core/Src/stm32f0xx_it.o
 .debug_aranges
                0x00000140       0x28 ./Core/Src/system_stm32f0xx.o
 .debug_aranges
                0x00000168       0x28 ./Core/Startup/startup_stm32f072cbtx.o
 .debug_aranges
                0x00000190       0xd0 ./Drivers/STM32F0xx_HAL_Driver/Src/stm32f0xx_hal.o
 .debug_aranges
                0x00000260       0xf8 ./Drivers/STM32F0xx_HAL_Driver/Src/stm32f0xx_hal_adc.o
 .debug_aranges
                0x00000358       0xc0 ./Drivers/STM32F0xx_HAL_Driver/Src/stm32f0xx_hal_cortex.o
 .debug_aranges
                0x00000418       0x58 ./Drivers/STM32F0xx_HAL_Driver/Src/stm32f0xx_hal_gpio.o
 .debug_aranges
                0x00000470      0x138 ./Drivers/STM32F0xx_HAL_Driver/Src/stm32f0xx_hal_pcd.o
 .debug_aranges
                0x000005a8       0x58 ./Drivers/STM32F0xx_HAL_Driver/Src/stm32f0xx_hal_pcd_ex.o
 .debug_aranges
                0x00000600       0x80 ./Drivers/STM32F0xx_HAL_Driver/Src/stm32f0xx_hal_rcc.o
 .debug_aranges
                0x00000680       0x78 ./Drivers/STM32F0xx_HAL_Driver/Src/stm32f0xx_hal_rcc_ex.o
 .debug_aranges
                0x000006f8      0x1d8 ./Drivers/STM32F0xx_HAL_Driver/Src/stm32f0xx_hal_spi.o
 .debug_aranges
                0x000008d0      0x228 ./Drivers/STM32F0xx_HAL_Driver/Src/stm32f0xx_hal_uart.o
 .debug_aranges
                0x00000af8       0xc8 ./Drivers/STM32F0xx_HAL_Driver/Src/stm32f0xx_ll_usb.o
 .debug_aranges
                0x00000bc0       0x90 ./Middlewares/ST/STM32_USB_Device_Library/Class/CDC/Src/usbd_cdc.o
 .debug_aranges
                0x00000c50       0xb8 ./Middlewares/ST/STM32_USB_Device_Library/Core/Src/usbd_core.o
 .debug_aranges
                0x00000d08       0x88 ./Middlewares/ST/STM32_USB_Device_Library/Core/Src/usbd_ctlreq.o
 .debug_aranges
                0x00000d90       0x50 ./Middlewares/ST/STM32_USB_Device_Library/Core/Src/usbd_ioreq.o
 .debug_aranges
                0x00000de0       0x20 ./USB_DEVICE/App/usb_device.o
 .debug_aranges
                0x00000e00       0x40 ./USB_DEVICE/App/usbd_cdc_if.o
 .debug_aranges
                0x00000e40       0x60 ./USB_DEVICE/App/usbd_desc.o
 .debug_aranges
                0x00000ea0      0x118 ./USB_DEVICE/Target/usbd_conf.o
 .debug_aranges
                0x00000fb8      0x358 ./decadriver/src/deca_device.o
 .debug_aranges
                0x00001310       0x18 ./decadriver/src/deca_params_init.o
 .debug_aranges
                0x00001328       0x28 ./platform/src/deca_mutex.o
 .debug_aranges
                0x00001350       0x20 ./platform/src/deca_sleep.o
 .debug_aranges
                0x00001370       0x38 ./platform/src/deca_spi.o
 .debug_aranges
                0x000013a8       0xb0 ./platform/src/port.o

.debug_rnglists
                0x00000000      0xf7c
 .debug_rnglists
                0x00000000       0x44 ./Core/Src/ex_05b_ds_twr_resp/ex_05b_main.o
 .debug_rnglists
                0x00000044       0x40 ./Core/Src/main.o
 .debug_rnglists
                0x00000084       0x3a ./Core/Src/stm32f0xx_hal_msp.o
 .debug_rnglists
                0x000000be       0x43 ./Core/Src/stm32f0xx_it.o
 .debug_rnglists
                0x00000101       0x1a ./Core/Src/system_stm32f0xx.o
 .debug_rnglists
                0x0000011b       0x19 ./Core/Startup/startup_stm32f072cbtx.o
 .debug_rnglists
                0x00000134       0x97 ./Drivers/STM32F0xx_HAL_Driver/Src/stm32f0xx_hal.o
 .debug_rnglists
                0x000001cb       0xc6 ./Drivers/STM32F0xx_HAL_Driver/Src/stm32f0xx_hal_adc.o
 .debug_rnglists
                0x00000291       0x8c ./Drivers/STM32F0xx_HAL_Driver/Src/stm32f0xx_hal_cortex.o
 .debug_rnglists
                0x0000031d       0x3f ./Drivers/STM32F0xx_HAL_Driver/Src/stm32f0xx_hal_gpio.o
 .debug_rnglists
                0x0000035c       0xee ./Drivers/STM32F0xx_HAL_Driver/Src/stm32f0xx_hal_pcd.o
 .debug_rnglists
                0x0000044a       0x3f ./Drivers/STM32F0xx_HAL_Driver/Src/stm32f0xx_hal_pcd_ex.o
 .debug_rnglists
                0x00000489       0x61 ./Drivers/STM32F0xx_HAL_Driver/Src/stm32f0xx_hal_rcc.o
 .debug_rnglists
                0x000004ea       0x5b ./Drivers/STM32F0xx_HAL_Driver/Src/stm32f0xx_hal_rcc_ex.o
 .debug_rnglists
                0x00000545      0x17a ./Drivers/STM32F0xx_HAL_Driver/Src/stm32f0xx_hal_spi.o
 .debug_rnglists
                0x000006bf      0x1db ./Drivers/STM32F0xx_HAL_Driver/Src/stm32f0xx_hal_uart.o
 .debug_rnglists
                0x0000089a       0x99 ./Drivers/STM32F0xx_HAL_Driver/Src/stm32f0xx_ll_usb.o
 .debug_rnglists
                0x00000933       0x6b ./Middlewares/ST/STM32_USB_Device_Library/Class/CDC/Src/usbd_cdc.o
 .debug_rnglists
                0x0000099e       0x89 ./Middlewares/ST/STM32_USB_Device_Library/Core/Src/usbd_core.o
 .debug_rnglists
                0x00000a27       0x68 ./Middlewares/ST/STM32_USB_Device_Library/Core/Src/usbd_ctlreq.o
 .debug_rnglists
                0x00000a8f       0x37 ./Middlewares/ST/STM32_USB_Device_Library/Core/Src/usbd_ioreq.o
 .debug_rnglists
                0x00000ac6       0x13 ./USB_DEVICE/App/usb_device.o
 .debug_rnglists
                0x00000ad9       0x2b ./USB_DEVICE/App/usbd_cdc_if.o
 .debug_rnglists
                0x00000b04       0x44 ./USB_DEVICE/App/usbd_desc.o
 .debug_rnglists
                0x00000b48       0xce ./USB_DEVICE/Target/usbd_conf.o
 .debug_rnglists
                0x00000c16      0x294 ./decadriver/src/deca_device.o
 .debug_rnglists
                0x00000eaa       0x19 ./platform/src/deca_mutex.o
 .debug_rnglists
                0x00000ec3       0x13 ./platform/src/deca_sleep.o
 .debug_rnglists
                0x00000ed6       0x26 ./platform/src/deca_spi.o
 .debug_rnglists
                0x00000efc       0x80 ./platform/src/port.o

.debug_macro    0x00000000     0x64ff
 .debug_macro   0x00000000      0x482 ./Core/Src/ex_05b_ds_twr_resp/ex_05b_main.o
 .debug_macro   0x00000482      0x436 ./Core/Src/main.o
 .debug_macro   0x000008b8       0x55 ./Core/Src/main.o
 .debug_macro   0x0000090d       0x1c ./Core/Src/main.o
 .debug_macro   0x00000929      0x38b ./Core/Src/stm32f0xx_hal_msp.o
 .debug_macro   0x00000cb4      0x395 ./Core/Src/stm32f0xx_it.o
 .debug_macro   0x00001049      0x1fb ./Core/Src/system_stm32f0xx.o
 .debug_macro   0x00001244      0x21f ./Drivers/STM32F0xx_HAL_Driver/Src/stm32f0xx_hal.o
 .debug_macro   0x00001463      0x21f ./Drivers/STM32F0xx_HAL_Driver/Src/stm32f0xx_hal_adc.o
 .debug_macro   0x00001682      0x1fb ./Drivers/STM32F0xx_HAL_Driver/Src/stm32f0xx_hal_cortex.o
 .debug_macro   0x0000187d      0x202 ./Drivers/STM32F0xx_HAL_Driver/Src/stm32f0xx_hal_gpio.o
 .debug_macro   0x00001a7f      0x207 ./Drivers/STM32F0xx_HAL_Driver/Src/stm32f0xx_hal_pcd.o
 .debug_macro   0x00001c86      0x1fb ./Drivers/STM32F0xx_HAL_Driver/Src/stm32f0xx_hal_pcd_ex.o
 .debug_macro   0x00001e81      0x20d ./Drivers/STM32F0xx_HAL_Driver/Src/stm32f0xx_hal_rcc.o
 .debug_macro   0x0000208e      0x20d ./Drivers/STM32F0xx_HAL_Driver/Src/stm32f0xx_hal_rcc_ex.o
 .debug_macro   0x0000229b      0x203 ./Drivers/STM32F0xx_HAL_Driver/Src/stm32f0xx_hal_spi.o
 .debug_macro   0x0000249e      0x218 ./Drivers/STM32F0xx_HAL_Driver/Src/stm32f0xx_hal_uart.o
 .debug_macro   0x000026b6      0x1fb ./Drivers/STM32F0xx_HAL_Driver/Src/stm32f0xx_ll_usb.o
 .debug_macro   0x000028b1      0x3e4 ./Middlewares/ST/STM32_USB_Device_Library/Class/CDC/Src/usbd_cdc.o
 .debug_macro   0x00002c95       0x16 ./Middlewares/ST/STM32_USB_Device_Library/Class/CDC/Src/usbd_cdc.o
 .debug_macro   0x00002cab       0x9e ./Middlewares/ST/STM32_USB_Device_Library/Class/CDC/Src/usbd_cdc.o
 .debug_macro   0x00002d49      0x10b ./Middlewares/ST/STM32_USB_Device_Library/Class/CDC/Src/usbd_cdc.o
 .debug_macro   0x00002e54       0x16 ./Middlewares/ST/STM32_USB_Device_Library/Class/CDC/Src/usbd_cdc.o
 .debug_macro   0x00002e6a       0x16 ./Middlewares/ST/STM32_USB_Device_Library/Class/CDC/Src/usbd_cdc.o
 .debug_macro   0x00002e80       0x4f ./Middlewares/ST/STM32_USB_Device_Library/Class/CDC/Src/usbd_cdc.o
 .debug_macro   0x00002ecf       0x5f ./Middlewares/ST/STM32_USB_Device_Library/Class/CDC/Src/usbd_cdc.o
 .debug_macro   0x00002f2e      0x3cb ./Middlewares/ST/STM32_USB_Device_Library/Core/Src/usbd_core.o
 .debug_macro   0x000032f9      0x1ce ./Middlewares/ST/STM32_USB_Device_Library/Core/Src/usbd_core.o
 .debug_macro   0x000034c7      0x3d5 ./Middlewares/ST/STM32_USB_Device_Library/Core/Src/usbd_ctlreq.o
 .debug_macro   0x0000389c      0x3d1 ./Middlewares/ST/STM32_USB_Device_Library/Core/Src/usbd_ioreq.o
 .debug_macro   0x00003c6d      0x40a ./USB_DEVICE/App/usb_device.o
 .debug_macro   0x00004077       0x22 ./USB_DEVICE/App/usb_device.o
 .debug_macro   0x00004099       0x16 ./USB_DEVICE/App/usb_device.o
 .debug_macro   0x000040af      0x3ef ./USB_DEVICE/App/usbd_cdc_if.o
 .debug_macro   0x0000449e      0x408 ./USB_DEVICE/App/usbd_desc.o
 .debug_macro   0x000048a6       0x1c ./USB_DEVICE/App/usbd_desc.o
 .debug_macro   0x000048c2      0x3ee ./USB_DEVICE/Target/usbd_conf.o
 .debug_macro   0x00004cb0      0x1c3 ./decadriver/src/deca_device.o
 .debug_macro   0x00004e73      0x11c ./decadriver/src/deca_device.o
 .debug_macro   0x00004f8f       0x94 ./decadriver/src/deca_device.o
 .debug_macro   0x00005023       0x2e ./decadriver/src/deca_device.o
 .debug_macro   0x00005051       0x8e ./decadriver/src/deca_device.o
 .debug_macro   0x000050df      0x2d2 ./decadriver/src/deca_device.o