Archive member included to satisfy reference by file (symbol)

C:/ST/STM32CubeIDE_1.18.0/STM32CubeIDE/plugins/com.st.stm32cube.ide.mcu.externaltools.gnu-tools-for-stm32.13.3.rel1.win32_1.0.0.202411081344/tools/bin/../lib/gcc/arm-none-eabi/13.3.1/../../../../arm-none-eabi/lib/thumb/v6-m/nofp\libc_nano.a(libc_a-exit.o)
                              C:/ST/STM32CubeIDE_1.18.0/STM32CubeIDE/plugins/com.st.stm32cube.ide.mcu.externaltools.gnu-tools-for-stm32.13.3.rel1.win32_1.0.0.202411081344/tools/bin/../lib/gcc/arm-none-eabi/13.3.1/../../../../arm-none-eabi/lib/thumb/v6-m/nofp/crt0.o (exit)
C:/ST/STM32CubeIDE_1.18.0/STM32CubeIDE/plugins/com.st.stm32cube.ide.mcu.externaltools.gnu-tools-for-stm32.13.3.rel1.win32_1.0.0.202411081344/tools/bin/../lib/gcc/arm-none-eabi/13.3.1/../../../../arm-none-eabi/lib/thumb/v6-m/nofp\libc_nano.a(libc_a-nano-vfprintf_float.o)
                              (_printf_float)
C:/ST/STM32CubeIDE_1.18.0/STM32CubeIDE/plugins/com.st.stm32cube.ide.mcu.externaltools.gnu-tools-for-stm32.13.3.rel1.win32_1.0.0.202411081344/tools/bin/../lib/gcc/arm-none-eabi/13.3.1/../../../../arm-none-eabi/lib/thumb/v6-m/nofp\libc_nano.a(libc_a-nano-vfprintf_i.o)
                              C:/ST/STM32CubeIDE_1.18.0/STM32CubeIDE/plugins/com.st.stm32cube.ide.mcu.externaltools.gnu-tools-for-stm32.13.3.rel1.win32_1.0.0.202411081344/tools/bin/../lib/gcc/arm-none-eabi/13.3.1/../../../../arm-none-eabi/lib/thumb/v6-m/nofp\libc_nano.a(libc_a-nano-vfprintf_float.o) (_printf_common)
C:/ST/STM32CubeIDE_1.18.0/STM32CubeIDE/plugins/com.st.stm32cube.ide.mcu.externaltools.gnu-tools-for-stm32.13.3.rel1.win32_1.0.0.202411081344/tools/bin/../lib/gcc/arm-none-eabi/13.3.1/../../../../arm-none-eabi/lib/thumb/v6-m/nofp\libc_nano.a(libc_a-findfp.o)
                              C:/ST/STM32CubeIDE_1.18.0/STM32CubeIDE/plugins/com.st.stm32cube.ide.mcu.externaltools.gnu-tools-for-stm32.13.3.rel1.win32_1.0.0.202411081344/tools/bin/../lib/gcc/arm-none-eabi/13.3.1/../../../../arm-none-eabi/lib/thumb/v6-m/nofp\libc_nano.a(libc_a-exit.o) (__stdio_exit_handler)
C:/ST/STM32CubeIDE_1.18.0/STM32CubeIDE/plugins/com.st.stm32cube.ide.mcu.externaltools.gnu-tools-for-stm32.13.3.rel1.win32_1.0.0.202411081344/tools/bin/../lib/gcc/arm-none-eabi/13.3.1/../../../../arm-none-eabi/lib/thumb/v6-m/nofp\libc_nano.a(libc_a-fwalk.o)
                              C:/ST/STM32CubeIDE_1.18.0/STM32CubeIDE/plugins/com.st.stm32cube.ide.mcu.externaltools.gnu-tools-for-stm32.13.3.rel1.win32_1.0.0.202411081344/tools/bin/../lib/gcc/arm-none-eabi/13.3.1/../../../../arm-none-eabi/lib/thumb/v6-m/nofp\libc_nano.a(libc_a-findfp.o) (_fwalk_sglue)
C:/ST/STM32CubeIDE_1.18.0/STM32CubeIDE/plugins/com.st.stm32cube.ide.mcu.externaltools.gnu-tools-for-stm32.13.3.rel1.win32_1.0.0.202411081344/tools/bin/../lib/gcc/arm-none-eabi/13.3.1/../../../../arm-none-eabi/lib/thumb/v6-m/nofp\libc_nano.a(libc_a-sprintf.o)
                              ./Core/Src/anchor.o (sprintf)
C:/ST/STM32CubeIDE_1.18.0/STM32CubeIDE/plugins/com.st.stm32cube.ide.mcu.externaltools.gnu-tools-for-stm32.13.3.rel1.win32_1.0.0.202411081344/tools/bin/../lib/gcc/arm-none-eabi/13.3.1/../../../../arm-none-eabi/lib/thumb/v6-m/nofp\libc_nano.a(libc_a-stdio.o)
                              C:/ST/STM32CubeIDE_1.18.0/STM32CubeIDE/plugins/com.st.stm32cube.ide.mcu.externaltools.gnu-tools-for-stm32.13.3.rel1.win32_1.0.0.202411081344/tools/bin/../lib/gcc/arm-none-eabi/13.3.1/../../../../arm-none-eabi/lib/thumb/v6-m/nofp\libc_nano.a(libc_a-findfp.o) (__sread)
C:/ST/STM32CubeIDE_1.18.0/STM32CubeIDE/plugins/com.st.stm32cube.ide.mcu.externaltools.gnu-tools-for-stm32.13.3.rel1.win32_1.0.0.202411081344/tools/bin/../lib/gcc/arm-none-eabi/13.3.1/../../../../arm-none-eabi/lib/thumb/v6-m/nofp\libc_nano.a(libc_a-memcmp.o)
                              ./Core/Src/anchor.o (memcmp)
C:/ST/STM32CubeIDE_1.18.0/STM32CubeIDE/plugins/com.st.stm32cube.ide.mcu.externaltools.gnu-tools-for-stm32.13.3.rel1.win32_1.0.0.202411081344/tools/bin/../lib/gcc/arm-none-eabi/13.3.1/../../../../arm-none-eabi/lib/thumb/v6-m/nofp\libc_nano.a(libc_a-memset.o)
                              C:/ST/STM32CubeIDE_1.18.0/STM32CubeIDE/plugins/com.st.stm32cube.ide.mcu.externaltools.gnu-tools-for-stm32.13.3.rel1.win32_1.0.0.202411081344/tools/bin/../lib/gcc/arm-none-eabi/13.3.1/../../../../arm-none-eabi/lib/thumb/v6-m/nofp/crt0.o (memset)
C:/ST/STM32CubeIDE_1.18.0/STM32CubeIDE/plugins/com.st.stm32cube.ide.mcu.externaltools.gnu-tools-for-stm32.13.3.rel1.win32_1.0.0.202411081344/tools/bin/../lib/gcc/arm-none-eabi/13.3.1/../../../../arm-none-eabi/lib/thumb/v6-m/nofp\libc_nano.a(libc_a-localeconv.o)
                              C:/ST/STM32CubeIDE_1.18.0/STM32CubeIDE/plugins/com.st.stm32cube.ide.mcu.externaltools.gnu-tools-for-stm32.13.3.rel1.win32_1.0.0.202411081344/tools/bin/../lib/gcc/arm-none-eabi/13.3.1/../../../../arm-none-eabi/lib/thumb/v6-m/nofp\libc_nano.a(libc_a-nano-vfprintf_float.o) (_localeconv_r)
[...]
Memory Configuration

Name             Origin             Length             Attributes
RAM              0x20000000         0x00004000         xrw
FLASH            0x08000000         0x00020000         xr
*default*        0x00000000         0xffffffff

Linker script and memory map

LOAD C:/ST/STM32CubeIDE_1.18.0/STM32CubeIDE/plugins/com.st.stm32cube.ide.mcu.externaltools.gnu-tools-for-stm32.13.3.rel1.win32_1.0.0.202411081344/tools/bin/../lib/gcc/arm-none-eabi/13.3.1/thumb/v6-m/nofp/crti.o
LOAD C:/ST/STM32CubeIDE_1.18.0/STM32CubeIDE/plugins/com.st.stm32cube.ide.mcu.externaltools.gnu-tools-for-stm32.13.3.rel1.win32_1.0.0.202411081344/tools/bin/../lib/gcc/arm-none-eabi/13.3.1/thumb/v6-m/nofp/crtbegin.o
LOAD C:/ST/STM32CubeIDE_1.18.0/STM32CubeIDE/plugins/com.st.stm32cube.ide.mcu.externaltools.gnu-tools-for-stm32.13.3.rel1.win32_1.0.0.202411081344/tools/bin/../lib/gcc/arm-none-eabi/13.3.1/../../../../arm-none-eabi/lib/thumb/v6-m/nofp/crt0.o
LOAD ./Core/Src/anchor.o
LOAD ./Core/Src/ex_02a_main.o
LOAD ./Core/Src/main.o
LOAD ./Core/Src/stm32f0xx_hal_msp.o
LOAD ./Core/Src/stm32f0xx_it.o
LOAD ./Core/Src/syscalls.o
LOAD ./Core/Src/sysmem.o
LOAD ./Core/Src/system_stm32f0xx.o
LOAD ./Core/Src/tag.o
LOAD ./Core/Src/ex_05a_ds_twr_init/ex_05a_main.o
LOAD ./Core/Src/ex_05b_ds_twr_resp/ex_05b_main.o
LOAD ./Core/Startup/startup_stm32f072cbtx.o
LOAD ./Drivers/STM32F0xx_HAL_Driver/Src/stm32f0xx_hal.o
LOAD ./Drivers/STM32F0xx_HAL_Driver/Src/stm32f0xx_hal_adc.o
LOAD ./Drivers/STM32F0xx_HAL_Driver/Src/stm32f0xx_hal_adc_ex.o
LOAD ./Drivers/STM32F0xx_HAL_Driver/Src/stm32f0xx_hal_cortex.o
LOAD ./Drivers/STM32F0xx_HAL_Driver/Src/stm32f0xx_hal_dma.o
LOAD ./Drivers/STM32F0xx_HAL_Driver/Src/stm32f0xx_hal_exti.o
LOAD ./Drivers/STM32F0xx_HAL_Driver/Src/stm32f0xx_hal_flash.o
LOAD ./Drivers/STM32F0xx_HAL_Driver/Src/stm32f0xx_hal_flash_ex.o
LOAD ./Drivers/STM32F0xx_HAL_Driver/Src/stm32f0xx_hal_gpio.o
LOAD ./Drivers/STM32F0xx_HAL_Driver/Src/stm32f0xx_hal_i2c.o
LOAD ./Drivers/STM32F0xx_HAL_Driver/Src/stm32f0xx_hal_i2c_ex.o
LOAD ./Drivers/STM32F0xx_HAL_Driver/Src/stm32f0xx_hal_pcd.o
LOAD ./Drivers/STM32F0xx_HAL_Driver/Src/stm32f0xx_hal_pcd_ex.o
LOAD ./Drivers/STM32F0xx_HAL_Driver/Src/stm32f0xx_hal_pwr.o
LOAD ./Drivers/STM32F0xx_HAL_Driver/Src/stm32f0xx_hal_pwr_ex.o
LOAD ./Drivers/STM32F0xx_HAL_Driver/Src/stm32f0xx_hal_rcc.o
LOAD ./Drivers/STM32F0xx_HAL_Driver/Src/stm32f0xx_hal_rcc_ex.o
LOAD ./Drivers/STM32F0xx_HAL_Driver/Src/stm32f0xx_hal_spi.o
LOAD ./Drivers/STM32F0xx_HAL_Driver/Src/stm32f0xx_hal_spi_ex.o
LOAD ./Drivers/STM32F0xx_HAL_Driver/Src/stm32f0xx_hal_tim.o
LOAD ./Drivers/STM32F0xx_HAL_Driver/Src/stm32f0xx_hal_tim_ex.o
LOAD ./Drivers/STM32F0xx_HAL_Driver/Src/stm32f0xx_hal_uart.o
LOAD ./Drivers/STM32F0xx_HAL_Driver/Src/stm32f0xx_hal_uart_ex.o
LOAD ./Drivers/STM32F0xx_HAL_Driver/Src/stm32f0xx_ll_usb.o
LOAD ./Middlewares/ST/STM32_USB_Device_Library/Class/CDC/Src/usbd_cdc.o
LOAD ./Middlewares/ST/STM32_USB_Device_Library/Core/Src/usbd_core.o
LOAD ./Middlewares/ST/STM32_USB_Device_Library/Core/Src/usbd_ctlreq.o
LOAD ./Middlewares/ST/STM32_USB_Device_Library/Core/Src/usbd_ioreq.o
LOAD ./USB_DEVICE/App/usb_device.o
LOAD ./USB_DEVICE/App/usbd_cdc_if.o
LOAD ./USB_DEVICE/App/usbd_desc.o
LOAD ./USB_DEVICE/Target/usbd_conf.o
LOAD ./decadriver/src/deca_device.o
LOAD ./decadriver/src/deca_params_init.o
LOAD ./platform/src/deca_mutex.o
LOAD ./platform/src/deca_range_tables.o
LOAD ./platform/src/deca_sleep.o
LOAD ./platform/src/deca_spi.o
LOAD ./platform/src/port.o
START GROUP
LOAD C:/ST/STM32CubeIDE_1.18.0/STM32CubeIDE/plugins/com.st.stm32cube.ide.mcu.externaltools.gnu-tools-for-stm32.13.3.rel1.win32_1.0.0.202411081344/tools/bin/../lib/gcc/arm-none-eabi/13.3.1/../../../../arm-none-eabi/lib/thumb/v6-m/nofp\libc_nano.a
LOAD C:/ST/STM32CubeIDE_1.18.0/STM32CubeIDE/plugins/com.st.stm32cube.ide.mcu.externaltools.gnu-tools-for-stm32.13.3.rel1.win32_1.0.0.202411081344/tools/bin/../lib/gcc/arm-none-eabi/13.3.1/../../../../arm-none-eabi/lib/thumb/v6-m/nofp\libm.a
END GROUP
START GROUP
LOAD C:/ST/STM32CubeIDE_1.18.0/STM32CubeIDE/plugins/com.st.stm32cube.ide.mcu.externaltools.gnu-tools-for-stm32.13.3.rel1.win32_1.0.0.202411081344/tools/bin/../lib/gcc/arm-none-eabi/13.3.1/thumb/v6-m/nofp\libgcc.a
LOAD C:/ST/STM32CubeIDE_1.18.0/STM32CubeIDE/plugins/com.st.stm32cube.ide.mcu.externaltools.gnu-tools-for-stm32.13.3.rel1.win32_1.0.0.202411081344/tools/bin/../lib/gcc/arm-none-eabi/13.3.1/../../../../arm-none-eabi/lib/thumb/v6-m/nofp\libc_nano.a
END GROUP
START GROUP
LOAD C:/ST/STM32CubeIDE_1.18.0/STM32CubeIDE/plugins/com.st.stm32cube.ide.mcu.externaltools.gnu-tools-for-stm32.13.3.rel1.win32_1.0.0.202411081344/tools/bin/../lib/gcc/arm-none-eabi/13.3.1/thumb/v6-m/nofp\libgcc.a
LOAD C:/ST/STM32CubeIDE_1.18.0/STM32CubeIDE/plugins/com.st.stm32cube.ide.mcu.externaltools.gnu-tools-for-stm32.13.3.rel1.win32_1.0.0.202411081344/tools/bin/../lib/gcc/arm-none-eabi/13.3.1/../../../../arm-none-eabi/lib/thumb/v6-m/nofp\libc_nano.a
LOAD C:/ST/STM32CubeIDE_1.18.0/STM32CubeIDE/plugins/com.st.stm32cube.ide.mcu.externaltools.gnu-tools-for-stm32.13.3.rel1.win32_1.0.0.202411081344/tools/bin/../lib/gcc/arm-none-eabi/13.3.1/../../../../arm-none-eabi/lib/thumb/v6-m/nofp\libnosys.a
END GROUP
START GROUP
LOAD C:/ST/STM32CubeIDE_1.18.0/STM32CubeIDE/plugins/com.st.stm32cube.ide.mcu.externaltools.gnu-tools-for-stm32.13.3.rel1.win32_1.0.0.202411081344/tools/bin/../lib/gcc/arm-none-eabi/13.3.1/thumb/v6-m/nofp\libgcc.a
LOAD C:/ST/STM32CubeIDE_1.18.0/STM32CubeIDE/plugins/com.st.stm32cube.ide.mcu.externaltools.gnu-tools-for-stm32.13.3.rel1.win32_1.0.0.202411081344/tools/bin/../lib/gcc/arm-none-eabi/13.3.1/../../../../arm-none-eabi/lib/thumb/v6-m/nofp\libc_nano.a
LOAD C:/ST/STM32CubeIDE_1.18.0/STM32CubeIDE/plugins/com.st.stm32cube.ide.mcu.externaltools.gnu-tools-for-stm32.13.3.rel1.win32_1.0.0.202411081344/tools/bin/../lib/gcc/arm-none-eabi/13.3.1/../../../../arm-none-eabi/lib/thumb/v6-m/nofp\libnosys.a
END GROUP
LOAD C:/ST/STM32CubeIDE_1.18.0/STM32CubeIDE/plugins/com.st.stm32cube.ide.mcu.externaltools.gnu-tools-for-stm32.13.3.rel1.win32_1.0.0.202411081344/tools/bin/../lib/gcc/arm-none-eabi/13.3.1/thumb/v6-m/nofp/crtend.o
LOAD C:/ST/STM32CubeIDE_1.18.0/STM32CubeIDE/plugins/com.st.stm32cube.ide.mcu.externaltools.gnu-tools-for-stm32.13.3.rel1.win32_1.0.0.202411081344/tools/bin/../lib/gcc/arm-none-eabi/13.3.1/thumb/v6-m/nofp/crtn.o
                0x20004000                        _estack = (ORIGIN (RAM) + LENGTH (RAM))
                0x00000200                        _Min_Heap_Size = 0x200
                0x00000400                        _Min_Stack_Size = 0x400

.isr_vector     0x08000000       0xc0
                0x08000000                        . = ALIGN (0x4)
 *(.isr_vector)
 .isr_vector    0x08000000       0xc0 ./Core/Startup/startup_stm32f072cbtx.o
                0x08000000                g_pfnVectors
                0x080000c0                        . = ALIGN (0x4)

.text           0x080000c0    0x124b0
                0x080000c0                        . = ALIGN (0x4)
 *(.text)
 .text          0x080000c0       0x48 C:/ST/STM32CubeIDE_1.18.0/STM32CubeIDE/plugins/com.st.stm32cube.ide.mcu.externaltools.gnu-tools-for-stm32.13.3.rel1.win32_1.0.0.202411081344/tools/bin/../lib/gcc/arm-none-eabi/13.3.1/thumb/v6-m/nofp/crtbegin.o
 .text          0x08000108        0xe C:/ST/STM32CubeIDE_1.18.0/STM32CubeIDE/plugins/com.st.stm32cube.ide.mcu.externaltools.gnu-tools-for-stm32.13.3.rel1.win32_1.0.0.202411081344/tools/bin/../lib/gcc/arm-none-eabi/13.3.1/../../../../arm-none-eabi/lib/thumb/v6-m/nofp\libc_nano.a(libc_a-strlen.o)
                0x08000108                strlen
 *fill*         0x08000116        0x2 
 .text          0x08000118       0x14 C:/ST/STM32CubeIDE_1.18.0/STM32CubeIDE/plugins/com.st.stm32cube.ide.mcu.externaltools.gnu-tools-for-stm32.13.3.rel1.win32_1.0.0.202411081344/tools/bin/../lib/gcc/arm-none-eabi/13.3.1/thumb/v6-m/nofp\libgcc.a(_thumb1_case_uqi.o)
                0x08000118                __gnu_thumb1_case_uqi
 .text          0x0800012c       0x14 C:/ST/STM32CubeIDE_1.18.0/STM32CubeIDE/plugins/com.st.stm32cube.ide.mcu.externaltools.gnu-tools-for-stm32.13.3.rel1.win32_1.0.0.202411081344/tools/bin/../lib/gcc/arm-none-eabi/13.3.1/thumb/v6-m/nofp\libgcc.a(_thumb1_case_shi.o)
                0x0800012c                __gnu_thumb1_case_shi
 .text          0x08000140      0x114 C:/ST/STM32CubeIDE_1.18.0/STM32CubeIDE/plugins/com.st.stm32cube.ide.mcu.externaltools.gnu-tools-for-stm32.13.3.rel1.win32_1.0.0.202411081344/tools/bin/../lib/gcc/arm-none-eabi/13.3.1/thumb/v6-m/nofp\libgcc.a(_udivsi3.o)
                0x08000140                __aeabi_uidiv
                0x08000140                __udivsi3
                0x0800024c                __aeabi_uidivmod
 .text          0x08000254      0x1d4 C:/ST/STM32CubeIDE_1.18.0/STM32CubeIDE/plugins/com.st.stm32cube.ide.mcu.externaltools.gnu-tools-for-stm32.13.3.rel1.win32_1.0.0.202411081344/tools/bin/../lib/gcc/arm-none-eabi/13.3.1/thumb/v6-m/nofp\libgcc.a(_divsi3.o)
                0x08000254                __divsi3
                0x08000254                __aeabi_idiv
                0x08000420                __aeabi_idivmod
 .text          0x08000428        0x4 C:/ST/STM32CubeIDE_1.18.0/STM32CubeIDE/plugins/com.st.stm32cube.ide.mcu.externaltools.gnu-tools-for-stm32.13.3.rel1.win32_1.0.0.202411081344/tools/bin/../lib/gcc/arm-none-eabi/13.3.1/thumb/v6-m/nofp\libgcc.a(_dvmd_tls.o)
                0x08000428                __aeabi_idiv0
                0x08000428                __aeabi_ldiv0
 .text          0x0800042c       0x7c C:/ST/STM32CubeIDE_1.18.0/STM32CubeIDE/plugins/com.st.stm32cube.ide.mcu.externaltools.gnu-tools-for-stm32.13.3.rel1.win32_1.0.0.202411081344/tools/bin/../lib/gcc/arm-none-eabi/13.3.1/thumb/v6-m/nofp\libgcc.a(_arm_cmpdf2.o)
                0x0800042c                __aeabi_cdrcmple
                0x0800043c                __aeabi_cdcmple
                0x0800043c                __aeabi_cdcmpeq
                0x0800044c                __aeabi_dcmpeq
                0x08000458                __aeabi_dcmplt
                0x0800046c                __aeabi_dcmple
                0x08000480                __aeabi_dcmpgt
                0x08000494                __aeabi_dcmpge
 .text          0x080004a8       0x3c C:/ST/STM32CubeIDE_1.18.0/STM32CubeIDE/plugins/com.st.stm32cube.ide.mcu.externaltools.gnu-tools-for-stm32.13.3.rel1.win32_1.0.0.202411081344/tools/bin/../lib/gcc/arm-none-eabi/13.3.1/thumb/v6-m/nofp\libgcc.a(_fixunsdfsi.o)
                0x080004a8                __aeabi_d2uiz
                0x080004a8                __fixunsdfsi
 .text          0x080004e4       0x38 C:/ST/STM32CubeIDE_1.18.0/STM32CubeIDE/plugins/com.st.stm32cube.ide.mcu.externaltools.gnu-tools-for-stm32.13.3.rel1.win32_1.0.0.202411081344/tools/bin/../lib/gcc/arm-none-eabi/13.3.1/thumb/v6-m/nofp\libgcc.a(_fixdfdi.o)
                0x080004e4                __fixdfdi
                0x080004e4                __aeabi_d2lz
 .text          0x0800051c       0x3c C:/ST/STM32CubeIDE_1.18.0/STM32CubeIDE/plugins/com.st.stm32cube.ide.mcu.externaltools.gnu-tools-for-stm32.13.3.rel1.win32_1.0.0.202411081344/tools/bin/../lib/gcc/arm-none-eabi/13.3.1/thumb/v6-m/nofp\libgcc.a(_fixunsdfdi.o)
                0x0800051c                __fixunsdfdi
                0x0800051c                __aeabi_d2ulz
 .text          0x08000558       0x2c C:/ST/STM32CubeIDE_1.18.0/STM32CubeIDE/plugins/com.st.stm32cube.ide.mcu.externaltools.gnu-tools-for-stm32.13.3.rel1.win32_1.0.0.202411081344/tools/bin/../lib/gcc/arm-none-eabi/13.3.1/thumb/v6-m/nofp\libgcc.a(_floatdidf.o)
                0x08000558                __aeabi_l2d
                0x08000558                __floatdidf
 .text          0x08000584      0x78c C:/ST/STM32CubeIDE_1.18.0/STM32CubeIDE/plugins/com.st.stm32cube.ide.mcu.externaltools.gnu-tools-for-stm32.13.3.rel1.win32_1.0.0.202411081344/tools/bin/../lib/gcc/arm-none-eabi/13.3.1/thumb/v6-m/nofp\libgcc.a(adddf3.o)
                0x08000584                __aeabi_dadd
 .text          0x08000d10      0x630 C:/ST/STM32CubeIDE_1.18.0/STM32CubeIDE/plugins/com.st.stm32cube.ide.mcu.externaltools.gnu-tools-for-stm32.13.3.rel1.win32_1.0.0.202411081344/tools/bin/../lib/gcc/arm-none-eabi/13.3.1/thumb/v6-m/nofp\libgcc.a(divdf3.o)
                0x08000d10                __aeabi_ddiv
 .text          0x08001340       0x88 C:/ST/STM32CubeIDE_1.18.0/STM32CubeIDE/plugins/com.st.stm32cube.ide.mcu.externaltools.gnu-tools-for-stm32.13.3.rel1.win32_1.0.0.202411081344/tools/bin/../lib/gcc/arm-none-eabi/13.3.1/thumb/v6-m/nofp\libgcc.a(eqdf2.o)
                0x08001340                __nedf2
                0x08001340                __eqdf2
 .text          0x080013c8       0xe0 C:/ST/STM32CubeIDE_1.18.0/STM32CubeIDE/plugins/com.st.stm32cube.ide.mcu.externaltools.gnu-tools-for-stm32.13.3.rel1.win32_1.0.0.202411081344/tools/bin/../lib/gcc/arm-none-eabi/13.3.1/thumb/v6-m/nofp\libgcc.a(gedf2.o)
                0x080013c8                __gedf2
                0x080013c8                __gtdf2
 .text          0x080014a8       0xdc C:/ST/STM32CubeIDE_1.18.0/STM32CubeIDE/plugins/com.st.stm32cube.ide.mcu.externaltools.gnu-tools-for-stm32.13.3.rel1.win32_1.0.0.202411081344/tools/bin/../lib/gcc/arm-none-eabi/13.3.1/thumb/v6-m/nofp\libgcc.a(ledf2.o)
                0x080014a8                __ledf2
                0x080014a8                __ltdf2
 .text          0x08001584      0x5cc C:/ST/STM32CubeIDE_1.18.0/STM32CubeIDE/plugins/com.st.stm32cube.ide.mcu.externaltools.gnu-tools-for-stm32.13.3.rel1.win32_1.0.0.202411081344/tools/bin/../lib/gcc/arm-none-eabi/13.3.1/thumb/v6-m/nofp\libgcc.a(muldf3.o)
                0x08001584                __aeabi_dmul
 .text          0x08001b50      0x814 C:/ST/STM32CubeIDE_1.18.0/STM32CubeIDE/plugins/com.st.stm32cube.ide.mcu.externaltools.gnu-tools-for-stm32.13.3.rel1.win32_1.0.0.202411081344/tools/bin/../lib/gcc/arm-none-eabi/13.3.1/thumb/v6-m/nofp\libgcc.a(subdf3.o)
                0x08001b50                __aeabi_dsub
 .text          0x08002364       0x44 C:/ST/STM32CubeIDE_1.18.0/STM32CubeIDE/plugins/com.st.stm32cube.ide.mcu.externaltools.gnu-tools-for-stm32.13.3.rel1.win32_1.0.0.202411081344/tools/bin/../lib/gcc/arm-none-eabi/13.3.1/thumb/v6-m/nofp\libgcc.a(unorddf2.o)
                0x08002364                __aeabi_dcmpun
 .text          0x080023a8       0x78 C:/ST/STM32CubeIDE_1.18.0/STM32CubeIDE/plugins/com.st.stm32cube.ide.mcu.externaltools.gnu-tools-for-stm32.13.3.rel1.win32_1.0.0.202411081344/tools/bin/../lib/gcc/arm-none-eabi/13.3.1/thumb/v6-m/nofp\libgcc.a(fixdfsi.o)
                0x080023a8                __aeabi_d2iz
 .text          0x08002420       0x5c C:/ST/STM32CubeIDE_1.18.0/STM32CubeIDE/plugins/com.st.stm32cube.ide.mcu.externaltools.gnu-tools-for-stm32.13.3.rel1.win32_1.0.0.202411081344/tools/bin/../lib/gcc/arm-none-eabi/13.3.1/thumb/v6-m/nofp\libgcc.a(floatsidf.o)
                0x08002420                __aeabi_i2d
 .text          0x0800247c       0x48 C:/ST/STM32CubeIDE_1.18.0/STM32CubeIDE/plugins/com.st.stm32cube.ide.mcu.externaltools.gnu-tools-for-stm32.13.3.rel1.win32_1.0.0.202411081344/tools/bin/../lib/gcc/arm-none-eabi/13.3.1/thumb/v6-m/nofp\libgcc.a(floatunsidf.o)
                0x0800247c                __aeabi_ui2d
 .text          0x080024c4       0x3c C:/ST/STM32CubeIDE_1.18.0/STM32CubeIDE/plugins/com.st.stm32cube.ide.mcu.externaltools.gnu-tools-for-stm32.13.3.rel1.win32_1.0.0.202411081344/tools/bin/../lib/gcc/arm-none-eabi/13.3.1/thumb/v6-m/nofp\libgcc.a(_clzsi2.o)
                0x080024c4                __clzsi2
 *(.text*)
 .text.anchor_main
                0x08002500      0x4a4 ./Core/Src/anchor.o
                0x08002500                anchor_main
 .text.get_tx_timestamp_u64
                0x080029a4       0x74 ./Core/Src/anchor.o
 .text.get_rx_timestamp_u64
                0x08002a18       0x74 ./Core/Src/anchor.o
 .text.final_msg_get_ts
                0x08002a8c       0x48 ./Core/Src/anchor.o
 .text.send_at_msg
                0x08002ad4       0x2c ./Core/Src/main.o
                0x08002ad4                send_at_msg
 .text.main     0x08002b00       0xa0 ./Core/Src/main.o
                0x08002b00                main
 .text.SystemClock_Config
                0x08002ba0       0xe0 ./Core/Src/main.o
                0x08002ba0                SystemClock_Config
 .text.MX_ADC_Init
                0x08002c80       0xb8 ./Core/Src/main.o
 .text.MX_SPI1_Init
                0x08002d38       0x7c ./Core/Src/main.o
 .text.MX_SPI2_Init
                0x08002db4       0x7c ./Core/Src/main.o
 .text.MX_TIM3_Init
                0x08002e30       0xac ./Core/Src/main.o
 .text.MX_USART1_UART_Init
                0x08002edc       0x68 ./Core/Src/main.o
 .text.MX_DMA_Init
                0x08002f44       0x3c ./Core/Src/main.o
 .text.MX_GPIO_Init
                0x08002f80      0x190 ./Core/Src/main.o
 .text.HAL_UARTEx_RxEventCallback
                0x08003110       0xd8 ./Core/Src/main.o
                0x08003110                HAL_UARTEx_RxEventCallback
 .text.Error_Handler
                0x080031e8        0xc ./Core/Src/main.o
                0x080031e8                Error_Handler
 .text.HAL_MspInit
                0x080031f4       0x58 ./Core/Src/stm32f0xx_hal_msp.o
                0x080031f4                HAL_MspInit
 .text.HAL_ADC_MspInit
                0x0800324c       0x8c ./Core/Src/stm32f0xx_hal_msp.o
                0x0800324c                HAL_ADC_MspInit
 .text.HAL_SPI_MspInit
                0x080032d8      0x144 ./Core/Src/stm32f0xx_hal_msp.o
                0x080032d8                HAL_SPI_MspInit
 .text.HAL_TIM_Base_MspInit
                0x0800341c       0x4c ./Core/Src/stm32f0xx_hal_msp.o
                0x0800341c                HAL_TIM_Base_MspInit
 .text.HAL_UART_MspInit
                0x08003468      0x100 ./Core/Src/stm32f0xx_hal_msp.o
                0x08003468                HAL_UART_MspInit
 .text.NMI_Handler
                0x08003568        0x8 ./Core/Src/stm32f0xx_it.o
                0x08003568                NMI_Handler
 .text.HardFault_Handler
                0x08003570        0x8 ./Core/Src/stm32f0xx_it.o
                0x08003570                HardFault_Handler
 .text.SVC_Handler
                0x08003578        0xa ./Core/Src/stm32f0xx_it.o
                0x08003578                SVC_Handler
 .text.PendSV_Handler
                0x08003582        0xa ./Core/Src/stm32f0xx_it.o
                0x08003582                PendSV_Handler
 .text.SysTick_Handler
                0x0800358c        0xe ./Core/Src/stm32f0xx_it.o
                0x0800358c                SysTick_Handler
 .text.RCC_CRS_IRQHandler
                0x0800359a        0xa ./Core/Src/stm32f0xx_it.o
                0x0800359a                RCC_CRS_IRQHandler
 .text.EXTI2_3_IRQHandler
                0x080035a4       0x10 ./Core/Src/stm32f0xx_it.o
                0x080035a4                EXTI2_3_IRQHandler
 .text.EXTI4_15_IRQHandler
                0x080035b4       0x10 ./Core/Src/stm32f0xx_it.o
                0x080035b4                EXTI4_15_IRQHandler
 .text.DMA1_Channel2_3_IRQHandler
                0x080035c4       0x18 ./Core/Src/stm32f0xx_it.o
                0x080035c4                DMA1_Channel2_3_IRQHandler
 .text.TIM3_IRQHandler
                0x080035dc       0x18 ./Core/Src/stm32f0xx_it.o
                0x080035dc                TIM3_IRQHandler
 .text.USART1_IRQHandler
                0x080035f4       0x18 ./Core/Src/stm32f0xx_it.o
                0x080035f4                USART1_IRQHandler
 .text.USB_IRQHandler
                0x0800360c       0x18 ./Core/Src/stm32f0xx_it.o
                0x0800360c                USB_IRQHandler
 .text._getpid  0x08003624        0xc ./Core/Src/syscalls.o
                0x08003624                _getpid
 .text._kill    0x08003630       0x20 ./Core/Src/syscalls.o
                0x08003630                _kill
 .text._exit    0x08003650       0x1a ./Core/Src/syscalls.o
                0x08003650                _exit
 .text._read    0x0800366a       0x3a ./Core/Src/syscalls.o
                0x0800366a                _read
 .text._write   0x080036a4       0x38 ./Core/Src/syscalls.o
                0x080036a4                _write
 .text._close   0x080036dc       0x14 ./Core/Src/syscalls.o
                0x080036dc                _close
 .text._fstat   0x080036f0       0x1c ./Core/Src/syscalls.o
                0x080036f0                _fstat
 .text._isatty  0x0800370c       0x12 ./Core/Src/syscalls.o
                0x0800370c                _isatty
 .text._lseek   0x0800371e       0x16 ./Core/Src/syscalls.o
                0x0800371e                _lseek
 .text._sbrk    0x08003734       0x6c ./Core/Src/sysmem.o
                0x08003734                _sbrk
 .text.SystemInit
                0x080037a0        0xa ./Core/Src/system_stm32f0xx.o
                0x080037a0                SystemInit
 *fill*         0x080037aa        0x2 
 .text.Reset_Handler
                0x080037ac       0x50 ./Core/Startup/startup_stm32f072cbtx.o
                0x080037ac                Reset_Handler
 .text.Default_Handler
                0x080037fc        0x2 ./Core/Startup/startup_stm32f072cbtx.o
                0x080037fc                TIM1_CC_IRQHandler
                0x080037fc                TSC_IRQHandler
                0x080037fc                ADC1_COMP_IRQHandler
                0x080037fc                I2C1_IRQHandler
                0x080037fc                SPI1_IRQHandler
                0x080037fc                TIM6_DAC_IRQHandler
                0x080037fc                USART3_4_IRQHandler
                0x080037fc                I2C2_IRQHandler
                0x080037fc                TIM17_IRQHandler
                0x080037fc                CEC_CAN_IRQHandler
                0x080037fc                RTC_IRQHandler
                0x080037fc                PVD_VDDIO2_IRQHandler
                0x080037fc                DMA1_Channel4_5_6_7_IRQHandler
                0x080037fc                TIM16_IRQHandler
                0x080037fc                DMA1_Channel1_IRQHandler
                0x080037fc                Default_Handler
                0x080037fc                TIM14_IRQHandler
                0x080037fc                TIM7_IRQHandler
                0x080037fc                TIM15_IRQHandler
                0x080037fc                EXTI0_1_IRQHandler
                0x080037fc                SPI2_IRQHandler
                0x080037fc                WWDG_IRQHandler
                0x080037fc                TIM2_IRQHandler
                0x080037fc                USART2_IRQHandler
                0x080037fc                FLASH_IRQHandler
                0x080037fc                TIM1_BRK_UP_TRG_COM_IRQHandler
 *fill*         0x080037fe        0x2 
 .text.HAL_Init
                0x08003800       0x28 ./Drivers/STM32F0xx_HAL_Driver/Src/stm32f0xx_hal.o
                0x08003800                HAL_Init
 .text.HAL_InitTick
                0x08003828       0x68 ./Drivers/STM32F0xx_HAL_Driver/Src/stm32f0xx_hal.o
                0x08003828                HAL_InitTick
 .text.HAL_IncTick
                0x08003890       0x24 ./Drivers/STM32F0xx_HAL_Driver/Src/stm32f0xx_hal.o
                0x08003890                HAL_IncTick
 .text.HAL_GetTick
                0x080038b4       0x14 ./Drivers/STM32F0xx_HAL_Driver/Src/stm32f0xx_hal.o
                0x080038b4                HAL_GetTick
 .text.HAL_Delay
                0x080038c8       0x48 ./Drivers/STM32F0xx_HAL_Driver/Src/stm32f0xx_hal.o
                0x080038c8                HAL_Delay
 .text.HAL_ADC_Init
                0x08003910      0x280 ./Drivers/STM32F0xx_HAL_Driver/Src/stm32f0xx_hal_adc.o
                0x08003910                HAL_ADC_Init
 .text.HAL_ADC_ConfigChannel
                0x08003b90      0x21c ./Drivers/STM32F0xx_HAL_Driver/Src/stm32f0xx_hal_adc.o
                0x08003b90                HAL_ADC_ConfigChannel
 .text.__NVIC_EnableIRQ
                0x08003dac       0x34 ./Drivers/STM32F0xx_HAL_Driver/Src/stm32f0xx_hal_cortex.o
 .text.__NVIC_DisableIRQ
                0x08003de0       0x44 ./Drivers/STM32F0xx_HAL_Driver/Src/stm32f0xx_hal_cortex.o
 .text.__NVIC_SetPriority
                0x08003e24       0xdc ./Drivers/STM32F0xx_HAL_Driver/Src/stm32f0xx_hal_cortex.o
 .text.SysTick_Config
                0x08003f00       0x48 ./Drivers/STM32F0xx_HAL_Driver/Src/stm32f0xx_hal_cortex.o
 .text.HAL_NVIC_SetPriority
                0x08003f48       0x2a ./Drivers/STM32F0xx_HAL_Driver/Src/stm32f0xx_hal_cortex.o
                0x08003f48                HAL_NVIC_SetPriority
 .text.HAL_NVIC_EnableIRQ
                0x08003f72       0x20 ./Drivers/STM32F0xx_HAL_Driver/Src/stm32f0xx_hal_cortex.o
                0x08003f72                HAL_NVIC_EnableIRQ
 .text.HAL_NVIC_DisableIRQ
                0x08003f92       0x20 ./Drivers/STM32F0xx_HAL_Driver/Src/stm32f0xx_hal_cortex.o
                0x08003f92                HAL_NVIC_DisableIRQ
 .text.HAL_SYSTICK_Config
                0x08003fb2       0x1a ./Drivers/STM32F0xx_HAL_Driver/Src/stm32f0xx_hal_cortex.o
                0x08003fb2                HAL_SYSTICK_Config
 .text.HAL_DMA_Init
                0x08003fcc       0x90 ./Drivers/STM32F0xx_HAL_Driver/Src/stm32f0xx_hal_dma.o
                0x08003fcc                HAL_DMA_Init
 .text.HAL_DMA_Start_IT
                0x0800405c       0xcc ./Drivers/STM32F0xx_HAL_Driver/Src/stm32f0xx_hal_dma.o
                0x0800405c                HAL_DMA_Start_IT
 .text.HAL_DMA_Abort
                0x08004128       0x70 ./Drivers/STM32F0xx_HAL_Driver/Src/stm32f0xx_hal_dma.o
                0x08004128                HAL_DMA_Abort
 .text.HAL_DMA_Abort_IT
                0x08004198       0x8a ./Drivers/STM32F0xx_HAL_Driver/Src/stm32f0xx_hal_dma.o
                0x08004198                HAL_DMA_Abort_IT
 .text.HAL_DMA_IRQHandler
                0x08004222      0x144 ./Drivers/STM32F0xx_HAL_Driver/Src/stm32f0xx_hal_dma.o
                0x08004222                HAL_DMA_IRQHandler
 .text.DMA_SetConfig
                0x08004366       0x58 ./Drivers/STM32F0xx_HAL_Driver/Src/stm32f0xx_hal_dma.o
 *fill*         0x080043be        0x2 
 .text.DMA_CalcBaseAndBitshift
                0x080043c0       0x38 ./Drivers/STM32F0xx_HAL_Driver/Src/stm32f0xx_hal_dma.o
 .text.HAL_GPIO_Init
                0x080043f8      0x2f0 ./Drivers/STM32F0xx_HAL_Driver/Src/stm32f0xx_hal_gpio.o
                0x080043f8                HAL_GPIO_Init
 .text.HAL_GPIO_ReadPin
                0x080046e8       0x3a ./Drivers/STM32F0xx_HAL_Driver/Src/stm32f0xx_hal_gpio.o
                0x080046e8                HAL_GPIO_ReadPin
 .text.HAL_GPIO_WritePin
                0x08004722       0x3a ./Drivers/STM32F0xx_HAL_Driver/Src/stm32f0xx_hal_gpio.o
                0x08004722                HAL_GPIO_WritePin
 .text.HAL_GPIO_EXTI_IRQHandler
                0x0800475c       0x38 ./Drivers/STM32F0xx_HAL_Driver/Src/stm32f0xx_hal_gpio.o
                0x0800475c                HAL_GPIO_EXTI_IRQHandler
 .text.HAL_PCD_Init
                0x08004794      0x1e8 ./Drivers/STM32F0xx_HAL_Driver/Src/stm32f0xx_hal_pcd.o
                0x08004794                HAL_PCD_Init
 .text.HAL_PCD_Start
                0x0800497c       0x4a ./Drivers/STM32F0xx_HAL_Driver/Src/stm32f0xx_hal_pcd.o
                0x0800497c                HAL_PCD_Start
 *fill*         0x080049c6        0x2 
 .text.HAL_PCD_IRQHandler
                0x080049c8      0x288 ./Drivers/STM32F0xx_HAL_Driver/Src/stm32f0xx_hal_pcd.o
                0x080049c8                HAL_PCD_IRQHandler
 .text.HAL_PCD_SetAddress
                0x08004c50       0x54 ./Drivers/STM32F0xx_HAL_Driver/Src/stm32f0xx_hal_pcd.o
                0x08004c50                HAL_PCD_SetAddress
 .text.HAL_PCD_EP_Open
                0x08004ca4       0xde ./Drivers/STM32F0xx_HAL_Driver/Src/stm32f0xx_hal_pcd.o
                0x08004ca4                HAL_PCD_EP_Open
 .text.HAL_PCD_EP_Close
                0x08004d82       0xa2 ./Drivers/STM32F0xx_HAL_Driver/Src/stm32f0xx_hal_pcd.o
                0x08004d82                HAL_PCD_EP_Close
 .text.HAL_PCD_EP_Receive
                0x08004e24       0x6e ./Drivers/STM32F0xx_HAL_Driver/Src/stm32f0xx_hal_pcd.o
                0x08004e24                HAL_PCD_EP_Receive
 .text.HAL_PCD_EP_GetRxCount
                0x08004e92       0x32 ./Drivers/STM32F0xx_HAL_Driver/Src/stm32f0xx_hal_pcd.o
                0x08004e92                HAL_PCD_EP_GetRxCount
 .text.HAL_PCD_EP_Transmit
                0x08004ec4       0x78 ./Drivers/STM32F0xx_HAL_Driver/Src/stm32f0xx_hal_pcd.o
                0x08004ec4                HAL_PCD_EP_Transmit
 .text.HAL_PCD_EP_SetStall
                0x08004f3c       0xb8 ./Drivers/STM32F0xx_HAL_Driver/Src/stm32f0xx_hal_pcd.o
                0x08004f3c                HAL_PCD_EP_SetStall
 .text.HAL_PCD_EP_ClrStall
                0x08004ff4       0xbc ./Drivers/STM32F0xx_HAL_Driver/Src/stm32f0xx_hal_pcd.o
                0x08004ff4                HAL_PCD_EP_ClrStall
 .text.PCD_EP_ISR_Handler
                0x080050b0      0x808 ./Drivers/STM32F0xx_HAL_Driver/Src/stm32f0xx_hal_pcd.o
 .text.HAL_PCD_EP_DB_Receive
                0x080058b8      0x238 ./Drivers/STM32F0xx_HAL_Driver/Src/stm32f0xx_hal_pcd.o
 .text.HAL_PCD_EP_DB_Transmit
                0x08005af0      0x820 ./Drivers/STM32F0xx_HAL_Driver/Src/stm32f0xx_hal_pcd.o
 .text.HAL_PCDEx_PMAConfig
                0x08006310       0x9c ./Drivers/STM32F0xx_HAL_Driver/Src/stm32f0xx_hal_pcd_ex.o
                0x08006310                HAL_PCDEx_PMAConfig
 .text.HAL_PCDEx_ActivateLPM
                0x080063ac       0x54 ./Drivers/STM32F0xx_HAL_Driver/Src/stm32f0xx_hal_pcd_ex.o
                0x080063ac                HAL_PCDEx_ActivateLPM
 .text.HAL_PCDEx_LPM_Callback
                0x08006400       0x16 ./Drivers/STM32F0xx_HAL_Driver/Src/stm32f0xx_hal_pcd_ex.o
                0x08006400                HAL_PCDEx_LPM_Callback
 *fill*         0x08006416        0x2 
 .text.HAL_RCC_OscConfig
                0x08006418      0x70c ./Drivers/STM32F0xx_HAL_Driver/Src/stm32f0xx_hal_rcc.o
                0x08006418                HAL_RCC_OscConfig
 .text.HAL_RCC_ClockConfig
                0x08006b24      0x1b4 ./Drivers/STM32F0xx_HAL_Driver/Src/stm32f0xx_hal_rcc.o
                0x08006b24                HAL_RCC_ClockConfig
 .text.HAL_RCC_GetSysClockFreq
                0x08006cd8       0xe4 ./Drivers/STM32F0xx_HAL_Driver/Src/stm32f0xx_hal_rcc.o
                0x08006cd8                HAL_RCC_GetSysClockFreq
 .text.HAL_RCC_GetHCLKFreq
                0x08006dbc       0x14 ./Drivers/STM32F0xx_HAL_Driver/Src/stm32f0xx_hal_rcc.o
                0x08006dbc                HAL_RCC_GetHCLKFreq
 .text.HAL_RCC_GetPCLK1Freq
                0x08006dd0       0x2c ./Drivers/STM32F0xx_HAL_Driver/Src/stm32f0xx_hal_rcc.o
                0x08006dd0                HAL_RCC_GetPCLK1Freq
 .text.HAL_RCCEx_PeriphCLKConfig
                0x08006dfc      0x1fc ./Drivers/STM32F0xx_HAL_Driver/Src/stm32f0xx_hal_rcc_ex.o
                0x08006dfc                HAL_RCCEx_PeriphCLKConfig
 .text.HAL_SPI_Init
                0x08006ff8      0x170 ./Drivers/STM32F0xx_HAL_Driver/Src/stm32f0xx_hal_spi.o
                0x08006ff8                HAL_SPI_Init
 .text.HAL_SPI_Transmit
                0x08007168      0x2be ./Drivers/STM32F0xx_HAL_Driver/Src/stm32f0xx_hal_spi.o
                0x08007168                HAL_SPI_Transmit
 *fill*         0x08007426        0x2 
 .text.HAL_SPI_Receive
                0x08007428      0x2a4 ./Drivers/STM32F0xx_HAL_Driver/Src/stm32f0xx_hal_spi.o
                0x08007428                HAL_SPI_Receive
 .text.HAL_SPI_TransmitReceive
                0x080076cc      0x3c4 ./Drivers/STM32F0xx_HAL_Driver/Src/stm32f0xx_hal_spi.o
                0x080076cc                HAL_SPI_TransmitReceive
 .text.HAL_SPI_GetState
                0x08007a90       0x18 ./Drivers/STM32F0xx_HAL_Driver/Src/stm32f0xx_hal_spi.o
                0x08007a90                HAL_SPI_GetState
 .text.SPI_WaitFlagStateUntilTimeout
                0x08007aa8      0x11c ./Drivers/STM32F0xx_HAL_Driver/Src/stm32f0xx_hal_spi.o
 .text.SPI_WaitFifoStateUntilTimeout
                0x08007bc4      0x144 ./Drivers/STM32F0xx_HAL_Driver/Src/stm32f0xx_hal_spi.o
 .text.SPI_EndRxTransaction
                0x08007d08       0xbc ./Drivers/STM32F0xx_HAL_Driver/Src/stm32f0xx_hal_spi.o
 .text.SPI_EndRxTxTransaction
                0x08007dc4       0x8c ./Drivers/STM32F0xx_HAL_Driver/Src/stm32f0xx_hal_spi.o
 .text.HAL_TIM_Base_Init
                0x08007e50       0xa0 ./Drivers/STM32F0xx_HAL_Driver/Src/stm32f0xx_hal_tim.o
                0x08007e50                HAL_TIM_Base_Init
 .text.HAL_TIM_IRQHandler
                0x08007ef0      0x1dc ./Drivers/STM32F0xx_HAL_Driver/Src/stm32f0xx_hal_tim.o
                0x08007ef0                HAL_TIM_IRQHandler
 .text.HAL_TIM_ConfigClockSource
                0x080080cc      0x1a8 ./Drivers/STM32F0xx_HAL_Driver/Src/stm32f0xx_hal_tim.o
                0x080080cc                HAL_TIM_ConfigClockSource
 .text.HAL_TIM_PeriodElapsedCallback
                0x08008274       0x10 ./Drivers/STM32F0xx_HAL_Driver/Src/stm32f0xx_hal_tim.o
                0x08008274                HAL_TIM_PeriodElapsedCallback
 .text.HAL_TIM_OC_DelayElapsedCallback
                0x08008284       0x10 ./Drivers/STM32F0xx_HAL_Driver/Src/stm32f0xx_hal_tim.o
                0x08008284                HAL_TIM_OC_DelayElapsedCallback
 .text.HAL_TIM_IC_CaptureCallback
                0x08008294       0x10 ./Drivers/STM32F0xx_HAL_Driver/Src/stm32f0xx_hal_tim.o
                0x08008294                HAL_TIM_IC_CaptureCallback
 .text.HAL_TIM_PWM_PulseFinishedCallback
                0x080082a4       0x10 ./Drivers/STM32F0xx_HAL_Driver/Src/stm32f0xx_hal_tim.o
                0x080082a4                HAL_TIM_PWM_PulseFinishedCallback
 .text.HAL_TIM_TriggerCallback
                0x080082b4       0x10 ./Drivers/STM32F0xx_HAL_Driver/Src/stm32f0xx_hal_tim.o
                0x080082b4                HAL_TIM_TriggerCallback
 .text.TIM_Base_SetConfig
                0x080082c4      0x11c ./Drivers/STM32F0xx_HAL_Driver/Src/stm32f0xx_hal_tim.o
                0x080082c4                TIM_Base_SetConfig
 .text.TIM_TI1_ConfigInputStage
                0x080083e0       0x5c ./Drivers/STM32F0xx_HAL_Driver/Src/stm32f0xx_hal_tim.o
 .text.TIM_TI2_ConfigInputStage
                0x0800843c       0x64 ./Drivers/STM32F0xx_HAL_Driver/Src/stm32f0xx_hal_tim.o
 .text.TIM_ITRx_SetConfig
                0x080084a0       0x32 ./Drivers/STM32F0xx_HAL_Driver/Src/stm32f0xx_hal_tim.o
 *fill*         0x080084d2        0x2 
 .text.TIM_ETR_SetConfig
                0x080084d4       0x40 ./Drivers/STM32F0xx_HAL_Driver/Src/stm32f0xx_hal_tim.o
                0x080084d4                TIM_ETR_SetConfig
 .text.HAL_TIMEx_MasterConfigSynchronization
                0x08008514       0xbc ./Drivers/STM32F0xx_HAL_Driver/Src/stm32f0xx_hal_tim_ex.o
                0x08008514                HAL_TIMEx_MasterConfigSynchronization
 .text.HAL_TIMEx_CommutCallback
                0x080085d0       0x10 ./Drivers/STM32F0xx_HAL_Driver/Src/stm32f0xx_hal_tim_ex.o
                0x080085d0                HAL_TIMEx_CommutCallback
 .text.HAL_TIMEx_BreakCallback
                0x080085e0       0x10 ./Drivers/STM32F0xx_HAL_Driver/Src/stm32f0xx_hal_tim_ex.o
                0x080085e0                HAL_TIMEx_BreakCallback
 .text.HAL_UART_Init
                0x080085f0       0xcc ./Drivers/STM32F0xx_HAL_Driver/Src/stm32f0xx_hal_uart.o
                0x080085f0                HAL_UART_Init
 .text.HAL_UART_Transmit_IT
                0x080086bc       0xe0 ./Drivers/STM32F0xx_HAL_Driver/Src/stm32f0xx_hal_uart.o
                0x080086bc                HAL_UART_Transmit_IT
 .text.HAL_UART_IRQHandler
                0x0800879c      0x5d4 ./Drivers/STM32F0xx_HAL_Driver/Src/stm32f0xx_hal_uart.o
                0x0800879c                HAL_UART_IRQHandler
 .text.HAL_UART_TxCpltCallback
                0x08008d70       0x10 ./Drivers/STM32F0xx_HAL_Driver/Src/stm32f0xx_hal_uart.o
                0x08008d70                HAL_UART_TxCpltCallback
 .text.HAL_UART_TxHalfCpltCallback
                0x08008d80       0x10 ./Drivers/STM32F0xx_HAL_Driver/Src/stm32f0xx_hal_uart.o
                0x08008d80                HAL_UART_TxHalfCpltCallback
 .text.HAL_UART_RxCpltCallback
                0x08008d90       0x10 ./Drivers/STM32F0xx_HAL_Driver/Src/stm32f0xx_hal_uart.o
                0x08008d90                HAL_UART_RxCpltCallback
 .text.HAL_UART_RxHalfCpltCallback
                0x08008da0       0x10 ./Drivers/STM32F0xx_HAL_Driver/Src/stm32f0xx_hal_uart.o
                0x08008da0                HAL_UART_RxHalfCpltCallback
 .text.HAL_UART_ErrorCallback
                0x08008db0       0x10 ./Drivers/STM32F0xx_HAL_Driver/Src/stm32f0xx_hal_uart.o
                0x08008db0                HAL_UART_ErrorCallback
 .text.HAL_UART_AbortCpltCallback
                0x08008dc0       0x10 ./Drivers/STM32F0xx_HAL_Driver/Src/stm32f0xx_hal_uart.o
                0x08008dc0                HAL_UART_AbortCpltCallback
 .text.HAL_UART_AbortTransmitCpltCallback
                0x08008dd0       0x10 ./Drivers/STM32F0xx_HAL_Driver/Src/stm32f0xx_hal_uart.o
                0x08008dd0                HAL_UART_AbortTransmitCpltCallback
 .text.HAL_UART_AbortReceiveCpltCallback
                0x08008de0       0x10 ./Drivers/STM32F0xx_HAL_Driver/Src/stm32f0xx_hal_uart.o
                0x08008de0                HAL_UART_AbortReceiveCpltCallback
 .text.UART_InitCallbacksToDefault
                0x08008df0       0x88 ./Drivers/STM32F0xx_HAL_Driver/Src/stm32f0xx_hal_uart.o
                0x08008df0                UART_InitCallbacksToDefault
 .text.UART_SetConfig
                0x08008e78      0x310 ./Drivers/STM32F0xx_HAL_Driver/Src/stm32f0xx_hal_uart.o
                0x08008e78                UART_SetConfig
 .text.UART_AdvFeatureConfig
                0x08009188      0x168 ./Drivers/STM32F0xx_HAL_Driver/Src/stm32f0xx_hal_uart.o
                0x08009188                UART_AdvFeatureConfig
 .text.UART_CheckIdleState
                0x080092f0      0x150 ./Drivers/STM32F0xx_HAL_Driver/Src/stm32f0xx_hal_uart.o
                0x080092f0                UART_CheckIdleState
 .text.UART_WaitOnFlagUntilTimeout
                0x08009440       0xde ./Drivers/STM32F0xx_HAL_Driver/Src/stm32f0xx_hal_uart.o
                0x08009440                UART_WaitOnFlagUntilTimeout
 *fill*         0x0800951e        0x2 
 .text.UART_Start_Receive_DMA
                0x08009520      0x140 ./Drivers/STM32F0xx_HAL_Driver/Src/stm32f0xx_hal_uart.o
                0x08009520                UART_Start_Receive_DMA
 .text.UART_EndTxTransfer
                0x08009660       0x48 ./Drivers/STM32F0xx_HAL_Driver/Src/stm32f0xx_hal_uart.o
 .text.UART_EndRxTransfer
                0x080096a8       0xc8 ./Drivers/STM32F0xx_HAL_Driver/Src/stm32f0xx_hal_uart.o
 .text.UART_DMAReceiveCplt
                0x08009770      0x130 ./Drivers/STM32F0xx_HAL_Driver/Src/stm32f0xx_hal_uart.o
 .text.UART_DMARxHalfCplt
                0x080098a0       0x48 ./Drivers/STM32F0xx_HAL_Driver/Src/stm32f0xx_hal_uart.o
 .text.UART_DMAError
                0x080098e8       0x88 ./Drivers/STM32F0xx_HAL_Driver/Src/stm32f0xx_hal_uart.o
 .text.UART_DMAAbortOnError
                0x08009970       0x32 ./Drivers/STM32F0xx_HAL_Driver/Src/stm32f0xx_hal_uart.o
 .text.UART_TxISR_8BIT
                0x080099a2       0xb2 ./Drivers/STM32F0xx_HAL_Driver/Src/stm32f0xx_hal_uart.o
 .text.UART_TxISR_16BIT
                0x08009a54       0xbc ./Drivers/STM32F0xx_HAL_Driver/Src/stm32f0xx_hal_uart.o
 .text.UART_EndTransmit_IT
                0x08009b10       0x5a ./Drivers/STM32F0xx_HAL_Driver/Src/stm32f0xx_hal_uart.o
 .text.HAL_UARTEx_WakeupCallback
                0x08009b6a       0x10 ./Drivers/STM32F0xx_HAL_Driver/Src/stm32f0xx_hal_uart_ex.o
                0x08009b6a                HAL_UARTEx_WakeupCallback
 .text.HAL_UARTEx_ReceiveToIdle_DMA
                0x08009b7a       0xd0 ./Drivers/STM32F0xx_HAL_Driver/Src/stm32f0xx_hal_uart_ex.o
                0x08009b7a                HAL_UARTEx_ReceiveToIdle_DMA
 *fill*         0x08009c4a        0x2 
 .text.USB_EnableGlobalInt
                0x08009c4c       0x2c ./Drivers/STM32F0xx_HAL_Driver/Src/stm32f0xx_ll_usb.o
                0x08009c4c                USB_EnableGlobalInt
 .text.USB_DisableGlobalInt
                0x08009c78       0x34 ./Drivers/STM32F0xx_HAL_Driver/Src/stm32f0xx_ll_usb.o
                0x08009c78                USB_DisableGlobalInt
 .text.USB_DevInit
                0x08009cac       0x38 ./Drivers/STM32F0xx_HAL_Driver/Src/stm32f0xx_ll_usb.o
                0x08009cac                USB_DevInit
 .text.USB_ActivateEndpoint
                0x08009ce4      0x750 ./Drivers/STM32F0xx_HAL_Driver/Src/stm32f0xx_ll_usb.o
                0x08009ce4                USB_ActivateEndpoint
 .text.USB_DeactivateEndpoint
                0x0800a434      0x380 ./Drivers/STM32F0xx_HAL_Driver/Src/stm32f0xx_ll_usb.o
                0x0800a434                USB_DeactivateEndpoint
 .text.USB_EPStartXfer
                0x0800a7b4     0x1260 ./Drivers/STM32F0xx_HAL_Driver/Src/stm32f0xx_ll_usb.o
                0x0800a7b4                USB_EPStartXfer
 .text.USB_EPSetStall
                0x0800ba14       0xa0 ./Drivers/STM32F0xx_HAL_Driver/Src/stm32f0xx_ll_usb.o
                0x0800ba14                USB_EPSetStall
 .text.USB_EPClearStall
                0x0800bab4      0x164 ./Drivers/STM32F0xx_HAL_Driver/Src/stm32f0xx_ll_usb.o
                0x0800bab4                USB_EPClearStall
 .text.USB_SetDevAddress
                0x0800bc18       0x28 ./Drivers/STM32F0xx_HAL_Driver/Src/stm32f0xx_ll_usb.o
                0x0800bc18                USB_SetDevAddress
 .text.USB_DevConnect
                0x0800bc40       0x2c ./Drivers/STM32F0xx_HAL_Driver/Src/stm32f0xx_ll_usb.o
                0x0800bc40                USB_DevConnect
 .text.USB_ReadInterrupts
                0x0800bc6c       0x1c ./Drivers/STM32F0xx_HAL_Driver/Src/stm32f0xx_ll_usb.o
                0x0800bc6c                USB_ReadInterrupts
 .text.USB_WritePMA
                0x0800bc88       0x94 ./Drivers/STM32F0xx_HAL_Driver/Src/stm32f0xx_ll_usb.o
                0x0800bc88                USB_WritePMA
 .text.USB_ReadPMA
                0x0800bd1c       0x9e ./Drivers/STM32F0xx_HAL_Driver/Src/stm32f0xx_ll_usb.o
                0x0800bd1c                USB_ReadPMA
 .text.USBD_CDC_Init
                0x0800bdba      0x118 ./Middlewares/ST/STM32_USB_Device_Library/Class/CDC/Src/usbd_cdc.o
 .text.USBD_CDC_DeInit
                0x0800bed2       0x88 ./Middlewares/ST/STM32_USB_Device_Library/Class/CDC/Src/usbd_cdc.o
 *fill*         0x0800bf5a        0x2 
 .text.USBD_CDC_Setup
                0x0800bf5c      0x190 ./Middlewares/ST/STM32_USB_Device_Library/Class/CDC/Src/usbd_cdc.o
 .text.USBD_CDC_DataIn
                0x0800c0ec       0xb6 ./Middlewares/ST/STM32_USB_Device_Library/Class/CDC/Src/usbd_cdc.o
 .text.USBD_CDC_DataOut
                0x0800c1a2       0x6a ./Middlewares/ST/STM32_USB_Device_Library/Class/CDC/Src/usbd_cdc.o
 .text.USBD_CDC_EP0_RxReady
                0x0800c20c       0x60 ./Middlewares/ST/STM32_USB_Device_Library/Class/CDC/Src/usbd_cdc.o
 .text.USBD_CDC_GetFSCfgDesc
                0x0800c26c       0x1c ./Middlewares/ST/STM32_USB_Device_Library/Class/CDC/Src/usbd_cdc.o
 .text.USBD_CDC_GetHSCfgDesc
                0x0800c288       0x1c ./Middlewares/ST/STM32_USB_Device_Library/Class/CDC/Src/usbd_cdc.o
 .text.USBD_CDC_GetOtherSpeedCfgDesc
                0x0800c2a4       0x1c ./Middlewares/ST/STM32_USB_Device_Library/Class/CDC/Src/usbd_cdc.o
 .text.USBD_CDC_GetDeviceQualifierDescriptor
                0x0800c2c0       0x1c ./Middlewares/ST/STM32_USB_Device_Library/Class/CDC/Src/usbd_cdc.o
                0x0800c2c0                USBD_CDC_GetDeviceQualifierDescriptor
 .text.USBD_CDC_RegisterInterface
                0x0800c2dc       0x36 ./Middlewares/ST/STM32_USB_Device_Library/Class/CDC/Src/usbd_cdc.o
                0x0800c2dc                USBD_CDC_RegisterInterface
 .text.USBD_CDC_SetTxBuffer
                0x0800c312       0x38 ./Middlewares/ST/STM32_USB_Device_Library/Class/CDC/Src/usbd_cdc.o
                0x0800c312                USBD_CDC_SetTxBuffer
 .text.USBD_CDC_SetRxBuffer
                0x0800c34a       0x28 ./Middlewares/ST/STM32_USB_Device_Library/Class/CDC/Src/usbd_cdc.o
                0x0800c34a                USBD_CDC_SetRxBuffer
 .text.USBD_CDC_TransmitPacket
                0x0800c372       0x6e ./Middlewares/ST/STM32_USB_Device_Library/Class/CDC/Src/usbd_cdc.o
                0x0800c372                USBD_CDC_TransmitPacket
 .text.USBD_CDC_ReceivePacket
                0x0800c3e0       0x5c ./Middlewares/ST/STM32_USB_Device_Library/Class/CDC/Src/usbd_cdc.o
                0x0800c3e0                USBD_CDC_ReceivePacket
 .text.USBD_Init
                0x0800c43c       0x62 ./Middlewares/ST/STM32_USB_Device_Library/Core/Src/usbd_core.o
                0x0800c43c                USBD_Init
 .text.USBD_RegisterClass
                0x0800c49e       0x40 ./Middlewares/ST/STM32_USB_Device_Library/Core/Src/usbd_core.o
                0x0800c49e                USBD_RegisterClass
 .text.USBD_Start
                0x0800c4de       0x1a ./Middlewares/ST/STM32_USB_Device_Library/Core/Src/usbd_core.o
                0x0800c4de                USBD_Start
 .text.USBD_RunTestMode
                0x0800c4f8       0x12 ./Middlewares/ST/STM32_USB_Device_Library/Core/Src/usbd_core.o
                0x0800c4f8                USBD_RunTestMode
 .text.USBD_SetClassConfig
                0x0800c50a       0x4e ./Middlewares/ST/STM32_USB_Device_Library/Core/Src/usbd_core.o
                0x0800c50a                USBD_SetClassConfig
 .text.USBD_ClrClassConfig
                0x0800c558       0x2c ./Middlewares/ST/STM32_USB_Device_Library/Core/Src/usbd_core.o
                0x0800c558                USBD_ClrClassConfig
 .text.USBD_LL_SetupStage
                0x0800c584       0xbc ./Middlewares/ST/STM32_USB_Device_Library/Core/Src/usbd_core.o
                0x0800c584                USBD_LL_SetupStage
 .text.USBD_LL_DataOutStage
                0x0800c640      0x104 ./Middlewares/ST/STM32_USB_Device_Library/Core/Src/usbd_core.o
                0x0800c640                USBD_LL_DataOutStage
 .text.USBD_LL_DataInStage
                0x0800c744      0x17a ./Middlewares/ST/STM32_USB_Device_Library/Core/Src/usbd_core.o
                0x0800c744                USBD_LL_DataInStage
 .text.USBD_LL_Reset
                0x0800c8be       0x90 ./Middlewares/ST/STM32_USB_Device_Library/Core/Src/usbd_core.o
                0x0800c8be                USBD_LL_Reset
 .text.USBD_LL_SetSpeed
                0x0800c94e       0x20 ./Middlewares/ST/STM32_USB_Device_Library/Core/Src/usbd_core.o
                0x0800c94e                USBD_LL_SetSpeed
 *fill*         0x0800c96e        0x2 
 .text.USBD_LL_Suspend
                0x0800c970       0x30 ./Middlewares/ST/STM32_USB_Device_Library/Core/Src/usbd_core.o
                0x0800c970                USBD_LL_Suspend
 .text.USBD_LL_Resume
                0x0800c9a0       0x30 ./Middlewares/ST/STM32_USB_Device_Library/Core/Src/usbd_core.o
                0x0800c9a0                USBD_LL_Resume
 .text.USBD_LL_SOF
                0x0800c9d0       0x3c ./Middlewares/ST/STM32_USB_Device_Library/Core/Src/usbd_core.o
                0x0800c9d0                USBD_LL_SOF
 .text.USBD_StdDevReq
                0x0800ca0c       0xe4 ./Middlewares/ST/STM32_USB_Device_Library/Core/Src/usbd_ctlreq.o
                0x0800ca0c                USBD_StdDevReq
 .text.USBD_StdItfReq
                0x0800caf0       0xae ./Middlewares/ST/STM32_USB_Device_Library/Core/Src/usbd_ctlreq.o
                0x0800caf0                USBD_StdItfReq
 .text.USBD_StdEPReq
                0x0800cb9e      0x36c ./Middlewares/ST/STM32_USB_Device_Library/Core/Src/usbd_ctlreq.o
                0x0800cb9e                USBD_StdEPReq
 *fill*         0x0800cf0a        0x2 
 .text.USBD_GetDescriptor
                0x0800cf0c      0x364 ./Middlewares/ST/STM32_USB_Device_Library/Core/Src/usbd_ctlreq.o
 .text.USBD_SetAddress
                0x0800d270       0xa8 ./Middlewares/ST/STM32_USB_Device_Library/Core/Src/usbd_ctlreq.o
 .text.USBD_SetConfig
                0x0800d318      0x148 ./Middlewares/ST/STM32_USB_Device_Library/Core/Src/usbd_ctlreq.o
 .text.USBD_GetConfig
                0x0800d460       0x76 ./Middlewares/ST/STM32_USB_Device_Library/Core/Src/usbd_ctlreq.o
 .text.USBD_GetStatus
                0x0800d4d6       0x74 ./Middlewares/ST/STM32_USB_Device_Library/Core/Src/usbd_ctlreq.o
 .text.USBD_SetFeature
                0x0800d54a       0x2c ./Middlewares/ST/STM32_USB_Device_Library/Core/Src/usbd_ctlreq.o
 .text.USBD_ClrFeature
                0x0800d576       0x4c ./Middlewares/ST/STM32_USB_Device_Library/Core/Src/usbd_ctlreq.o
 .text.USBD_ParseSetupRequest
                0x0800d5c2       0x70 ./Middlewares/ST/STM32_USB_Device_Library/Core/Src/usbd_ctlreq.o
                0x0800d5c2                USBD_ParseSetupRequest
 .text.USBD_CtlError
                0x0800d632       0x26 ./Middlewares/ST/STM32_USB_Device_Library/Core/Src/usbd_ctlreq.o
                0x0800d632                USBD_CtlError
 .text.USBD_GetString
                0x0800d658       0x9c ./Middlewares/ST/STM32_USB_Device_Library/Core/Src/usbd_ctlreq.o
                0x0800d658                USBD_GetString
 .text.USBD_GetLen
                0x0800d6f4       0x3a ./Middlewares/ST/STM32_USB_Device_Library/Core/Src/usbd_ctlreq.o
 .text.USBD_CtlSendData
                0x0800d72e       0x40 ./Middlewares/ST/STM32_USB_Device_Library/Core/Src/usbd_ioreq.o
                0x0800d72e                USBD_CtlSendData
 .text.USBD_CtlContinueSendData
                0x0800d76e       0x26 ./Middlewares/ST/STM32_USB_Device_Library/Core/Src/usbd_ioreq.o
                0x0800d76e                USBD_CtlContinueSendData
 .text.USBD_CtlPrepareRx
                0x0800d794       0x48 ./Middlewares/ST/STM32_USB_Device_Library/Core/Src/usbd_ioreq.o
                0x0800d794                USBD_CtlPrepareRx
 .text.USBD_CtlContinueRx
                0x0800d7dc       0x26 ./Middlewares/ST/STM32_USB_Device_Library/Core/Src/usbd_ioreq.o
                0x0800d7dc                USBD_CtlContinueRx
 .text.USBD_CtlSendStatus
                0x0800d802       0x28 ./Middlewares/ST/STM32_USB_Device_Library/Core/Src/usbd_ioreq.o
                0x0800d802                USBD_CtlSendStatus
 .text.USBD_CtlReceiveStatus
                0x0800d82a       0x28 ./Middlewares/ST/STM32_USB_Device_Library/Core/Src/usbd_ioreq.o
                0x0800d82a                USBD_CtlReceiveStatus
 *fill*         0x0800d852        0x2 
 .text.MX_USB_DEVICE_Init
                0x0800d854       0x68 ./USB_DEVICE/App/usb_device.o
                0x0800d854                MX_USB_DEVICE_Init
 .text.CDC_Init_FS
                0x0800d8bc       0x30 ./USB_DEVICE/App/usbd_cdc_if.o
 .text.CDC_DeInit_FS
                0x0800d8ec        0xc ./USB_DEVICE/App/usbd_cdc_if.o
 .text.CDC_Control_FS
                0x0800d8f8       0x38 ./USB_DEVICE/App/usbd_cdc_if.o
 .text.CDC_Receive_FS
                0x0800d930       0x2c ./USB_DEVICE/App/usbd_cdc_if.o
 .text.CDC_Transmit_FS
                0x0800d95c       0x60 ./USB_DEVICE/App/usbd_cdc_if.o
                0x0800d95c                CDC_Transmit_FS
 .text.USBD_FS_DeviceDescriptor
                0x0800d9bc       0x24 ./USB_DEVICE/App/usbd_desc.o
                0x0800d9bc                USBD_FS_DeviceDescriptor
 .text.USBD_FS_LangIDStrDescriptor
                0x0800d9e0       0x24 ./USB_DEVICE/App/usbd_desc.o
                0x0800d9e0                USBD_FS_LangIDStrDescriptor
 .text.USBD_FS_ProductStrDescriptor
                0x0800da04       0x44 ./USB_DEVICE/App/usbd_desc.o
                0x0800da04                USBD_FS_ProductStrDescriptor
 .text.USBD_FS_ManufacturerStrDescriptor
                0x0800da48       0x2c ./USB_DEVICE/App/usbd_desc.o
                0x0800da48                USBD_FS_ManufacturerStrDescriptor
 .text.USBD_FS_SerialStrDescriptor
                0x0800da74       0x28 ./USB_DEVICE/App/usbd_desc.o
                0x0800da74                USBD_FS_SerialStrDescriptor
 .text.USBD_FS_ConfigStrDescriptor
                0x0800da9c       0x44 ./USB_DEVICE/App/usbd_desc.o
                0x0800da9c                USBD_FS_ConfigStrDescriptor
 .text.USBD_FS_InterfaceStrDescriptor
                0x0800dae0       0x44 ./USB_DEVICE/App/usbd_desc.o
                0x0800dae0                USBD_FS_InterfaceStrDescriptor
 .text.Get_SerialNum
                0x0800db24       0x5c ./USB_DEVICE/App/usbd_desc.o
 .text.IntToUnicode
                0x0800db80       0x96 ./USB_DEVICE/App/usbd_desc.o
 *fill*         0x0800dc16        0x2 
 .text.HAL_PCD_MspInit
                0x0800dc18       0x50 ./USB_DEVICE/Target/usbd_conf.o
                0x0800dc18                HAL_PCD_MspInit
 .text.HAL_PCD_SetupStageCallback
                0x0800dc68       0x2a ./USB_DEVICE/Target/usbd_conf.o
                0x0800dc68                HAL_PCD_SetupStageCallback
 .text.HAL_PCD_DataOutStageCallback
                0x0800dc92       0x42 ./USB_DEVICE/Target/usbd_conf.o
                0x0800dc92                HAL_PCD_DataOutStageCallback
 .text.HAL_PCD_DataInStageCallback
                0x0800dcd4       0x3c ./USB_DEVICE/Target/usbd_conf.o
                0x0800dcd4                HAL_PCD_DataInStageCallback
 .text.HAL_PCD_SOFCallback
                0x0800dd10       0x1e ./USB_DEVICE/Target/usbd_conf.o
                0x0800dd10                HAL_PCD_SOFCallback
 .text.HAL_PCD_ResetCallback
                0x0800dd2e       0x48 ./USB_DEVICE/Target/usbd_conf.o
                0x0800dd2e                HAL_PCD_ResetCallback
 *fill*         0x0800dd76        0x2 
 .text.HAL_PCD_SuspendCallback
                0x0800dd78       0x38 ./USB_DEVICE/Target/usbd_conf.o
                0x0800dd78                HAL_PCD_SuspendCallback
 .text.HAL_PCD_ResumeCallback
                0x0800ddb0       0x3c ./USB_DEVICE/Target/usbd_conf.o
                0x0800ddb0                HAL_PCD_ResumeCallback
 .text.USBD_LL_Init
                0x0800ddec       0xc8 ./USB_DEVICE/Target/usbd_conf.o
                0x0800ddec                USBD_LL_Init
 .text.USBD_LL_Start
                0x0800deb4       0x4a ./USB_DEVICE/Target/usbd_conf.o
                0x0800deb4                USBD_LL_Start
 .text.USBD_LL_OpenEP
                0x0800defe       0x6e ./USB_DEVICE/Target/usbd_conf.o
                0x0800defe                USBD_LL_OpenEP
 .text.USBD_LL_CloseEP
                0x0800df6c       0x56 ./USB_DEVICE/Target/usbd_conf.o
                0x0800df6c                USBD_LL_CloseEP
 .text.USBD_LL_StallEP
                0x0800dfc2       0x56 ./USB_DEVICE/Target/usbd_conf.o
                0x0800dfc2                USBD_LL_StallEP
 .text.USBD_LL_ClearStallEP
                0x0800e018       0x56 ./USB_DEVICE/Target/usbd_conf.o
                0x0800e018                USBD_LL_ClearStallEP
 .text.USBD_LL_IsStallEP
                0x0800e06e       0x60 ./USB_DEVICE/Target/usbd_conf.o
                0x0800e06e                USBD_LL_IsStallEP
 .text.USBD_LL_SetUSBAddress
                0x0800e0ce       0x56 ./USB_DEVICE/Target/usbd_conf.o
                0x0800e0ce                USBD_LL_SetUSBAddress
 .text.USBD_LL_Transmit
                0x0800e124       0x6e ./USB_DEVICE/Target/usbd_conf.o
                0x0800e124                USBD_LL_Transmit
 .text.USBD_LL_PrepareReceive
                0x0800e192       0x6e ./USB_DEVICE/Target/usbd_conf.o
                0x0800e192                USBD_LL_PrepareReceive
 .text.USBD_LL_GetRxDataSize
                0x0800e200       0x2c ./USB_DEVICE/Target/usbd_conf.o
                0x0800e200                USBD_LL_GetRxDataSize
 .text.USBD_static_malloc
                0x0800e22c       0x18 ./USB_DEVICE/Target/usbd_conf.o
                0x0800e22c                USBD_static_malloc
 .text.USBD_static_free
                0x0800e244       0x10 ./USB_DEVICE/Target/usbd_conf.o
                0x0800e244                USBD_static_free
 .text.SystemClockConfig_Resume
                0x0800e254        0xe ./USB_DEVICE/Target/usbd_conf.o
 .text.USBD_Get_USB_Status
                0x0800e262       0x6e ./USB_DEVICE/Target/usbd_conf.o
 .text.dwt_initialise
                0x0800e2d0      0x2a8 ./decadriver/src/deca_device.o
                0x0800e2d0                dwt_initialise
 .text.dwt_readdevid
                0x0800e578       0x14 ./decadriver/src/deca_device.o
                0x0800e578                dwt_readdevid
 .text.dwt_configuretxrf
                0x0800e58c       0x2c ./decadriver/src/deca_device.o
                0x0800e58c                dwt_configuretxrf
 .text.dwt_configure
                0x0800e5b8      0x348 ./decadriver/src/deca_device.o
                0x0800e5b8                dwt_configure
 .text.dwt_setrxantennadelay
                0x0800e900       0x28 ./decadriver/src/deca_device.o
                0x0800e900                dwt_setrxantennadelay
 .text.dwt_settxantennadelay
                0x0800e928       0x22 ./decadriver/src/deca_device.o
                0x0800e928                dwt_settxantennadelay
 .text.dwt_writetxdata
                0x0800e94a       0x50 ./decadriver/src/deca_device.o
                0x0800e94a                dwt_writetxdata
 *fill*         0x0800e99a        0x2 
 .text.dwt_writetxfctrl
                0x0800e99c       0x48 ./decadriver/src/deca_device.o
                0x0800e99c                dwt_writetxfctrl
 .text.dwt_readrxdata
                0x0800e9e4       0x32 ./decadriver/src/deca_device.o
                0x0800e9e4                dwt_readrxdata
 .text.dwt_readtxtimestamp
                0x0800ea16       0x1c ./decadriver/src/deca_device.o
                0x0800ea16                dwt_readtxtimestamp
 .text.dwt_readrxtimestamp
                0x0800ea32       0x1c ./decadriver/src/deca_device.o
                0x0800ea32                dwt_readrxtimestamp
 .text.dwt_writetodevice
                0x0800ea4e       0xc2 ./decadriver/src/deca_device.o
                0x0800ea4e                dwt_writetodevice
 .text.dwt_readfromdevice
                0x0800eb10       0xb8 ./decadriver/src/deca_device.o
                0x0800eb10                dwt_readfromdevice
 .text.dwt_read32bitoffsetreg
                0x0800ebc8       0x4e ./decadriver/src/deca_device.o
                0x0800ebc8                dwt_read32bitoffsetreg
 .text.dwt_read16bitoffsetreg
                0x0800ec16       0x46 ./decadriver/src/deca_device.o
                0x0800ec16                dwt_read16bitoffsetreg
 .text.dwt_read8bitoffsetreg
                0x0800ec5c       0x28 ./decadriver/src/deca_device.o
                0x0800ec5c                dwt_read8bitoffsetreg
 .text.dwt_write8bitoffsetreg
                0x0800ec84       0x26 ./decadriver/src/deca_device.o
                0x0800ec84                dwt_write8bitoffsetreg
 .text.dwt_write16bitoffsetreg
                0x0800ecaa       0x40 ./decadriver/src/deca_device.o
                0x0800ecaa                dwt_write16bitoffsetreg
 .text.dwt_write32bitoffsetreg
                0x0800ecea       0x4e ./decadriver/src/deca_device.o
                0x0800ecea                dwt_write32bitoffsetreg
 .text._dwt_otpread
                0x0800ed38       0x44 ./decadriver/src/deca_device.o
                0x0800ed38                _dwt_otpread
 .text._dwt_aonarrayupload
                0x0800ed7c       0x1e ./decadriver/src/deca_device.o
                0x0800ed7c                _dwt_aonarrayupload
 *fill*         0x0800ed9a        0x2 
 .text._dwt_configlde
                0x0800ed9c       0x4c ./decadriver/src/deca_device.o
                0x0800ed9c                _dwt_configlde
 .text._dwt_loaducodefromrom
                0x0800ede8       0x2a ./decadriver/src/deca_device.o
                0x0800ede8                _dwt_loaducodefromrom
 *fill*         0x0800ee12        0x2 
 .text.dwt_setdblrxbuffmode
                0x0800ee14       0x64 ./decadriver/src/deca_device.o
                0x0800ee14                dwt_setdblrxbuffmode
 .text.dwt_setrxaftertxdelay
                0x0800ee78       0x3c ./decadriver/src/deca_device.o
                0x0800ee78                dwt_setrxaftertxdelay
 .text._dwt_enableclocks
                0x0800eeb4      0x140 ./decadriver/src/deca_device.o
                0x0800eeb4                _dwt_enableclocks
 .text._dwt_disablesequencing
                0x0800eff4       0x1a ./decadriver/src/deca_device.o
                0x0800eff4                _dwt_disablesequencing
 .text.dwt_setdelayedtrxtime
                0x0800f00e       0x1c ./decadriver/src/deca_device.o
                0x0800f00e                dwt_setdelayedtrxtime
 *fill*         0x0800f02a        0x2 
 .text.dwt_starttx
                0x0800f02c       0xbc ./decadriver/src/deca_device.o
                0x0800f02c                dwt_starttx
 .text.dwt_forcetrxoff
                0x0800f0e8       0x6c ./decadriver/src/deca_device.o
                0x0800f0e8                dwt_forcetrxoff
 .text.dwt_syncrxbufptrs
                0x0800f154       0x38 ./decadriver/src/deca_device.o
                0x0800f154                dwt_syncrxbufptrs
 .text.dwt_rxenable
                0x0800f18c       0x90 ./decadriver/src/deca_device.o
                0x0800f18c                dwt_rxenable
 .text.dwt_setrxtimeout
                0x0800f21c       0xa0 ./decadriver/src/deca_device.o
                0x0800f21c                dwt_setrxtimeout
 .text.dwt_rxreset
                0x0800f2bc       0x1e ./decadriver/src/deca_device.o
                0x0800f2bc                dwt_rxreset
 *fill*         0x0800f2da        0x2 
 .text.dwt_softreset
                0x0800f2dc       0x4c ./decadriver/src/deca_device.o
                0x0800f2dc                dwt_softreset
 .text.dwt_setxtaltrim
                0x0800f328       0x3a ./decadriver/src/deca_device.o
                0x0800f328                dwt_setxtaltrim
 .text.decamutexon
                0x0800f362       0x22 ./platform/src/deca_mutex.o
                0x0800f362                decamutexon
 .text.decamutexoff
                0x0800f384       0x1a ./platform/src/deca_mutex.o
                0x0800f384                decamutexoff
 .text.deca_sleep
                0x0800f39e       0x18 ./platform/src/deca_sleep.o
                0x0800f39e                deca_sleep
 *fill*         0x0800f3b6        0x2 
 .text.writetospi
                0x0800f3b8       0x70 ./platform/src/deca_spi.o
                0x0800f3b8                writetospi
 .text.readfromspi
                0x0800f428       0x80 ./platform/src/deca_spi.o
                0x0800f428                readfromspi
 .text.__NVIC_EnableIRQ
                0x0800f4a8       0x34 ./platform/src/port.o
 .text.__NVIC_DisableIRQ
                0x0800f4dc       0x44 ./platform/src/port.o
 .text.usleep   0x0800f520       0x52 ./platform/src/port.o
                0x0800f520                usleep
 .text.Sleep    0x0800f572       0x18 ./platform/src/port.o
                0x0800f572                Sleep
 *fill*         0x0800f58a        0x2 
 .text.EXTI_GetITEnStatus
                0x0800f58c       0x34 ./platform/src/port.o
                0x0800f58c                EXTI_GetITEnStatus
 .text.reset_DW1000
                0x0800f5c0       0x4e ./platform/src/port.o
                0x0800f5c0                reset_DW1000
 .text.setup_DW1000RSTnIRQ
                0x0800f60e       0x88 ./platform/src/port.o
                0x0800f60e                setup_DW1000RSTnIRQ
 *fill*         0x0800f696        0x2 
 .text.port_set_dw1000_slowrate
                0x0800f698       0x1c ./platform/src/port.o
                0x0800f698                port_set_dw1000_slowrate
 .text.port_set_dw1000_fastrate
                0x0800f6b4       0x1c ./platform/src/port.o
                0x0800f6b4                port_set_dw1000_fastrate
 .text.HAL_GPIO_EXTI_Callback
                0x0800f6d0       0x20 ./platform/src/port.o
                0x0800f6d0                HAL_GPIO_EXTI_Callback
 .text.process_deca_irq
                0x0800f6f0       0x20 ./platform/src/port.o
                0x0800f6f0                process_deca_irq
 .text.port_DisableEXT_IRQ
                0x0800f710       0x10 ./platform/src/port.o
                0x0800f710                port_DisableEXT_IRQ
 .text.port_EnableEXT_IRQ
                0x0800f720       0x10 ./platform/src/port.o
                0x0800f720                port_EnableEXT_IRQ
 .text.port_GetEXT_IRQStatus
                0x0800f730       0x12 ./platform/src/port.o
                0x0800f730                port_GetEXT_IRQStatus
 *fill*         0x0800f742        0x2 
 .text.port_CheckEXT_IRQ
                0x0800f744       0x1c ./platform/src/port.o
                0x0800f744                port_CheckEXT_IRQ
 .text.__cvt    0x0800f760       0xcc C:/ST/STM32CubeIDE_1.18.0/STM32CubeIDE/plugins/com.st.stm32cube.ide.mcu.externaltools.gnu-tools-for-stm32.13.3.rel1.win32_1.0.0.202411081344/tools/bin/../lib/gcc/arm-none-eabi/13.3.1/../../../../arm-none-eabi/lib/thumb/v6-m/nofp\libc_nano.a(libc_a-nano-vfprintf_float.o)
                0x0800f760                __cvt
 .text.__exponent
                0x0800f82c       0x7e C:/ST/STM32CubeIDE_1.18.0/STM32CubeIDE/plugins/com.st.stm32cube.ide.mcu.externaltools.gnu-tools-for-stm32.13.3.rel1.win32_1.0.0.202411081344/tools/bin/../lib/gcc/arm-none-eabi/13.3.1/../../../../arm-none-eabi/lib/thumb/v6-m/nofp\libc_nano.a(libc_a-nano-vfprintf_float.o)
                0x0800f82c                __exponent
 *fill*         0x0800f8aa        0x2 
 .text._printf_float
                0x0800f8ac      0x47c C:/ST/STM32CubeIDE_1.18.0/STM32CubeIDE/plugins/com.st.stm32cube.ide.mcu.externaltools.gnu-tools-for-stm32.13.3.rel1.win32_1.0.0.202411081344/tools/bin/../lib/gcc/arm-none-eabi/13.3.1/../../../../arm-none-eabi/lib/thumb/v6-m/nofp\libc_nano.a(libc_a-nano-vfprintf_float.o)
                0x0800f8ac                _printf_float
 .text._printf_common
                0x0800fd28       0xde C:/ST/STM32CubeIDE_1.18.0/STM32CubeIDE/plugins/com.st.stm32cube.ide.mcu.externaltools.gnu-tools-for-stm32.13.3.rel1.win32_1.0.0.202411081344/tools/bin/../lib/gcc/arm-none-eabi/13.3.1/../../../../arm-none-eabi/lib/thumb/v6-m/nofp\libc_nano.a(libc_a-nano-vfprintf_i.o)
                0x0800fd28                _printf_common
 *fill*         0x0800fe06        0x2 
 .text._printf_i
                0x0800fe08      0x218 C:/ST/STM32CubeIDE_1.18.0/STM32CubeIDE/plugins/com.st.stm32cube.ide.mcu.externaltools.gnu-tools-for-stm32.13.3.rel1.win32_1.0.0.202411081344/tools/bin/../lib/gcc/arm-none-eabi/13.3.1/../../../../arm-none-eabi/lib/thumb/v6-m/nofp\libc_nano.a(libc_a-nano-vfprintf_i.o)
                0x0800fe08                _printf_i
 .text.std      0x08010020       0x6c C:/ST/STM32CubeIDE_1.18.0/STM32CubeIDE/plugins/com.st.stm32cube.ide.mcu.externaltools.gnu-tools-for-stm32.13.3.rel1.win32_1.0.0.202411081344/tools/bin/../lib/gcc/arm-none-eabi/13.3.1/../../../../arm-none-eabi/lib/thumb/v6-m/nofp\libc_nano.a(libc_a-findfp.o)
 .text.stdio_exit_handler
                0x0801008c       0x1c C:/ST/STM32CubeIDE_1.18.0/STM32CubeIDE/plugins/com.st.stm32cube.ide.mcu.externaltools.gnu-tools-for-stm32.13.3.rel1.win32_1.0.0.202411081344/tools/bin/../lib/gcc/arm-none-eabi/13.3.1/../../../../arm-none-eabi/lib/thumb/v6-m/nofp\libc_nano.a(libc_a-findfp.o)
 .text.cleanup_stdio
                0x080100a8       0x3c C:/ST/STM32CubeIDE_1.18.0/STM32CubeIDE/plugins/com.st.stm32cube.ide.mcu.externaltools.gnu-tools-for-stm32.13.3.rel1.win32_1.0.0.202411081344/tools/bin/../lib/gcc/arm-none-eabi/13.3.1/../../../../arm-none-eabi/lib/thumb/v6-m/nofp\libc_nano.a(libc_a-findfp.o)
 .text.global_stdio_init.part.0
                0x080100e4       0x3c C:/ST/STM32CubeIDE_1.18.0/STM32CubeIDE/plugins/com.st.stm32cube.ide.mcu.externaltools.gnu-tools-for-stm32.13.3.rel1.win32_1.0.0.202411081344/tools/bin/../lib/gcc/arm-none-eabi/13.3.1/../../../../arm-none-eabi/lib/thumb/v6-m/nofp\libc_nano.a(libc_a-findfp.o)
 .text.__sfp_lock_acquire
                0x08010120       0x10 C:/ST/STM32CubeIDE_1.18.0/STM32CubeIDE/plugins/com.st.stm32cube.ide.mcu.externaltools.gnu-tools-for-stm32.13.3.rel1.win32_1.0.0.202411081344/tools/bin/../lib/gcc/arm-none-eabi/13.3.1/../../../../arm-none-eabi/lib/thumb/v6-m/nofp\libc_nano.a(libc_a-findfp.o)
                0x08010120                __sfp_lock_acquire
 .text.__sfp_lock_release
                0x08010130       0x10 C:/ST/STM32CubeIDE_1.18.0/STM32CubeIDE/plugins/com.st.stm32cube.ide.mcu.externaltools.gnu-tools-for-stm32.13.3.rel1.win32_1.0.0.202411081344/tools/bin/../lib/gcc/arm-none-eabi/13.3.1/../../../../arm-none-eabi/lib/thumb/v6-m/nofp\libc_nano.a(libc_a-findfp.o)
                0x08010130                __sfp_lock_release
 .text.__sinit  0x08010140       0x30 C:/ST/STM32CubeIDE_1.18.0/STM32CubeIDE/plugins/com.st.stm32cube.ide.mcu.externaltools.gnu-tools-for-stm32.13.3.rel1.win32_1.0.0.202411081344/tools/bin/../lib/gcc/arm-none-eabi/13.3.1/../../../../arm-none-eabi/lib/thumb/v6-m/nofp\libc_nano.a(libc_a-findfp.o)
                0x08010140                __sinit
 .text._fwalk_sglue
                0x08010170       0x38 C:/ST/STM32CubeIDE_1.18.0/STM32CubeIDE/plugins/com.st.stm32cube.ide.mcu.externaltools.gnu-tools-for-stm32.13.3.rel1.win32_1.0.0.202411081344/tools/bin/../lib/gcc/arm-none-eabi/13.3.1/../../../../arm-none-eabi/lib/thumb/v6-m/nofp\libc_nano.a(libc_a-fwalk.o)
                0x08010170                _fwalk_sglue
 .text.sprintf  0x080101a8       0x44 C:/ST/STM32CubeIDE_1.18.0/STM32CubeIDE/plugins/com.st.stm32cube.ide.mcu.externaltools.gnu-tools-for-stm32.13.3.rel1.win32_1.0.0.202411081344/tools/bin/../lib/gcc/arm-none-eabi/13.3.1/../../../../arm-none-eabi/lib/thumb/v6-m/nofp\libc_nano.a(libc_a-sprintf.o)
                0x080101a8                siprintf
                0x080101a8                sprintf
 .text.__sread  0x080101ec       0x28 C:/ST/STM32CubeIDE_1.18.0/STM32CubeIDE/plugins/com.st.stm32cube.ide.mcu.externaltools.gnu-tools-for-stm32.13.3.rel1.win32_1.0.0.202411081344/tools/bin/../lib/gcc/arm-none-eabi/13.3.1/../../../../arm-none-eabi/lib/thumb/v6-m/nofp\libc_nano.a(libc_a-stdio.o)
                0x080101ec                __sread
 .text.__swrite
                0x08010214       0x38 C:/ST/STM32CubeIDE_1.18.0/STM32CubeIDE/plugins/com.st.stm32cube.ide.mcu.externaltools.gnu-tools-for-stm32.13.3.rel1.win32_1.0.0.202411081344/tools/bin/../lib/gcc/arm-none-eabi/13.3.1/../../../../arm-none-eabi/lib/thumb/v6-m/nofp\libc_nano.a(libc_a-stdio.o)
                0x08010214                __swrite
 .text.__sseek  0x0801024c       0x2c C:/ST/STM32CubeIDE_1.18.0/STM32CubeIDE/plugins/com.st.stm32cube.ide.mcu.externaltools.gnu-tools-for-stm32.13.3.rel1.win32_1.0.0.202411081344/tools/bin/../lib/gcc/arm-none-eabi/13.3.1/../../../../arm-none-eabi/lib/thumb/v6-m/nofp\libc_nano.a(libc_a-stdio.o)
                0x0801024c                __sseek
 .text.__sclose
                0x08010278        0xc C:/ST/STM32CubeIDE_1.18.0/STM32CubeIDE/plugins/com.st.stm32cube.ide.mcu.externaltools.gnu-tools-for-stm32.13.3.rel1.win32_1.0.0.202411081344/tools/bin/../lib/gcc/arm-none-eabi/13.3.1/../../../../arm-none-eabi/lib/thumb/v6-m/nofp\libc_nano.a(libc_a-stdio.o)
                0x08010278                __sclose
 .text.memcmp   0x08010284       0x1c C:/ST/STM32CubeIDE_1.18.0/STM32CubeIDE/plugins/com.st.stm32cube.ide.mcu.externaltools.gnu-tools-for-stm32.13.3.rel1.win32_1.0.0.202411081344/tools/bin/../lib/gcc/arm-none-eabi/13.3.1/../../../../arm-none-eabi/lib/thumb/v6-m/nofp\libc_nano.a(libc_a-memcmp.o)
                0x08010284                memcmp
 .text.memset   0x080102a0       0x10 C:/ST/STM32CubeIDE_1.18.0/STM32CubeIDE/plugins/com.st.stm32cube.ide.mcu.externaltools.gnu-tools-for-stm32.13.3.rel1.win32_1.0.0.202411081344/tools/bin/../lib/gcc/arm-none-eabi/13.3.1/../../../../arm-none-eabi/lib/thumb/v6-m/nofp\libc_nano.a(libc_a-memset.o)
                0x080102a0                memset
 .text._localeconv_r
                0x080102b0        0x8 C:/ST/STM32CubeIDE_1.18.0/STM32CubeIDE/plugins/com.st.stm32cube.ide.mcu.externaltools.gnu-tools-for-stm32.13.3.rel1.win32_1.0.0.202411081344/tools/bin/../lib/gcc/arm-none-eabi/13.3.1/../../../../arm-none-eabi/lib/thumb/v6-m/nofp\libc_nano.a(libc_a-localeconv.o)
                0x080102b0                _localeconv_r
 .text._close_r
                0x080102b8       0x24 C:/ST/STM32CubeIDE_1.18.0/STM32CubeIDE/plugins/com.st.stm32cube.ide.mcu.externaltools.gnu-tools-for-stm32.13.3.rel1.win32_1.0.0.202411081344/tools/bin/../lib/gcc/arm-none-eabi/13.3.1/../../../../arm-none-eabi/lib/thumb/v6-m/nofp\libc_nano.a(libc_a-closer.o)
                0x080102b8                _close_r
 .text._lseek_r
                0x080102dc       0x28 C:/ST/STM32CubeIDE_1.18.0/STM32CubeIDE/plugins/com.st.stm32cube.ide.mcu.externaltools.gnu-tools-for-stm32.13.3.rel1.win32_1.0.0.202411081344/tools/bin/../lib/gcc/arm-none-eabi/13.3.1/../../../../arm-none-eabi/lib/thumb/v6-m/nofp\libc_nano.a(libc_a-lseekr.o)
                0x080102dc                _lseek_r
 .text._read_r  0x08010304       0x28 C:/ST/STM32CubeIDE_1.18.0/STM32CubeIDE/plugins/com.st.stm32cube.ide.mcu.externaltools.gnu-tools-for-stm32.13.3.rel1.win32_1.0.0.202411081344/tools/bin/../lib/gcc/arm-none-eabi/13.3.1/../../../../arm-none-eabi/lib/thumb/v6-m/nofp\libc_nano.a(libc_a-readr.o)
                0x08010304                _read_r
 .text._write_r
                0x0801032c       0x28 C:/ST/STM32CubeIDE_1.18.0/STM32CubeIDE/plugins/com.st.stm32cube.ide.mcu.externaltools.gnu-tools-for-stm32.13.3.rel1.win32_1.0.0.202411081344/tools/bin/../lib/gcc/arm-none-eabi/13.3.1/../../../../arm-none-eabi/lib/thumb/v6-m/nofp\libc_nano.a(libc_a-writer.o)
                0x0801032c                _write_r
 .text.__errno  0x08010354        0xc C:/ST/STM32CubeIDE_1.18.0/STM32CubeIDE/plugins/com.st.stm32cube.ide.mcu.externaltools.gnu-tools-for-stm32.13.3.rel1.win32_1.0.0.202411081344/tools/bin/../lib/gcc/arm-none-eabi/13.3.1/../../../../arm-none-eabi/lib/thumb/v6-m/nofp\libc_nano.a(libc_a-errno.o)
                0x08010354                __errno
 .text.__libc_init_array
                0x08010360       0x48 C:/ST/STM32CubeIDE_1.18.0/STM32CubeIDE/plugins/com.st.stm32cube.ide.mcu.externaltools.gnu-tools-for-stm32.13.3.rel1.win32_1.0.0.202411081344/tools/bin/../lib/gcc/arm-none-eabi/13.3.1/../../../../arm-none-eabi/lib/thumb/v6-m/nofp\libc_nano.a(libc_a-init.o)
                0x08010360                __libc_init_array
 .text.__retarget_lock_init_recursive
                0x080103a8        0x2 C:/ST/STM32CubeIDE_1.18.0/STM32CubeIDE/plugins/com.st.stm32cube.ide.mcu.externaltools.gnu-tools-for-stm32.13.3.rel1.win32_1.0.0.202411081344/tools/bin/../lib/gcc/arm-none-eabi/13.3.1/../../../../arm-none-eabi/lib/thumb/v6-m/nofp\libc_nano.a(libc_a-lock.o)
                0x080103a8                __retarget_lock_init_recursive
 .text.__retarget_lock_acquire_recursive
                0x080103aa        0x2 C:/ST/STM32CubeIDE_1.18.0/STM32CubeIDE/plugins/com.st.stm32cube.ide.mcu.externaltools.gnu-tools-for-stm32.13.3.rel1.win32_1.0.0.202411081344/tools/bin/../lib/gcc/arm-none-eabi/13.3.1/../../../../arm-none-eabi/lib/thumb/v6-m/nofp\libc_nano.a(libc_a-lock.o)
                0x080103aa                __retarget_lock_acquire_recursive
 .text.__retarget_lock_release_recursive
                0x080103ac        0x2 C:/ST/STM32CubeIDE_1.18.0/STM32CubeIDE/plugins/com.st.stm32cube.ide.mcu.externaltools.gnu-tools-for-stm32.13.3.rel1.win32_1.0.0.202411081344/tools/bin/../lib/gcc/arm-none-eabi/13.3.1/../../../../arm-none-eabi/lib/thumb/v6-m/nofp\libc_nano.a(libc_a-lock.o)
                0x080103ac                __retarget_lock_release_recursive
 .text.memchr   0x080103ae       0x16 C:/ST/STM32CubeIDE_1.18.0/STM32CubeIDE/plugins/com.st.stm32cube.ide.mcu.externaltools.gnu-tools-for-stm32.13.3.rel1.win32_1.0.0.202411081344/tools/bin/../lib/gcc/arm-none-eabi/13.3.1/../../../../arm-none-eabi/lib/thumb/v6-m/nofp\libc_nano.a(libc_a-memchr-stub.o)
                0x080103ae                memchr
 .text.memcpy   0x080103c4       0x12 C:/ST/STM32CubeIDE_1.18.0/STM32CubeIDE/plugins/com.st.stm32cube.ide.mcu.externaltools.gnu-tools-for-stm32.13.3.rel1.win32_1.0.0.202411081344/tools/bin/../lib/gcc/arm-none-eabi/13.3.1/../../../../arm-none-eabi/lib/thumb/v6-m/nofp\libc_nano.a(libc_a-memcpy-stub.o)
                0x080103c4                memcpy
 .text.quorem   0x080103d6      0x10a C:/ST/STM32CubeIDE_1.18.0/STM32CubeIDE/plugins/com.st.stm32cube.ide.mcu.externaltools.gnu-tools-for-stm32.13.3.rel1.win32_1.0.0.202411081344/tools/bin/../lib/gcc/arm-none-eabi/13.3.1/../../../../arm-none-eabi/lib/thumb/v6-m/nofp\libc_nano.a(libc_a-dtoa.o)
 .text._dtoa_r  0x080104e0      0xbe0 C:/ST/STM32CubeIDE_1.18.0/STM32CubeIDE/plugins/com.st.stm32cube.ide.mcu.externaltools.gnu-tools-for-stm32.13.3.rel1.win32_1.0.0.202411081344/tools/bin/../lib/gcc/arm-none-eabi/13.3.1/../../../../arm-none-eabi/lib/thumb/v6-m/nofp\libc_nano.a(libc_a-dtoa.o)
                0x080104e0                _dtoa_r
 .text._free_r  0x080110c0       0x94 C:/ST/STM32CubeIDE_1.18.0/STM32CubeIDE/plugins/com.st.stm32cube.ide.mcu.externaltools.gnu-tools-for-stm32.13.3.rel1.win32_1.0.0.202411081344/tools/bin/../lib/gcc/arm-none-eabi/13.3.1/../../../../arm-none-eabi/lib/thumb/v6-m/nofp\libc_nano.a(libc_a-freer.o)
                0x080110c0                _free_r
 .text.malloc   0x08011154       0x14 C:/ST/STM32CubeIDE_1.18.0/STM32CubeIDE/plugins/com.st.stm32cube.ide.mcu.externaltools.gnu-tools-for-stm32.13.3.rel1.win32_1.0.0.202411081344/tools/bin/../lib/gcc/arm-none-eabi/13.3.1/../../../../arm-none-eabi/lib/thumb/v6-m/nofp\libc_nano.a(libc_a-malloc.o)
                0x08011154                malloc
 .text.sbrk_aligned
                0x08011168       0x44 C:/ST/STM32CubeIDE_1.18.0/STM32CubeIDE/plugins/com.st.stm32cube.ide.mcu.externaltools.gnu-tools-for-stm32.13.3.rel1.win32_1.0.0.202411081344/tools/bin/../lib/gcc/arm-none-eabi/13.3.1/../../../../arm-none-eabi/lib/thumb/v6-m/nofp\libc_nano.a(libc_a-mallocr.o)
 .text._malloc_r
                0x080111ac      0x100 C:/ST/STM32CubeIDE_1.18.0/STM32CubeIDE/plugins/com.st.stm32cube.ide.mcu.externaltools.gnu-tools-for-stm32.13.3.rel1.win32_1.0.0.202411081344/tools/bin/../lib/gcc/arm-none-eabi/13.3.1/../../../../arm-none-eabi/lib/thumb/v6-m/nofp\libc_nano.a(libc_a-mallocr.o)
                0x080111ac                _malloc_r
 .text.__malloc_lock
                0x080112ac       0x10 C:/ST/STM32CubeIDE_1.18.0/STM32CubeIDE/plugins/com.st.stm32cube.ide.mcu.externaltools.gnu-tools-for-stm32.13.3.rel1.win32_1.0.0.202411081344/tools/bin/../lib/gcc/arm-none-eabi/13.3.1/../../../../arm-none-eabi/lib/thumb/v6-m/nofp\libc_nano.a(libc_a-mlock.o)
                0x080112ac                __malloc_lock
 .text.__malloc_unlock
                0x080112bc       0x10 C:/ST/STM32CubeIDE_1.18.0/STM32CubeIDE/plugins/com.st.stm32cube.ide.mcu.externaltools.gnu-tools-for-stm32.13.3.rel1.win32_1.0.0.202411081344/tools/bin/../lib/gcc/arm-none-eabi/13.3.1/../../../../arm-none-eabi/lib/thumb/v6-m/nofp\libc_nano.a(libc_a-mlock.o)
                0x080112bc                __malloc_unlock
 .text._Balloc  0x080112cc       0x88 C:/ST/STM32CubeIDE_1.18.0/STM32CubeIDE/plugins/com.st.stm32cube.ide.mcu.externaltools.gnu-tools-for-stm32.13.3.rel1.win32_1.0.0.202411081344/tools/bin/../lib/gcc/arm-none-eabi/13.3.1/../../../../arm-none-eabi/lib/thumb/v6-m/nofp\libc_nano.a(libc_a-mprec.o)
                0x080112cc                _Balloc
 .text._Bfree   0x08011354       0x48 C:/ST/STM32CubeIDE_1.18.0/STM32CubeIDE/plugins/com.st.stm32cube.ide.mcu.externaltools.gnu-tools-for-stm32.13.3.rel1.win32_1.0.0.202411081344/tools/bin/../lib/gcc/arm-none-eabi/13.3.1/../../../../arm-none-eabi/lib/thumb/v6-m/nofp\libc_nano.a(libc_a-mprec.o)
                0x08011354                _Bfree
 .text.__multadd
                0x0801139c       0x88 C:/ST/STM32CubeIDE_1.18.0/STM32CubeIDE/plugins/com.st.stm32cube.ide.mcu.externaltools.gnu-tools-for-stm32.13.3.rel1.win32_1.0.0.202411081344/tools/bin/../lib/gcc/arm-none-eabi/13.3.1/../../../../arm-none-eabi/lib/thumb/v6-m/nofp\libc_nano.a(libc_a-mprec.o)
                0x0801139c                __multadd
 .text.__hi0bits
                0x08011424       0x42 C:/ST/STM32CubeIDE_1.18.0/STM32CubeIDE/plugins/com.st.stm32cube.ide.mcu.externaltools.gnu-tools-for-stm32.13.3.rel1.win32_1.0.0.202411081344/tools/bin/../lib/gcc/arm-none-eabi/13.3.1/../../../../arm-none-eabi/lib/thumb/v6-m/nofp\libc_nano.a(libc_a-mprec.o)
                0x08011424                __hi0bits
 .text.__lo0bits
                0x08011466       0x5c C:/ST/STM32CubeIDE_1.18.0/STM32CubeIDE/plugins/com.st.stm32cube.ide.mcu.externaltools.gnu-tools-for-stm32.13.3.rel1.win32_1.0.0.202411081344/tools/bin/../lib/gcc/arm-none-eabi/13.3.1/../../../../arm-none-eabi/lib/thumb/v6-m/nofp\libc_nano.a(libc_a-mprec.o)
                0x08011466                __lo0bits
 *fill*         0x080114c2        0x2 
 .text.__i2b    0x080114c4       0x30 C:/ST/STM32CubeIDE_1.18.0/STM32CubeIDE/plugins/com.st.stm32cube.ide.mcu.externaltools.gnu-tools-for-stm32.13.3.rel1.win32_1.0.0.202411081344/tools/bin/../lib/gcc/arm-none-eabi/13.3.1/../../../../arm-none-eabi/lib/thumb/v6-m/nofp\libc_nano.a(libc_a-mprec.o)
                0x080114c4                __i2b
 .text.__multiply
                0x080114f4      0x154 C:/ST/STM32CubeIDE_1.18.0/STM32CubeIDE/plugins/com.st.stm32cube.ide.mcu.externaltools.gnu-tools-for-stm32.13.3.rel1.win32_1.0.0.202411081344/tools/bin/../lib/gcc/arm-none-eabi/13.3.1/../../../../arm-none-eabi/lib/thumb/v6-m/nofp\libc_nano.a(libc_a-mprec.o)
                0x080114f4                __multiply
 .text.__pow5mult
                0x08011648       0xb8 C:/ST/STM32CubeIDE_1.18.0/STM32CubeIDE/plugins/com.st.stm32cube.ide.mcu.externaltools.gnu-tools-for-stm32.13.3.rel1.win32_1.0.0.202411081344/tools/bin/../lib/gcc/arm-none-eabi/13.3.1/../../../../arm-none-eabi/lib/thumb/v6-m/nofp\libc_nano.a(libc_a-mprec.o)
                0x08011648                __pow5mult
 .text.__lshift
                0x08011700       0xd8 C:/ST/STM32CubeIDE_1.18.0/STM32CubeIDE/plugins/com.st.stm32cube.ide.mcu.externaltools.gnu-tools-for-stm32.13.3.rel1.win32_1.0.0.202411081344/tools/bin/../lib/gcc/arm-none-eabi/13.3.1/../../../../arm-none-eabi/lib/thumb/v6-m/nofp\libc_nano.a(libc_a-mprec.o)
                0x08011700                __lshift
 .text.__mcmp   0x080117d8       0x36 C:/ST/STM32CubeIDE_1.18.0/STM32CubeIDE/plugins/com.st.stm32cube.ide.mcu.externaltools.gnu-tools-for-stm32.13.3.rel1.win32_1.0.0.202411081344/tools/bin/../lib/gcc/arm-none-eabi/13.3.1/../../../../arm-none-eabi/lib/thumb/v6-m/nofp\libc_nano.a(libc_a-mprec.o)
                0x080117d8                __mcmp
 *fill*         0x0801180e        0x2 
 .text.__mdiff  0x08011810      0x134 C:/ST/STM32CubeIDE_1.18.0/STM32CubeIDE/plugins/com.st.stm32cube.ide.mcu.externaltools.gnu-tools-for-stm32.13.3.rel1.win32_1.0.0.202411081344/tools/bin/../lib/gcc/arm-none-eabi/13.3.1/../../../../arm-none-eabi/lib/thumb/v6-m/nofp\libc_nano.a(libc_a-mprec.o)
                0x08011810                __mdiff
 .text.__d2b    0x08011944       0xc0 C:/ST/STM32CubeIDE_1.18.0/STM32CubeIDE/plugins/com.st.stm32cube.ide.mcu.externaltools.gnu-tools-for-stm32.13.3.rel1.win32_1.0.0.202411081344/tools/bin/../lib/gcc/arm-none-eabi/13.3.1/../../../../arm-none-eabi/lib/thumb/v6-m/nofp\libc_nano.a(libc_a-mprec.o)
                0x08011944                __d2b
 .text.__ssputs_r
                0x08011a04       0xc0 C:/ST/STM32CubeIDE_1.18.0/STM32CubeIDE/plugins/com.st.stm32cube.ide.mcu.externaltools.gnu-tools-for-stm32.13.3.rel1.win32_1.0.0.202411081344/tools/bin/../lib/gcc/arm-none-eabi/13.3.1/../../../../arm-none-eabi/lib/thumb/v6-m/nofp\libc_nano.a(libc_a-nano-svfprintf.o)
                0x08011a04                __ssputs_r
 .text._svfprintf_r
                0x08011ac4      0x1fc C:/ST/STM32CubeIDE_1.18.0/STM32CubeIDE/plugins/com.st.stm32cube.ide.mcu.externaltools.gnu-tools-for-stm32.13.3.rel1.win32_1.0.0.202411081344/tools/bin/../lib/gcc/arm-none-eabi/13.3.1/../../../../arm-none-eabi/lib/thumb/v6-m/nofp\libc_nano.a(libc_a-nano-svfprintf.o)
                0x08011ac4                _svfiprintf_r
                0x08011ac4                _svfprintf_r
 .text.__sflush_r
                0x08011cc0      0x10c C:/ST/STM32CubeIDE_1.18.0/STM32CubeIDE/plugins/com.st.stm32cube.ide.mcu.externaltools.gnu-tools-for-stm32.13.3.rel1.win32_1.0.0.202411081344/tools/bin/../lib/gcc/arm-none-eabi/13.3.1/../../../../arm-none-eabi/lib/thumb/v6-m/nofp\libc_nano.a(libc_a-fflush.o)
                0x08011cc0                __sflush_r
 .text._fflush_r
                0x08011dcc       0x56 C:/ST/STM32CubeIDE_1.18.0/STM32CubeIDE/plugins/com.st.stm32cube.ide.mcu.externaltools.gnu-tools-for-stm32.13.3.rel1.win32_1.0.0.202411081344/tools/bin/../lib/gcc/arm-none-eabi/13.3.1/../../../../arm-none-eabi/lib/thumb/v6-m/nofp\libc_nano.a(libc_a-fflush.o)
                0x08011dcc                _fflush_r
 .text.memmove  0x08011e22       0x24 C:/ST/STM32CubeIDE_1.18.0/STM32CubeIDE/plugins/com.st.stm32cube.ide.mcu.externaltools.gnu-tools-for-stm32.13.3.rel1.win32_1.0.0.202411081344/tools/bin/../lib/gcc/arm-none-eabi/13.3.1/../../../../arm-none-eabi/lib/thumb/v6-m/nofp\libc_nano.a(libc_a-memmove.o)
                0x08011e22                memmove
 *fill*         0x08011e46        0x2 
 .text._sbrk_r  0x08011e48       0x24 C:/ST/STM32CubeIDE_1.18.0/STM32CubeIDE/plugins/com.st.stm32cube.ide.mcu.externaltools.gnu-tools-for-stm32.13.3.rel1.win32_1.0.0.202411081344/tools/bin/../lib/gcc/arm-none-eabi/13.3.1/../../../../arm-none-eabi/lib/thumb/v6-m/nofp\libc_nano.a(libc_a-sbrkr.o)
                0x08011e48                _sbrk_r
 .text.__assert_func
                0x08011e6c       0x3c C:/ST/STM32CubeIDE_1.18.0/STM32CubeIDE/plugins/com.st.stm32cube.ide.mcu.externaltools.gnu-tools-for-stm32.13.3.rel1.win32_1.0.0.202411081344/tools/bin/../lib/gcc/arm-none-eabi/13.3.1/../../../../arm-none-eabi/lib/thumb/v6-m/nofp\libc_nano.a(libc_a-assert.o)
                0x08011e6c                __assert_func
 .text._calloc_r
                0x08011ea8       0x5a C:/ST/STM32CubeIDE_1.18.0/STM32CubeIDE/plugins/com.st.stm32cube.ide.mcu.externaltools.gnu-tools-for-stm32.13.3.rel1.win32_1.0.0.202411081344/tools/bin/../lib/gcc/arm-none-eabi/13.3.1/../../../../arm-none-eabi/lib/thumb/v6-m/nofp\libc_nano.a(libc_a-callocr.o)
                0x08011ea8                _calloc_r
 .text.__ascii_mbtowc
                0x08011f02       0x24 C:/ST/STM32CubeIDE_1.18.0/STM32CubeIDE/plugins/com.st.stm32cube.ide.mcu.externaltools.gnu-tools-for-stm32.13.3.rel1.win32_1.0.0.202411081344/tools/bin/../lib/gcc/arm-none-eabi/13.3.1/../../../../arm-none-eabi/lib/thumb/v6-m/nofp\libc_nano.a(libc_a-mbtowc_r.o)
                0x08011f02                __ascii_mbtowc
 .text._realloc_r
                0x08011f26       0x60 C:/ST/STM32CubeIDE_1.18.0/STM32CubeIDE/plugins/com.st.stm32cube.ide.mcu.externaltools.gnu-tools-for-stm32.13.3.rel1.win32_1.0.0.202411081344/tools/bin/../lib/gcc/arm-none-eabi/13.3.1/../../../../arm-none-eabi/lib/thumb/v6-m/nofp\libc_nano.a(libc_a-reallocr.o)
                0x08011f26                _realloc_r
 .text.__ascii_wctomb
                0x08011f86       0x1a C:/ST/STM32CubeIDE_1.18.0/STM32CubeIDE/plugins/com.st.stm32cube.ide.mcu.externaltools.gnu-tools-for-stm32.13.3.rel1.win32_1.0.0.202411081344/tools/bin/../lib/gcc/arm-none-eabi/13.3.1/../../../../arm-none-eabi/lib/thumb/v6-m/nofp\libc_nano.a(libc_a-wctomb_r.o)
                0x08011f86                __ascii_wctomb
 .text.fprintf  0x08011fa0       0x20 C:/ST/STM32CubeIDE_1.18.0/STM32CubeIDE/plugins/com.st.stm32cube.ide.mcu.externaltools.gnu-tools-for-stm32.13.3.rel1.win32_1.0.0.202411081344/tools/bin/../lib/gcc/arm-none-eabi/13.3.1/../../../../arm-none-eabi/lib/thumb/v6-m/nofp\libc_nano.a(libc_a-fprintf.o)
                0x08011fa0                fiprintf
                0x08011fa0                fprintf
 .text.abort    0x08011fc0        0xe C:/ST/STM32CubeIDE_1.18.0/STM32CubeIDE/plugins/com.st.stm32cube.ide.mcu.externaltools.gnu-tools-for-stm32.13.3.rel1.win32_1.0.0.202411081344/tools/bin/../lib/gcc/arm-none-eabi/13.3.1/../../../../arm-none-eabi/lib/thumb/v6-m/nofp\libc_nano.a(libc_a-abort.o)
                0x08011fc0                abort
 .text._malloc_usable_size_r
                0x08011fce       0x10 C:/ST/STM32CubeIDE_1.18.0/STM32CubeIDE/plugins/com.st.stm32cube.ide.mcu.externaltools.gnu-tools-for-stm32.13.3.rel1.win32_1.0.0.202411081344/tools/bin/../lib/gcc/arm-none-eabi/13.3.1/../../../../arm-none-eabi/lib/thumb/v6-m/nofp\libc_nano.a(libc_a-msizer.o)
                0x08011fce                _malloc_usable_size_r
 .text.__sfputc_r
                0x08011fde       0x2a C:/ST/STM32CubeIDE_1.18.0/STM32CubeIDE/plugins/com.st.stm32cube.ide.mcu.externaltools.gnu-tools-for-stm32.13.3.rel1.win32_1.0.0.202411081344/tools/bin/../lib/gcc/arm-none-eabi/13.3.1/../../../../arm-none-eabi/lib/thumb/v6-m/nofp\libc_nano.a(libc_a-nano-vfprintf.o)
 .text.__sfputs_r
                0x08012008       0x24 C:/ST/STM32CubeIDE_1.18.0/STM32CubeIDE/plugins/com.st.stm32cube.ide.mcu.externaltools.gnu-tools-for-stm32.13.3.rel1.win32_1.0.0.202411081344/tools/bin/../lib/gcc/arm-none-eabi/13.3.1/../../../../arm-none-eabi/lib/thumb/v6-m/nofp\libc_nano.a(libc_a-nano-vfprintf.o)
                0x08012008                __sfputs_r
 .text._vfprintf_r
                0x0801202c      0x238 C:/ST/STM32CubeIDE_1.18.0/STM32CubeIDE/plugins/com.st.stm32cube.ide.mcu.externaltools.gnu-tools-for-stm32.13.3.rel1.win32_1.0.0.202411081344/tools/bin/../lib/gcc/arm-none-eabi/13.3.1/../../../../arm-none-eabi/lib/thumb/v6-m/nofp\libc_nano.a(libc_a-nano-vfprintf.o)
                0x0801202c                _vfprintf_r
                0x0801202c                _vfiprintf_r
 .text.__swbuf_r
                0x08012264       0x84 C:/ST/STM32CubeIDE_1.18.0/STM32CubeIDE/plugins/com.st.stm32cube.ide.mcu.externaltools.gnu-tools-for-stm32.13.3.rel1.win32_1.0.0.202411081344/tools/bin/../lib/gcc/arm-none-eabi/13.3.1/../../../../arm-none-eabi/lib/thumb/v6-m/nofp\libc_nano.a(libc_a-wbuf.o)
                0x08012264                __swbuf_r
 .text.__swsetup_r
                0x080122e8       0xbc C:/ST/STM32CubeIDE_1.18.0/STM32CubeIDE/plugins/com.st.stm32cube.ide.mcu.externaltools.gnu-tools-for-stm32.13.3.rel1.win32_1.0.0.202411081344/tools/bin/../lib/gcc/arm-none-eabi/13.3.1/../../../../arm-none-eabi/lib/thumb/v6-m/nofp\libc_nano.a(libc_a-wsetup.o)
                0x080122e8                __swsetup_r
 .text._raise_r
                0x080123a4       0x52 C:/ST/STM32CubeIDE_1.18.0/STM32CubeIDE/plugins/com.st.stm32cube.ide.mcu.externaltools.gnu-tools-for-stm32.13.3.rel1.win32_1.0.0.202411081344/tools/bin/../lib/gcc/arm-none-eabi/13.3.1/../../../../arm-none-eabi/lib/thumb/v6-m/nofp\libc_nano.a(libc_a-signal.o)
                0x080123a4                _raise_r
 *fill*         0x080123f6        0x2 
 .text.raise    0x080123f8       0x14 C:/ST/STM32CubeIDE_1.18.0/STM32CubeIDE/plugins/com.st.stm32cube.ide.mcu.externaltools.gnu-tools-for-stm32.13.3.rel1.win32_1.0.0.202411081344/tools/bin/../lib/gcc/arm-none-eabi/13.3.1/../../../../arm-none-eabi/lib/thumb/v6-m/nofp\libc_nano.a(libc_a-signal.o)
                0x080123f8                raise
 .text._kill_r  0x0801240c       0x24 C:/ST/STM32CubeIDE_1.18.0/STM32CubeIDE/plugins/com.st.stm32cube.ide.mcu.externaltools.gnu-tools-for-stm32.13.3.rel1.win32_1.0.0.202411081344/tools/bin/../lib/gcc/arm-none-eabi/13.3.1/../../../../arm-none-eabi/lib/thumb/v6-m/nofp\libc_nano.a(libc_a-signalr.o)
                0x0801240c                _kill_r
 .text._getpid_r
                0x08012430        0x8 C:/ST/STM32CubeIDE_1.18.0/STM32CubeIDE/plugins/com.st.stm32cube.ide.mcu.externaltools.gnu-tools-for-stm32.13.3.rel1.win32_1.0.0.202411081344/tools/bin/../lib/gcc/arm-none-eabi/13.3.1/../../../../arm-none-eabi/lib/thumb/v6-m/nofp\libc_nano.a(libc_a-signalr.o)
                0x08012430                _getpid_r
 .text.__swhatbuf_r
                0x08012438       0x54 C:/ST/STM32CubeIDE_1.18.0/STM32CubeIDE/plugins/com.st.stm32cube.ide.mcu.externaltools.gnu-tools-for-stm32.13.3.rel1.win32_1.0.0.202411081344/tools/bin/../lib/gcc/arm-none-eabi/13.3.1/../../../../arm-none-eabi/lib/thumb/v6-m/nofp\libc_nano.a(libc_a-makebuf.o)
                0x08012438                __swhatbuf_r
 .text.__smakebuf_r
                0x0801248c       0x82 C:/ST/STM32CubeIDE_1.18.0/STM32CubeIDE/plugins/com.st.stm32cube.ide.mcu.externaltools.gnu-tools-for-stm32.13.3.rel1.win32_1.0.0.202411081344/tools/bin/../lib/gcc/arm-none-eabi/13.3.1/../../../../arm-none-eabi/lib/thumb/v6-m/nofp\libc_nano.a(libc_a-makebuf.o)
                0x0801248c                __smakebuf_r
 *fill*         0x0801250e        0x2 
 .text._fstat_r
                0x08012510       0x24 C:/ST/STM32CubeIDE_1.18.0/STM32CubeIDE/plugins/com.st.stm32cube.ide.mcu.externaltools.gnu-tools-for-stm32.13.3.rel1.win32_1.0.0.202411081344/tools/bin/../lib/gcc/arm-none-eabi/13.3.1/../../../../arm-none-eabi/lib/thumb/v6-m/nofp\libc_nano.a(libc_a-fstatr.o)
                0x08012510                _fstat_r
 .text._isatty_r
                0x08012534       0x24 C:/ST/STM32CubeIDE_1.18.0/STM32CubeIDE/plugins/com.st.stm32cube.ide.mcu.externaltools.gnu-tools-for-stm32.13.3.rel1.win32_1.0.0.202411081344/tools/bin/../lib/gcc/arm-none-eabi/13.3.1/../../../../arm-none-eabi/lib/thumb/v6-m/nofp\libc_nano.a(libc_a-isattyr.o)
                0x08012534                _isatty_r
 *(.glue_7)
 .glue_7        0x08012558        0x0 linker stubs
 *(.glue_7t)
 .glue_7t       0x08012558        0x0 linker stubs
 *(.eh_frame)
 .eh_frame      0x08012558        0x0 C:/ST/STM32CubeIDE_1.18.0/STM32CubeIDE/plugins/com.st.stm32cube.ide.mcu.externaltools.gnu-tools-for-stm32.13.3.rel1.win32_1.0.0.202411081344/tools/bin/../lib/gcc/arm-none-eabi/13.3.1/thumb/v6-m/nofp/crtbegin.o
 *(.init)
 .init          0x08012558        0x4 C:/ST/STM32CubeIDE_1.18.0/STM32CubeIDE/plugins/com.st.stm32cube.ide.mcu.externaltools.gnu-tools-for-stm32.13.3.rel1.win32_1.0.0.202411081344/tools/bin/../lib/gcc/arm-none-eabi/13.3.1/thumb/v6-m/nofp/crti.o
                0x08012558                _init