../Drivers/CMSIS/Include/core_cm0.h:623:22:__NVIC_EnableIRQ	16	static
../Drivers/CMSIS/Include/core_cm0.h:659:22:__NVIC_DisableIRQ	16	static,ignoring_inline_asm
../platform/src/port.c:46:1:portGetTickCnt	8	static
../platform/src/port.c:56:5:usleep	24	static,ignoring_inline_asm
../platform/src/port.c:77:1:Sleep	16	static
../platform/src/port.c:101:10:EXTI_GetITEnStatus	16	static
../platform/src/port.c:124:6:reset_DW1000	32	static
../platform/src/port.c:152:6:setup_DW1000RSTnIRQ	40	static
../platform/src/port.c:186:6:port_wakeup_dw1000	8	static
../platform/src/port.c:199:6:port_wakeup_dw1000_fast	16	static
../platform/src/port.c:229:6:port_set_dw1000_slowrate	8	static
../platform/src/port.c:239:6:port_set_dw1000_fastrate	8	static
../platform/src/port.c:266:6:HAL_GPIO_EXTI_Callback	16	static
../platform/src/port.c:279:15:process_deca_irq	8	static
../platform/src/port.c:294:15:port_DisableEXT_IRQ	8	static
../platform/src/port.c:303:15:port_EnableEXT_IRQ	8	static
../platform/src/port.c:312:19:port_GetEXT_IRQStatus	8	static
../platform/src/port.c:321:19:port_CheckEXT_IRQ	8	static
../platform/src/port.c:365:6:port_set_deca_isr	24	static
