../Core/Src/main.c:87:5:main	256	static
../Core/Src/main.c:221:6:SystemClock_Config	112	static
../Core/Src/main.c:273:13:MX_ADC_Init	24	static
../Core/Src/main.c:327:13:MX_SPI1_Init	8	static
../Core/Src/main.c:367:13:MX_SPI2_Init	8	static
../Core/Src/main.c:407:13:MX_TIM3_Init	32	static
../Core/Src/main.c:452:13:MX_USART1_UART_Init	8	static
../Core/Src/main.c:486:13:MX_DMA_Init	16	static
../Core/Src/main.c:504:13:MX_GPIO_Init	48	static
../Core/Src/main.c:576:6:HAL_UARTEx_RxEventCallback	24	static
../Core/Src/main.c:620:6:Error_Handler	8	static,ignoring_inline_asm
