../Core/Src/main.c:87:5:main	168	static
../Core/Src/main.c:228:6:SystemClock_Config	112	static
../Core/Src/main.c:280:13:MX_ADC_Init	24	static
../Core/Src/main.c:334:13:MX_SPI1_Init	8	static
../Core/Src/main.c:374:13:MX_SPI2_Init	8	static
../Core/Src/main.c:414:13:MX_TIM3_Init	32	static
../Core/Src/main.c:459:13:MX_USART1_UART_Init	8	static
../Core/Src/main.c:493:13:MX_DMA_Init	16	static
../Core/Src/main.c:511:13:MX_GPIO_Init	48	static
../Core/Src/main.c:583:6:HAL_UARTEx_RxEventCallback	24	static
../Core/Src/main.c:634:6:Error_Handler	8	static,ignoring_inline_asm
