../TFT_Library/LCD/lcd.c:173:13:setSPI_Size	16	static
../TFT_Library/LCD/lcd.c:204:13:setDMAMemMode	16	static
../TFT_Library/LCD/lcd.c:270:13:LCD_WriteCommand	16	static
../TFT_Library/LCD/lcd.c:294:13:LCD_WriteData	32	static
../TFT_Library/LCD/lcd.c:361:6:LCD_SetRotation	24	static
../TFT_Library/LCD/lcd.c:406:13:LCD_SetAddressWindow	64	static
../TFT_Library/LCD/lcd.c:434:6:LCD_DrawPixel	32	static
../TFT_Library/LCD/lcd.c:465:6:LCD_FillPixels	88	static
../TFT_Library/LCD/lcd.c:494:8:LCD_FillArea	24	static
../TFT_Library/LCD/lcd.c:522:8:LCD_Fill	32	static
../TFT_Library/LCD/lcd.c:547:6:LCD_DrawImage	40	static
../TFT_Library/LCD/lcd.c:581:8:LCD_DrawLine	40	static
../TFT_Library/LCD/lcd.c:602:6:LCD_PutChar	48	static
../TFT_Library/LCD/lcd.c:608:6:LCD_PutStr	40	static
../TFT_Library/LCD/lcd.c:620:6:LCD_InvertColors	24	static
../TFT_Library/LCD/lcd.c:631:6:LCD_TearEffect	24	static
../TFT_Library/LCD/lcd.c:637:6:LCD_setPower	24	static
../TFT_Library/LCD/lcd.c:643:13:LCD_Update	8	static
../TFT_Library/LCD/lcd.c:667:6:LCD_init	16	static
../TFT_Library/LCD/lcd.c:700:13:clearTime	8	static
../TFT_Library/LCD/lcd.c:704:13:printTime	32	static
