../USB_DEVICE/App/usbd_cdc_if.c:172:15:CDC_Init_FS	8	static
../USB_DEVICE/App/usbd_cdc_if.c:196:15:CDC_DeInit_FS	8	static
../USB_DEVICE/App/usbd_cdc_if.c:216:15:CDC_Control_FS	16	static
../USB_DEVICE/App/usbd_cdc_if.c:297:15:CDC_Receive_FS	16	static
../USB_DEVICE/App/usbd_cdc_if.c:318:9:CDC_Transmit_FS	32	static
../USB_DEVICE/App/usbd_cdc_if.c:339:6:HAL_TIM_PeriodElapsedCallback	24	static
../USB_DEVICE/App/usbd_cdc_if.c:375:6:HAL_UART_RxCpltCallback	16	static
../USB_DEVICE/App/usbd_cdc_if.c:395:6:HAL_UART_TxCpltCallback	16	static
